ARM Linker, 5.02 [Build 28] [MDK-ARM Standard]

==============================================================================

Section Cross References

    startup_stm32f10x_hd.o(STACK) refers (Special) to heapauxi.o(.text) for __use_two_region_memory
    startup_stm32f10x_hd.o(HEAP) refers (Special) to heapauxi.o(.text) for __use_two_region_memory
    startup_stm32f10x_hd.o(RESET) refers (Special) to heapauxi.o(.text) for __use_two_region_memory
    startup_stm32f10x_hd.o(RESET) refers to startup_stm32f10x_hd.o(STACK) for __initial_sp
    startup_stm32f10x_hd.o(RESET) refers to startup_stm32f10x_hd.o(.text) for Reset_Handler
    startup_stm32f10x_hd.o(RESET) refers to stm32f10x_it.o(.text) for NMI_Handler
    startup_stm32f10x_hd.o(RESET) refers to nrf.o(.text) for EXTI0_IRQHandler
    startup_stm32f10x_hd.o(RESET) refers to hw_config.o(.text) for USB_LP_CAN1_RX0_IRQHandler
    startup_stm32f10x_hd.o(.text) refers (Special) to heapauxi.o(.text) for __use_two_region_memory
    startup_stm32f10x_hd.o(.text) refers to system_stm32f10x.o(.text) for SystemInit
    startup_stm32f10x_hd.o(.text) refers to __main.o(!!!main) for __main
    startup_stm32f10x_hd.o(.text) refers to startup_stm32f10x_hd.o(HEAP) for Heap_Mem
    startup_stm32f10x_hd.o(.text) refers to startup_stm32f10x_hd.o(STACK) for Stack_Mem
    system_stm32f10x.o(.text) refers to system_stm32f10x.o(.data) for SystemCoreClock
    stm32f10x_adc.o(.text) refers to stm32f10x_rcc.o(.text) for RCC_APB2PeriphResetCmd
    stm32f10x_bkp.o(.text) refers to stm32f10x_rcc.o(.text) for RCC_BackupResetCmd
    stm32f10x_can.o(.text) refers to stm32f10x_rcc.o(.text) for RCC_APB1PeriphResetCmd
    stm32f10x_cec.o(.text) refers to stm32f10x_rcc.o(.text) for RCC_APB1PeriphResetCmd
    stm32f10x_dac.o(.text) refers to stm32f10x_rcc.o(.text) for RCC_APB1PeriphResetCmd
    stm32f10x_gpio.o(.text) refers to stm32f10x_rcc.o(.text) for RCC_APB2PeriphResetCmd
    stm32f10x_i2c.o(.text) refers to stm32f10x_rcc.o(.text) for RCC_APB1PeriphResetCmd
    stm32f10x_pwr.o(.text) refers to stm32f10x_rcc.o(.text) for RCC_APB1PeriphResetCmd
    stm32f10x_rcc.o(.text) refers to stm32f10x_rcc.o(.data) for APBAHBPrescTable
    stm32f10x_spi.o(.text) refers to stm32f10x_rcc.o(.text) for RCC_APB2PeriphResetCmd
    stm32f10x_tim.o(.text) refers to stm32f10x_rcc.o(.text) for RCC_APB2PeriphResetCmd
    stm32f10x_usart.o(.text) refers to stm32f10x_rcc.o(.text) for RCC_APB2PeriphResetCmd
    stm32f10x_wwdg.o(.text) refers to stm32f10x_rcc.o(.text) for RCC_APB1PeriphResetCmd
    main.o(.text) refers to rt_memclr_w.o(.text) for __aeabi_memclr4
    main.o(.text) refers to gui_basic.o(.text) for GUI_RectangleFill
    main.o(.text) refers to dflt_clz.o(x$fpl$dflt) for __aeabi_i2d
    main.o(.text) refers to dmul.o(x$fpl$dmul) for __aeabi_dmul
    main.o(.text) refers to daddsub_clz.o(x$fpl$dadd) for __aeabi_dadd
    main.o(.text) refers to dleqf.o(x$fpl$dleqf) for __aeabi_cdcmple
    main.o(.text) refers to drleqf.o(x$fpl$drleqf) for __aeabi_cdrcmple
    main.o(.text) refers to dfix.o(x$fpl$dfix) for __aeabi_d2iz
    main.o(.text) refers to oled.o(.text) for OLED_Refresh_Gram
    main.o(.text) refers to delay.o(.text) for delay_us
    main.o(.text) refers to usart.o(.text) for my_itoa
    main.o(.text) refers to ffix.o(x$fpl$ffix) for __aeabi_f2iz
    main.o(.text) refers to rc_mine.o(.bss) for plane
    main.o(.text) refers to main.o(.data) for cx
    main.o(.text) refers to adc.o(.bss) for adc_rc
    main.o(.text) refers to fflt_clz.o(x$fpl$fflt) for __aeabi_i2f
    main.o(.text) refers to faddsub_clz.o(x$fpl$fadd) for __aeabi_fadd
    main.o(.text) refers to rc_mine.o(.data) for pos_mode
    main.o(.text) refers to main.o(.bss) for sub_sel
    main.o(.text) refers to fleqf.o(x$fpl$fleqf) for __aeabi_cfcmple
    main.o(.text) refers to frleqf.o(x$fpl$frleqf) for __aeabi_cfrcmple
    main.o(.text) refers to fdiv.o(x$fpl$fdiv) for __aeabi_fdiv
    main.o(.text) refers to fmul.o(x$fpl$fmul) for __aeabi_fmul
    main.o(.text) refers to ffixu.o(x$fpl$ffixu) for __aeabi_f2uiz
    main.o(.text) refers to faddsub_clz.o(x$fpl$fsub) for __aeabi_fsub
    main.o(.text) refers to f2d.o(x$fpl$f2d) for __aeabi_f2d
    main.o(.text) refers to cos.o(i.cos) for cos
    main.o(.text) refers to d2f.o(x$fpl$d2f) for __aeabi_d2f
    main.o(.text) refers to sin.o(i.sin) for sin
    main.o(.text) refers to mymath.o(.text) for my_sqrt
    main.o(.text) refers to beep.o(.text) for Play_Music_Task
    main.o(.text) refers to adc.o(.text) for Adc_Init
    main.o(.text) refers to spi.o(.text) for SPI1_Init
    main.o(.text) refers to flash.o(.text) for Parameter_Init
    main.o(.text) refers to nrf.o(.text) for Nrf24l01_Init
    main.o(.text) refers to mpu9250.o(.text) for Mpu9250_Init
    main.o(.text) refers to key.o(.text) for keyInit
    main.o(.text) refers to hw_config.o(.text) for usb_vcp_init
    main.o(.text) refers to timer.o(.text) for Time4ON
    main.o(.text) refers to fflt_clz.o(x$fpl$ffltu) for __aeabi_ui2f
[...]
    SetContrastControl                       0x0800c6e7   Thumb Code    18  oled.o(.text)
    Set_Charge_Pump                          0x0800c6f9   Thumb Code    20  oled.o(.text)
    Set_Segment_Remap                        0x0800c70d   Thumb Code    14  oled.o(.text)
    Set_Entire_Display                       0x0800c71b   Thumb Code    14  oled.o(.text)
    Set_Inverse_Display                      0x0800c729   Thumb Code    14  oled.o(.text)
    Set_Multiplex_Ratio                      0x0800c737   Thumb Code    18  oled.o(.text)
    Set_Display_On_Off                       0x0800c749   Thumb Code    14  oled.o(.text)
    SetStartPage                             0x0800c757   Thumb Code    14  oled.o(.text)
    Set_Common_Remap                         0x0800c765   Thumb Code    14  oled.o(.text)
    Set_Display_Offset                       0x0800c773   Thumb Code    18  oled.o(.text)
    Set_Display_Clock                        0x0800c785   Thumb Code    18  oled.o(.text)
    Set_Precharge_Period                     0x0800c797   Thumb Code    18  oled.o(.text)
    Set_Common_Config                        0x0800c7a9   Thumb Code    20  oled.o(.text)
    Set_VCOMH                                0x0800c7bd   Thumb Code    18  oled.o(.text)
    Set_NOP                                  0x0800c7cf   Thumb Code    10  oled.o(.text)
    OLED_P6x8Str                             0x0800c7d9   Thumb Code    96  oled.o(.text)
    OLED_P8x16Str                            0x0800c839   Thumb Code   130  oled.o(.text)
    OLED_P14x16Str                           0x0800c8bb   Thumb Code   246  oled.o(.text)
    OLED_Print                               0x0800c9b1   Thumb Code   100  oled.o(.text)
    Dis_Char                                 0x0800ca15   Thumb Code    34  oled.o(.text)
    Dis_String                               0x0800ca37   Thumb Code   104  oled.o(.text)
    Dis_Num                                  0x0800ca9f   Thumb Code   160  oled.o(.text)
    Dis_Float                                0x0800cb3f   Thumb Code   466  oled.o(.text)
    Dis_Float2                               0x0800cd11   Thumb Code   360  oled.o(.text)
    OLED_P8x16Num_8bit                       0x0800ce79   Thumb Code    60  oled.o(.text)
    OLED_P6x8Num_8bit                        0x0800ceb5   Thumb Code    60  oled.o(.text)
    OLED_Num                                 0x0800cef1   Thumb Code    60  oled.o(.text)
    OLED_3num                                0x0800cf2d   Thumb Code    90  oled.o(.text)
    OLED_4num                                0x0800cf87   Thumb Code   134  oled.o(.text)
    OLED_Num5                                0x0800d00d   Thumb Code   152  oled.o(.text)
    lcd_address                              0x0800d0a5   Thumb Code    40  oled.o(.text)
    display_128x64                           0x0800d0cd   Thumb Code    64  oled.o(.text)
    display_128x64_SD                        0x0800d10d   Thumb Code    64  oled.o(.text)
    OLED_Refresh_Gram                        0x0800d14d   Thumb Code    48  oled.o(.text)
    GRAM_CLEAR                               0x0800d17d   Thumb Code    56  oled.o(.text)
    OLED_DrawPoint                           0x0800d1b5   Thumb Code   100  oled.o(.text)
    GUI_Point                                0x0800d21d   Thumb Code    20  gui_basic.o(.text)
    GUI_RLine                                0x0800d231   Thumb Code    46  gui_basic.o(.text)
    GUI_HLine                                0x0800d25f   Thumb Code    46  gui_basic.o(.text)
    GUI_Rectangle                            0x0800d28d   Thumb Code    68  gui_basic.o(.text)
    GUI_RectangleFill                        0x0800d2d1   Thumb Code    98  gui_basic.o(.text)
    GUI_Square                               0x0800d333   Thumb Code    48  gui_basic.o(.text)
    GUI_Line                                 0x0800d363   Thumb Code   234  gui_basic.o(.text)
    GUI_LineS                                0x0800d44d   Thumb Code    88  gui_basic.o(.text)
    GUI_Circle                               0x0800d4a5   Thumb Code   496  gui_basic.o(.text)
    GUI_CircleFill                           0x0800d695   Thumb Code   762  gui_basic.o(.text)
    Tone                                     0x0800d991   Thumb Code   164  beep.o(.text)
    Play_Music                               0x0800da35   Thumb Code   128  beep.o(.text)
    Play_Music_In_Task                       0x0800dab5   Thumb Code   290  beep.o(.text)
    Play_Music_Direct                        0x0800dbd7   Thumb Code    84  beep.o(.text)
    Play_Music_Task                          0x0800dc2b   Thumb Code   134  beep.o(.text)
    Beep_Init                                0x0800dcb1   Thumb Code   180  beep.o(.text)
    Time4ON                                  0x0800ddad   Thumb Code   110  timer.o(.text)
    Time4_IntHandle                          0x0800de1b   Thumb Code   396  timer.o(.text)
    USBWakeUp_IRQHandler                     0x0800dfe1   Thumb Code    12  hw_config.o(.text)
    USB_LP_CAN1_RX0_IRQHandler               0x0800dfed   Thumb Code     8  hw_config.o(.text)
    Set_USBClock                             0x0800dff5   Thumb Code    18  hw_config.o(.text)
    Enter_LowPowerMode                       0x0800e007   Thumb Code     8  hw_config.o(.text)
    Leave_LowPowerMode                       0x0800e00f   Thumb Code    22  hw_config.o(.text)
    USB_Interrupts_Config                    0x0800e025   Thumb Code    84  hw_config.o(.text)
    USB_Cable_Config                         0x0800e079   Thumb Code     2  hw_config.o(.text)
    USB_Port_Set                             0x0800e07b   Thumb Code    74  hw_config.o(.text)
    IntToUnicode                             0x0800e0c5   Thumb Code    62  hw_config.o(.text)
    Get_SerialNum                            0x0800e103   Thumb Code    42  hw_config.o(.text)
    USART_Config                             0x0800e12d   Thumb Code    26  hw_config.o(.text)
    USB_To_USART_Send_Data                   0x0800e147   Thumb Code    88  hw_config.o(.text)
    USB_SendData                             0x0800e19f   Thumb Code    42  hw_config.o(.text)
    usbsendData                              0x0800e1c9   Thumb Code    28  hw_config.o(.text)
    usb_printf                               0x0800e1e5   Thumb Code    56  hw_config.o(.text)
    usb_vcp_init                             0x0800e21d   Thumb Code    34  hw_config.o(.text)
    EP1_IN_Callback                          0x0800e269   Thumb Code   136  usb_endp.o(.text)
    EP3_OUT_Callback                         0x0800e2f1   Thumb Code    28  usb_endp.o(.text)
    SOF_Callback                             0x0800e30d   Thumb Code    38  usb_endp.o(.text)
    USB_Istr                                 0x0800e345   Thumb Code   414  usb_istr.o(.text)
    Virtual_Com_Port_init                    0x0800e505   Thumb Code    30  usb_prop.o(.text)
    Virtual_Com_Port_Reset                   0x0800e523   Thumb Code   216  usb_prop.o(.text)
    Virtual_Com_Port_SetConfiguration        0x0800e5fb   Thumb Code    14  usb_prop.o(.text)
    Virtual_Com_Port_SetDeviceAddress        0x0800e609   Thumb Code     8  usb_prop.o(.text)
    Virtual_Com_Port_Status_In               0x0800e611   Thumb Code    22  usb_prop.o(.text)
    Virtual_Com_Port_Status_Out              0x0800e627   Thumb Code     2  usb_prop.o(.text)
    Virtual_Com_Port_SetLineCoding           0x0800e629   Thumb Code    20  usb_prop.o(.text)
    Virtual_Com_Port_GetLineCoding           0x0800e63d   Thumb Code    20  usb_prop.o(.text)
    Virtual_Com_Port_Data_Setup              0x0800e651   Thumb Code    86  usb_prop.o(.text)
    Virtual_Com_Port_NoData_Setup            0x0800e6a7   Thumb Code    36  usb_prop.o(.text)
    Virtual_Com_Port_GetDeviceDescriptor     0x0800e6cb   Thumb Code    14  usb_prop.o(.text)
    Virtual_Com_Port_GetConfigDescriptor     0x0800e6d9   Thumb Code    14  usb_prop.o(.text)
    Virtual_Com_Port_GetStringDescriptor     0x0800e6e7   Thumb Code    32  usb_prop.o(.text)
    Virtual_Com_Port_Get_Interface_Setting   0x0800e707   Thumb Code    22  usb_prop.o(.text)
    PowerOn                                  0x0800e745   Thumb Code    54  usb_pwr.o(.text)
    PowerOff                                 0x0800e77b   Thumb Code    28  usb_pwr.o(.text)
    Suspend                                  0x0800e797   Thumb Code   134  usb_pwr.o(.text)
    Resume_Init                              0x0800e81d   Thumb Code    30  usb_pwr.o(.text)
    Resume                                   0x0800e83b   Thumb Code   194  usb_pwr.o(.text)
    Standard_GetConfiguration                0x0800e911   Thumb Code    34  usb_core.o(.text)
    Standard_SetConfiguration                0x0800e933   Thumb Code    60  usb_core.o(.text)
    Standard_GetInterface                    0x0800e96f   Thumb Code    34  usb_core.o(.text)
    Standard_SetInterface                    0x0800e991   Thumb Code    96  usb_core.o(.text)
    Standard_GetStatus                       0x0800e9f1   Thumb Code   230  usb_core.o(.text)
    Standard_ClearFeature                    0x0800ead7   Thumb Code   308  usb_core.o(.text)
    Standard_SetEndPointFeature              0x0800ec0b   Thumb Code   168  usb_core.o(.text)
    Standard_SetDeviceFeature                0x0800ecb3   Thumb Code    30  usb_core.o(.text)
    Standard_GetDescriptorData               0x0800ecd1   Thumb Code    32  usb_core.o(.text)
    Post0_Process                            0x0800f211   Thumb Code    54  usb_core.o(.text)
    Setup0_Process                           0x0800f247   Thumb Code   170  usb_core.o(.text)
    SetDeviceAddress                         0x0800f2f1   Thumb Code    66  usb_core.o(.text)
    In0_Process                              0x0800f333   Thumb Code    98  usb_core.o(.text)
    Out0_Process                             0x0800f395   Thumb Code    70  usb_core.o(.text)
    NOP_Process                              0x0800f3db   Thumb Code     2  usb_core.o(.text)
    USB_Init                                 0x0800f405   Thumb Code    36  usb_init.o(.text)
    CTR_LP                                   0x0800f441   Thumb Code   566  usb_int.o(.text)
    CTR_HP                                   0x0800f677   Thumb Code   156  usb_int.o(.text)
    UserToPMABufferCopy                      0x0800f731   Thumb Code    52  usb_mem.o(.text)
    PMAToUserBufferCopy                      0x0800f765   Thumb Code    34  usb_mem.o(.text)
    SetCNTR                                  0x0800f78d   Thumb Code     6  usb_regs.o(.text)
    GetCNTR                                  0x0800f793   Thumb Code     8  usb_regs.o(.text)
    SetISTR                                  0x0800f79b   Thumb Code     8  usb_regs.o(.text)
    GetISTR                                  0x0800f7a3   Thumb Code    10  usb_regs.o(.text)
    GetFNR                                   0x0800f7ad   Thumb Code    10  usb_regs.o(.text)
    SetDADDR                                 0x0800f7b7   Thumb Code     8  usb_regs.o(.text)
    GetDADDR                                 0x0800f7bf   Thumb Code    10  usb_regs.o(.text)
    SetBTABLE                                0x0800f7c9   Thumb Code    14  usb_regs.o(.text)
    GetBTABLE                                0x0800f7d7   Thumb Code    10  usb_regs.o(.text)
    SetENDPOINT                              0x0800f7e1   Thumb Code    10  usb_regs.o(.text)
    GetENDPOINT                              0x0800f7eb   Thumb Code    14  usb_regs.o(.text)
    SetEPType                                0x0800f7f9   Thumb Code    26  usb_regs.o(.text)
    GetEPType                                0x0800f813   Thumb Code    16  usb_regs.o(.text)
    SetEPTxStatus                            0x0800f823   Thumb Code    56  usb_regs.o(.text)
    SetEPRxStatus                            0x0800f85b   Thumb Code    56  usb_regs.o(.text)
    SetDouBleBuffEPStall                     0x0800f893   Thumb Code    50  usb_regs.o(.text)
    GetEPTxStatus                            0x0800f8c5   Thumb Code    16  usb_regs.o(.text)
    GetEPRxStatus                            0x0800f8d5   Thumb Code    16  usb_regs.o(.text)
    SetEPTxValid                             0x0800f8e5   Thumb Code    42  usb_regs.o(.text)
    SetEPRxValid                             0x0800f90f   Thumb Code    42  usb_regs.o(.text)
    SetEP_KIND                               0x0800f939   Thumb Code    34  usb_regs.o(.text)
    ClearEP_KIND                             0x0800f95b   Thumb Code    30  usb_regs.o(.text)
    Clear_Status_Out                         0x0800f979   Thumb Code    30  usb_regs.o(.text)
    Set_Status_Out                           0x0800f997   Thumb Code    34  usb_regs.o(.text)
    SetEPDoubleBuff                          0x0800f9b9   Thumb Code    34  usb_regs.o(.text)
    ClearEPDoubleBuff                        0x0800f9db   Thumb Code    30  usb_regs.o(.text)
    GetTxStallStatus                         0x0800f9f9   Thumb Code    26  usb_regs.o(.text)
    GetRxStallStatus                         0x0800fa13   Thumb Code    28  usb_regs.o(.text)
    ClearEP_CTR_RX                           0x0800fa2f   Thumb Code    28  usb_regs.o(.text)
    ClearEP_CTR_TX                           0x0800fa4b   Thumb Code    24  usb_regs.o(.text)
    ToggleDTOG_RX                            0x0800fa63   Thumb Code    30  usb_regs.o(.text)
    ToggleDTOG_TX                            0x0800fa81   Thumb Code    30  usb_regs.o(.text)
    ClearDTOG_RX                             0x0800fa9f   Thumb Code    44  usb_regs.o(.text)
    ClearDTOG_TX                             0x0800facb   Thumb Code    44  usb_regs.o(.text)
    SetEPAddress                             0x0800faf7   Thumb Code    32  usb_regs.o(.text)
    GetEPAddress                             0x0800fb17   Thumb Code    16  usb_regs.o(.text)
    SetEPTxAddr                              0x0800fb27   Thumb Code    26  usb_regs.o(.text)
    SetEPRxAddr                              0x0800fb41   Thumb Code    28  usb_regs.o(.text)
    GetEPTxAddr                              0x0800fb5d   Thumb Code    32  usb_regs.o(.text)
    GetEPRxAddr                              0x0800fb7d   Thumb Code    24  usb_regs.o(.text)
    SetEPTxCount                             0x0800fb95   Thumb Code    20  usb_regs.o(.text)
    SetEPCountRxReg                          0x0800fba9   Thumb Code    48  usb_regs.o(.text)
    SetEPRxCount                             0x0800fbd9   Thumb Code    68  usb_regs.o(.text)
    GetEPTxCount                             0x0800fc1d   Thumb Code    26  usb_regs.o(.text)
    GetEPRxCount                             0x0800fc37   Thumb Code    26  usb_regs.o(.text)
    SetEPDblBuffAddr                         0x0800fc51   Thumb Code    44  usb_regs.o(.text)
    SetEPDblBuf0Addr                         0x0800fc7d   Thumb Code    24  usb_regs.o(.text)
    SetEPDblBuf1Addr                         0x0800fc95   Thumb Code    26  usb_regs.o(.text)
    GetEPDblBuf0Addr                         0x0800fcaf   Thumb Code    22  usb_regs.o(.text)
    GetEPDblBuf1Addr                         0x0800fcc5   Thumb Code    24  usb_regs.o(.text)
    SetEPDblBuffCount                        0x0800fcdd   Thumb Code   186  usb_regs.o(.text)
    SetEPDblBuf0Count                        0x0800fd97   Thumb Code    96  usb_regs.o(.text)
    SetEPDblBuf1Count                        0x0800fdf7   Thumb Code    96  usb_regs.o(.text)
    GetEPDblBuf0Count                        0x0800fe57   Thumb Code    26  usb_regs.o(.text)
    GetEPDblBuf1Count                        0x0800fe71   Thumb Code    26  usb_regs.o(.text)
    GetEPDblBufDir                           0x0800fe8b   Thumb Code    62  usb_regs.o(.text)
    FreeUserBuffer                           0x0800fec9   Thumb Code    68  usb_regs.o(.text)
    ToWord                                   0x0800ff0d   Thumb Code     8  usb_regs.o(.text)
    ByteSwap                                 0x0800ff15   Thumb Code    12  usb_regs.o(.text)
    USB_SIL_Init                             0x0800ff29   Thumb Code    28  usb_sil.o(.text)
    USB_SIL_Write                            0x0800ff45   Thumb Code    46  usb_sil.o(.text)
    USB_SIL_Read                             0x0800ff73   Thumb Code    46  usb_sil.o(.text)
    __c89vsprintf                            0x0800ffa9   Thumb Code    32  c89vsprintf.o(.text)
    strlen                                   0x0800ffcd   Thumb Code    62  strlen.o(.text)
    __aeabi_memclr4                          0x0801000b   Thumb Code     0  rt_memclr_w.o(.text)
    __aeabi_memclr8                          0x0801000b   Thumb Code     0  rt_memclr_w.o(.text)
    __rt_memclr_w                            0x0801000b   Thumb Code    78  rt_memclr_w.o(.text)
    _memset_w                                0x0801000f   Thumb Code     0  rt_memclr_w.o(.text)
    __use_two_region_memory                  0x08010059   Thumb Code     2  heapauxi.o(.text)
    __rt_heap_escrow$2region                 0x0801005b   Thumb Code     2  heapauxi.o(.text)
    __rt_heap_expand$2region                 0x0801005d   Thumb Code     2  heapauxi.o(.text)
    __read_errno                             0x0801005f   Thumb Code    10  _rserrno.o(.text)
    __set_errno                              0x08010069   Thumb Code    12  _rserrno.o(.text)
    _printf_pre_padding                      0x08010075   Thumb Code    46  _printf_pad.o(.text)
    _printf_post_padding                     0x080100a3   Thumb Code    36  _printf_pad.o(.text)
    _printf_truncate_signed                  0x080100c7   Thumb Code    18  _printf_truncate.o(.text)
    _printf_truncate_unsigned                0x080100d9   Thumb Code    18  _printf_truncate.o(.text)
    _printf_str                              0x080100eb   Thumb Code    82  _printf_str.o(.text)
    _printf_int_dec                          0x0801013d   Thumb Code   102  _printf_dec.o(.text)
    _printf_charcount                        0x080101b5   Thumb Code    42  _printf_charcount.o(.text)
    _printf_char_common                      0x080101eb   Thumb Code    32  _printf_char_common.o(.text)
    _sputc                                   0x08010211   Thumb Code    10  _sputc.o(.text)
    _printf_wctomb                           0x0801021d   Thumb Code   182  _printf_wctomb.o(.text)
    _printf_longlong_dec                     0x080102d9   Thumb Code   104  _printf_longlong_dec.o(.text)
    _printf_longlong_oct                     0x08010351   Thumb Code    76  _printf_oct_int_ll.o(.text)
    _printf_int_oct                          0x0801039d   Thumb Code    24  _printf_oct_int_ll.o(.text)
    _printf_ll_oct                           0x080103b5   Thumb Code    12  _printf_oct_int_ll.o(.text)
    _printf_longlong_hex                     0x080103c9   Thumb Code    92  _printf_hex_int_ll_ptr.o(.text)
    _printf_int_hex                          0x08010425   Thumb Code    28  _printf_hex_int_ll_ptr.o(.text)
    _printf_ll_hex                           0x08010441   Thumb Code    12  _printf_hex_int_ll_ptr.o(.text)
    _printf_hex_ptr                          0x0801044d   Thumb Code    18  _printf_hex_int_ll_ptr.o(.text)
    __printf                                 0x08010465   Thumb Code   390  __printf_flags_ss_wp.o(.text)
    __aeabi_errno_addr                       0x080105f1   Thumb Code     8  rt_errno_addr_intlibspace.o(.text)
    __errno$intlibspace                      0x080105f1   Thumb Code     0  rt_errno_addr_intlibspace.o(.text)
    __rt_errno_addr$intlibspace              0x080105f1   Thumb Code     0  rt_errno_addr_intlibspace.o(.text)
    _ll_udiv10                               0x080105f9   Thumb Code   138  lludiv10.o(.text)
    _printf_int_common                       0x08010683   Thumb Code   184  _printf_intcommon.o(.text)
    __lib_sel_fp_printf                      0x0801073b   Thumb Code     2  _printf_fp_dec.o(.text)
    _printf_fp_dec_real                      0x080108e7   Thumb Code   628  _printf_fp_dec.o(.text)
    _printf_cs_common                        0x08010b5b   Thumb Code    20  _printf_char.o(.text)
    _printf_char                             0x08010b6f   Thumb Code    16  _printf_char.o(.text)
    _printf_string                           0x08010b7f   Thumb Code     8  _printf_char.o(.text)
    _printf_lcs_common                       0x08010b87   Thumb Code    20  _printf_wchar.o(.text)
    _printf_wchar                            0x08010b9b   Thumb Code    16  _printf_wchar.o(.text)
    _printf_wstring                          0x08010bab   Thumb Code     8  _printf_wchar.o(.text)
    _wcrtomb                                 0x08010bb3   Thumb Code    64  _wcrtomb.o(.text)
    __user_libspace                          0x08010bf5   Thumb Code     8  libspace.o(.text)
    __user_perproc_libspace                  0x08010bf5   Thumb Code     0  libspace.o(.text)
    __user_perthread_libspace                0x08010bf5   Thumb Code     0  libspace.o(.text)
    __user_setup_stackheap                   0x08010bfd   Thumb Code    74  sys_stackheap_outer.o(.text)
    __rt_ctype_table                         0x08010c49   Thumb Code    16  rt_ctype_table.o(.text)
    __rt_locale                              0x08010c59   Thumb Code     8  rt_locale_intlibspace.o(.text)
    _printf_fp_infnan                        0x08010c61   Thumb Code   112  _printf_fp_infnan.o(.text)
    _btod_etento                             0x08010ce1   Thumb Code   222  bigflt0.o(.text)
    exit                                     0x08010dc5   Thumb Code    12  exit.o(.text)
    strcmp                                   0x08010dd1   Thumb Code   128  strcmpv7m.o(.text)
    _sys_exit                                0x08010e51   Thumb Code     8  sys_exit.o(.text)
    __I$use$semihosting                      0x08010e5d   Thumb Code     0  use_no_semi.o(.text)
    __use_no_semihosting_swi                 0x08010e5d   Thumb Code     2  use_no_semi.o(.text)
    __semihosting_library_function           0x08010e5f   Thumb Code     0  indicate_semi.o(.text)
    _btod_d2e                                0x08010e5f   Thumb Code    62  btod.o(CL$$btod_d2e)
    _d2e_denorm_low                          0x08010e9d   Thumb Code    70  btod.o(CL$$btod_d2e_denorm_low)
    _d2e_norm_op1                            0x08010ee3   Thumb Code    96  btod.o(CL$$btod_d2e_norm_op1)
    __btod_div_common                        0x08010f43   Thumb Code   696  btod.o(CL$$btod_div_common)
    _e2e                                     0x0801127b   Thumb Code   198  btod.o(CL$$btod_e2e)
    _btod_ediv                               0x08011341   Thumb Code    40  btod.o(CL$$btod_ediv)
    _btod_emul                               0x08011369   Thumb Code    40  btod.o(CL$$btod_emul)
    __btod_mult_common                       0x08011391   Thumb Code   580  btod.o(CL$$btod_mult_common)
    __ARM_fpclassify                         0x080115d5   Thumb Code    40  fpclassify.o(i.__ARM_fpclassify)
    __ieee754_rem_pio2                       0x080115fd   Thumb Code   832  rred.o(i.__ieee754_rem_pio2)
    __kernel_cos                             0x08011985   Thumb Code   230  cos_i.o(i.__kernel_cos)
    __kernel_poly                            0x08011a81   Thumb Code   170  poly.o(i.__kernel_poly)
    __kernel_sin                             0x08011b2d   Thumb Code   224  sin_i.o(i.__kernel_sin)
    __mathlib_dbl_underflow                  0x08011c19   Thumb Code    10  dunder.o(i.__mathlib_dbl_underflow)
    _is_digit                                0x08011c29   Thumb Code    14  __printf_wp.o(i._is_digit)
    asin                                     0x08011c39   Thumb Code   584  asin.o(i.asin)
    cos                                      0x08011eb5   Thumb Code   164  cos.o(i.cos)
    sin                                      0x08011f61   Thumb Code   166  sin.o(i.sin)
    sqrt                                     0x08012011   Thumb Code    78  sqrt.o(i.sqrt)
    _get_lc_numeric                          0x08012061   Thumb Code    44  lc_numeric_c.o(locale$$code)
    _get_lc_ctype                            0x0801208d   Thumb Code    44  lc_ctype_c.o(locale$$code)
    __aeabi_d2f                              0x080120b9   Thumb Code     0  d2f.o(x$fpl$d2f)
    _d2f                                     0x080120b9   Thumb Code    98  d2f.o(x$fpl$d2f)
    __aeabi_dadd                             0x0801211d   Thumb Code     0  daddsub_clz.o(x$fpl$dadd)
    _dadd                                    0x0801211d   Thumb Code   332  daddsub_clz.o(x$fpl$dadd)
    __fpl_dcheck_NaN1                        0x0801226d   Thumb Code    10  dcheck1.o(x$fpl$dcheck1)
    __fpl_dcmp_Inf                           0x0801227d   Thumb Code    24  dcmpi.o(x$fpl$dcmpinf)
    __aeabi_ddiv                             0x08012295   Thumb Code     0  ddiv.o(x$fpl$ddiv)
    _ddiv                                    0x08012295   Thumb Code   552  ddiv.o(x$fpl$ddiv)
    __aeabi_d2iz                             0x08012545   Thumb Code     0  dfix.o(x$fpl$dfix)
    _dfix                                    0x08012545   Thumb Code    94  dfix.o(x$fpl$dfix)
    __aeabi_d2uiz                            0x080125a5   Thumb Code     0  dfixu.o(x$fpl$dfixu)
    _dfixu                                   0x080125a5   Thumb Code    90  dfixu.o(x$fpl$dfixu)
    __aeabi_i2d                              0x080125ff   Thumb Code     0  dflt_clz.o(x$fpl$dflt)
    _dflt                                    0x080125ff   Thumb Code    46  dflt_clz.o(x$fpl$dflt)
    __aeabi_ui2d                             0x0801262d   Thumb Code     0  dflt_clz.o(x$fpl$dfltu)
    _dfltu                                   0x0801262d   Thumb Code    38  dflt_clz.o(x$fpl$dfltu)
    __aeabi_cdcmple                          0x08012655   Thumb Code     0  dleqf.o(x$fpl$dleqf)
    _dcmple                                  0x08012655   Thumb Code   120  dleqf.o(x$fpl$dleqf)
    __fpl_dcmple_InfNaN                      0x080126b7   Thumb Code     0  dleqf.o(x$fpl$dleqf)
    __aeabi_dmul                             0x080126cd   Thumb Code     0  dmul.o(x$fpl$dmul)
    _dmul                                    0x080126cd   Thumb Code   332  dmul.o(x$fpl$dmul)
    __fpl_dnaninf                            0x08012821   Thumb Code   156  dnaninf.o(x$fpl$dnaninf)
    __fpl_dretinf                            0x080128bd   Thumb Code    12  dretinf.o(x$fpl$dretinf)
    __aeabi_cdrcmple                         0x080128c9   Thumb Code     0  drleqf.o(x$fpl$drleqf)
    _drcmple                                 0x080128c9   Thumb Code   108  drleqf.o(x$fpl$drleqf)
    __aeabi_drsub                            0x08012935   Thumb Code     0  daddsub_clz.o(x$fpl$drsb)
    _drsb                                    0x08012935   Thumb Code    22  daddsub_clz.o(x$fpl$drsb)
    _dsqrt                                   0x0801294d   Thumb Code   456  dsqrt_noumaal.o(x$fpl$dsqrt)
    __aeabi_dsub                             0x08012b19   Thumb Code     0  daddsub_clz.o(x$fpl$dsub)
    _dsub                                    0x08012b19   Thumb Code   464  daddsub_clz.o(x$fpl$dsub)
    __aeabi_f2d                              0x08012ced   Thumb Code     0  f2d.o(x$fpl$f2d)
    _f2d                                     0x08012ced   Thumb Code    86  f2d.o(x$fpl$f2d)
    __aeabi_fadd                             0x08012d45   Thumb Code     0  faddsub_clz.o(x$fpl$fadd)
    _fadd                                    0x08012d45   Thumb Code   196  faddsub_clz.o(x$fpl$fadd)
    __fpl_fcmp_Inf                           0x08012e09   Thumb Code    24  fcmpi.o(x$fpl$fcmpinf)
    __aeabi_fdiv                             0x08012e21   Thumb Code     0  fdiv.o(x$fpl$fdiv)
    _fdiv                                    0x08012e21   Thumb Code   384  fdiv.o(x$fpl$fdiv)
    __aeabi_cfcmpeq                          0x08012fa5   Thumb Code     0  feqf.o(x$fpl$feqf)
    _fcmpeq                                  0x08012fa5   Thumb Code   104  feqf.o(x$fpl$feqf)
    __aeabi_f2iz                             0x0801300d   Thumb Code     0  ffix.o(x$fpl$ffix)
    _ffix                                    0x0801300d   Thumb Code    54  ffix.o(x$fpl$ffix)
    __aeabi_f2uiz                            0x08013045   Thumb Code     0  ffixu.o(x$fpl$ffixu)
    _ffixu                                   0x08013045   Thumb Code    62  ffixu.o(x$fpl$ffixu)
    __aeabi_i2f                              0x08013085   Thumb Code     0  fflt_clz.o(x$fpl$fflt)
    _fflt                                    0x08013085   Thumb Code    48  fflt_clz.o(x$fpl$fflt)
    __aeabi_ui2f                             0x080130b5   Thumb Code     0  fflt_clz.o(x$fpl$ffltu)
    _ffltu                                   0x080130b5   Thumb Code    38  fflt_clz.o(x$fpl$ffltu)
    __aeabi_cfcmple                          0x080130dd   Thumb Code     0  fleqf.o(x$fpl$fleqf)
    _fcmple                                  0x080130dd   Thumb Code   104  fleqf.o(x$fpl$fleqf)
    __fpl_fcmple_InfNaN                      0x0801312f   Thumb Code     0  fleqf.o(x$fpl$fleqf)
    __aeabi_fmul                             0x08013145   Thumb Code     0  fmul.o(x$fpl$fmul)
    _fmul                                    0x08013145   Thumb Code   258  fmul.o(x$fpl$fmul)
    __fpl_fnaninf                            0x08013247   Thumb Code   140  fnaninf.o(x$fpl$fnaninf)
    __fpl_fretinf                            0x080132d3   Thumb Code    10  fretinf.o(x$fpl$fretinf)
    __aeabi_cfrcmple                         0x080132dd   Thumb Code     0  frleqf.o(x$fpl$frleqf)
    _frcmple                                 0x080132dd   Thumb Code    98  frleqf.o(x$fpl$frleqf)
    __aeabi_frsub                            0x0801333f   Thumb Code     0  faddsub_clz.o(x$fpl$frsb)
    _frsb                                    0x0801333f   Thumb Code    20  faddsub_clz.o(x$fpl$frsb)
    __aeabi_fsub                             0x08013355   Thumb Code     0  faddsub_clz.o(x$fpl$fsub)
    _fsub                                    0x08013355   Thumb Code   234  faddsub_clz.o(x$fpl$fsub)
    _printf_fp_dec                           0x0801343f   Thumb Code     4  printf1.o(x$fpl$printf1)
    __fpl_return_NaN                         0x08013443   Thumb Code   100  retnan.o(x$fpl$retnan)
    __ARM_scalbn                             0x080134a7   Thumb Code    92  scalbn.o(x$fpl$scalbn)
    __fpl_cmpreturn                          0x08013503   Thumb Code    48  trapv.o(x$fpl$trapveneer)
    F6x8                                     0x08013532   Data         552  oled.o(.constdata)
    __I$use$fp                               0x08013532   Number         0  usenofp.o(x$fpl$usenofp)
    F14x16_Idx                               0x0801375a   Data          31  oled.o(.constdata)
    F14x16                                   0x08013779   Data         420  oled.o(.constdata)
    F8X16                                    0x0801391d   Data        1520  oled.o(.constdata)
    Virtual_Com_Port_DeviceDescriptor        0x08013f0d   Data          18  usb_desc.o(.constdata)
    Virtual_Com_Port_ConfigDescriptor        0x08013f1f   Data          67  usb_desc.o(.constdata)
    Virtual_Com_Port_StringLangID            0x08013f62   Data           4  usb_desc.o(.constdata)
    Virtual_Com_Port_StringVendor            0x08013f66   Data          38  usb_desc.o(.constdata)
    Virtual_Com_Port_StringProduct           0x08013f8c   Data          50  usb_desc.o(.constdata)
    Region$$Table$$Base                      0x0801420c   Number         0  anon$$obj.o(Region$$Table)
    Region$$Table$$Limit                     0x0801422c   Number         0  anon$$obj.o(Region$$Table)
    __ctype                                  0x08014255   Data           0  lc_ctype_c.o(locale$$data)
    SystemCoreClock                          0x20000000   Data           4  system_stm32f10x.o(.data)
    AHBPrescTable                            0x20000004   Data          16  system_stm32f10x.o(.data)
    CHANNAL                                  0x200002f0   Data           1  main.o(.data)
    time_fly                                 0x200002f4   Data          20  main.o(.data)
    moniter_sel                              0x20000308   Data           4  main.o(.data)
    key_sel_down                             0x2000030c   Data           2  main.o(.data)
    rst_screen                               0x2000030e   Data           1  main.o(.data)
    module                                   0x20000350   Data           4  main.o(.data)
    mode_rc                                  0x20000354   Data           3  main.o(.data)
    off_att                                  0x20000358   Data           8  main.o(.data)
    SendBuff                                 0x20000360   Data          20  usart.o(.data)
    uart_test                                0x20000374   Data           4  usart.o(.data)
    dma_can_tx                               0x20000378   Data           1  usart.o(.data)
    Addr_485                                 0x20000379   Data           1  usart.o(.data)
    open_lock1                               0x2000037a   Data           1  usart.o(.data)
    off_flow_pos                             0x2000037c   Data           8  data_transfer.o(.data)
    flash_save_en_cnt                        0x20000384   Data           2  data_transfer.o(.data)
    checkdata_to_send                        0x200003af   Data           1  data_transfer.o(.data)
    checksum_to_send                         0x200003b0   Data           1  data_transfer.o(.data)
    acc_3d_calibrate_f                       0x200003b1   Data           1  data_transfer.o(.data)
    acc_3d_step                              0x200003b2   Data           1  data_transfer.o(.data)
    TX_ADDRESS                               0x200003b8   Data           5  nrf.o(.data)
    RX_ADDRESS                               0x200003bd   Data           5  nrf.o(.data)
    rc_off                                   0x200003c4   Data           8  adc.o(.data)
    k_bat                                    0x200003cc   Data           4  adc.o(.data)
    k_t                                      0x200003d0   Data           4  adc.o(.data)
    rc_init                                  0x200003d4   Data           8  adc.o(.data)
    key_o                                    0x200003e0   Data           5  key.o(.data)
    sum_temp_att                             0x200003e8   Data           8  mpu9250.o(.data)
    acc_sum_cnt                              0x200003f0   Data           2  mpu9250.o(.data)
    acc_sum_cnt_3d                           0x200003f2   Data           2  mpu9250.o(.data)
    acc_smple_cnt_3d                         0x200003f4   Data           2  mpu9250.o(.data)
    gyro_sum_cnt                             0x200003f6   Data           2  mpu9250.o(.data)
    filter_cnt                               0x200003f8   Data           1  mpu9250.o(.data)
    filter_cnt_old                           0x200003f9   Data           1  mpu9250.o(.data)
    test_ang                                 0x200003fc   Data           4  mpu9250.o(.data)
    test_ang_old                             0x20000400   Data           4  mpu9250.o(.data)
    rawAccel                                 0x20000406   Data           6  mpu9250.o(.data)
    rawGyro                                  0x2000040c   Data           6  mpu9250.o(.data)
    rawMag                                   0x20000412   Data           6  mpu9250.o(.data)
    rawMPU6050Temperature                    0x20000418   Data           2  mpu9250.o(.data)
    test_ang_d                               0x2000041c   Data           4  mpu9250.o(.data)
    test_fli_a                               0x20000420   Data           4  mpu9250.o(.data)
    test_i                                   0x20000424   Data           4  mpu9250.o(.data)
    ref_q                                    0x20000428   Data          16  imu.o(.data)
    ref_q_imd_down_fc                        0x20000438   Data          16  imu.o(.data)
    beta                                     0x20000448   Data           4  imu.o(.data)
    q0_m                                     0x2000044c   Data           4  imu.o(.data)
    q1_m                                     0x20000450   Data           4  imu.o(.data)
    q2_m                                     0x20000454   Data           4  imu.o(.data)
    q3_m                                     0x20000458   Data           4  imu.o(.data)
    q0                                       0x2000045c   Data           4  imu.o(.data)
    q1                                       0x20000460   Data           4  imu.o(.data)
    q2                                       0x20000464   Data           4  imu.o(.data)
    q3                                       0x20000468   Data           4  imu.o(.data)
    q0_fc                                    0x2000046c   Data           4  imu.o(.data)
    q1_fc                                    0x20000470   Data           4  imu.o(.data)
    q2_fc                                    0x20000474   Data           4  imu.o(.data)
    q3_fc                                    0x20000478   Data           4  imu.o(.data)
    init_q                                   0x2000047c   Data           1  imu.o(.data)
    beta_start                               0x20000480   Data           4  imu.o(.data)
    beta_end                                 0x20000484   Data           4  imu.o(.data)
    beta_step                                0x20000488   Data           4  imu.o(.data)
    accConfidenceDecay                       0x2000048c   Data           4  imu.o(.data)
    hmlConfidenceDecay                       0x20000490   Data           4  imu.o(.data)
    accConfidence                            0x20000494   Data           4  imu.o(.data)
    hmlConfidence                            0x20000498   Data           4  imu.o(.data)
    hmlOneMAG                                0x2000049c   Data           4  imu.o(.data)
    Kp_use                                   0x200004ac   Data           4  imu.o(.data)
    Roll                                     0x200004b0   Data           4  imu.o(.data)
    Pitch                                    0x200004b4   Data           4  imu.o(.data)
    Yaw                                      0x200004b8   Data           4  imu.o(.data)
    Roll_mid_down                            0x200004bc   Data           4  imu.o(.data)
    Pitch_mid_down                           0x200004c0   Data           4  imu.o(.data)
    Yaw_mid_down                             0x200004c4   Data           4  imu.o(.data)
    Rol_fc                                   0x200004c8   Data           4  imu.o(.data)
    Pit_fc                                   0x200004cc   Data           4  imu.o(.data)
    Yaw_fc                                   0x200004d0   Data           4  imu.o(.data)
    norm_acc                                 0x200004d4   Data           4  imu.o(.data)
    norm_q                                   0x200004d8   Data           4  imu.o(.data)
    norm_acc_lpf                             0x200004dc   Data           4  imu.o(.data)
    mag_norm                                 0x200004e0   Data           4  imu.o(.data)
    mag_norm_xyz                             0x200004e4   Data           4  imu.o(.data)
    acc_ng_cali                              0x200004e8   Data           1  imu.o(.data)
    yaw_mag                                  0x200004ec   Data           4  imu.o(.data)
    norm_hml_view                            0x200004f0   Data           4  imu.o(.data)
    init_hml_norm                            0x200004f4   Data           1  imu.o(.data)
    init_hml_norm_cnt                        0x200004f6   Data           2  imu.o(.data)
    fast_atan_table                          0x200004f8   Data        1028  mymath.o(.data)
    FLASHStatus                              0x200008fc   Data           1  flash.o(.data)
    flash                                    0x20000900   Data           4  flash.o(.data)
    send_pid                                 0x20000908   Data           1  rc_mine.o(.data)
    key_rc                                   0x20000909   Data           6  rc_mine.o(.data)
    Yaw_sb_rc                                0x20000910   Data           2  rc_mine.o(.data)
    cnt_rst                                  0x20000912   Data           1  rc_mine.o(.data)
    delta_pitch                              0x20000913   Data           1  rc_mine.o(.data)
    delta_roll                               0x20000914   Data           1  rc_mine.o(.data)
    delta_yew                                0x20000915   Data           1  rc_mine.o(.data)
    bat_fly                                  0x20000916   Data           2  rc_mine.o(.data)
    height_mode                              0x20000918   Data           1  rc_mine.o(.data)
    pos_mode                                 0x20000919   Data           1  rc_mine.o(.data)
    cnt_timer2_r                             0x2000091c   Data           4  rc_mine.o(.data)
    cnt_led_rx                               0x20000920   Data           1  rc_mine.o(.data)
    ax                                       0x20000930   Data           2  rc_mine.o(.data)
    ay                                       0x20000932   Data           2  rc_mine.o(.data)
    az                                       0x20000934   Data           2  rc_mine.o(.data)
    gx                                       0x20000936   Data           2  rc_mine.o(.data)
    gy                                       0x20000938   Data           2  rc_mine.o(.data)
    gz                                       0x2000093a   Data           2  rc_mine.o(.data)
    hx                                       0x2000093c   Data           2  rc_mine.o(.data)
    hy                                       0x2000093e   Data           2  rc_mine.o(.data)
    hz                                       0x20000940   Data           2  rc_mine.o(.data)
    YM                                       0x20000942   Data           2  rc_mine.o(.data)
    PWM1                                     0x20000944   Data           2  rc_mine.o(.data)
    PWM2                                     0x20000946   Data           2  rc_mine.o(.data)
    PWM3                                     0x20000948   Data           2  rc_mine.o(.data)
    PWM4                                     0x2000094a   Data           2  rc_mine.o(.data)
    fix_pit                                  0x2000094c   Data           2  rc_mine.o(.data)
    fix_rol                                  0x2000094e   Data           2  rc_mine.o(.data)
    high_f                                   0x20000950   Data           2  rc_mine.o(.data)
    GPS_W                                    0x20000958   Data           8  rc_mine.o(.data)
    GPS_J                                    0x20000960   Data           8  rc_mine.o(.data)
    data_rate                                0x20000968   Data           1  rc_mine.o(.data)
    fly_mode                                 0x20000969   Data           1  rc_mine.o(.data)
    FIG                                      0x2000096a   Data        1024  oled.o(.data)
    start_music                              0x20000d6c   Data          28  beep.o(.data)
    mems_right_music                         0x20000d88   Data           6  beep.o(.data)
    mems_error_music                         0x20000d8e   Data           8  beep.o(.data)
    rc_reset_music                           0x20000d96   Data           8  beep.o(.data)
    bat_error_music                          0x20000d9e   Data          64  beep.o(.data)
    rc_error_music                           0x20000dde   Data          16  beep.o(.data)
    upload_music                             0x20000dee   Data          10  beep.o(.data)
    start_music_pix                          0x20000df8   Data          18  beep.o(.data)
    Beat_delay                               0x20000e0a   Data          14  beep.o(.data)
    k_beep                                   0x20000e18   Data           4  beep.o(.data)
    tone_init                                0x20000e1c   Data           4  beep.o(.data)
    tone_table                               0x20000e20   Data          48  beep.o(.data)
    test_to24                                0x20000e56   Data           1  beep.o(.data)
    test                                     0x20000e58   Data           1  timer.o(.data)
    test_itoa                                0x20000e6c   Data           3  timer.o(.data)
    Virtual_Com_Port_StringSerial            0x20000e6f   Data          26  usb_desc.o(.data)
    bIntPackSOF                              0x20000e90   Data           1  usb_istr.o(.data)
    esof_counter                             0x20000e94   Data           4  usb_istr.o(.data)
    wCNTR                                    0x20000e98   Data           4  usb_istr.o(.data)
    pEpInt_IN                                0x20000e9c   Data          28  usb_istr.o(.data)
    pEpInt_OUT                               0x20000eb8   Data          28  usb_istr.o(.data)
    wIstr                                    0x20000ed4   Data           2  usb_istr.o(.data)
    Request                                  0x20000ed8   Data           1  usb_prop.o(.data)
    linecoding                               0x20000edc   Data           8  usb_prop.o(.data)
    Device_Table                             0x20000ee4   Data           2  usb_prop.o(.data)
    Device_Property                          0x20000ee8   Data          48  usb_prop.o(.data)
    User_Standard_Requests                   0x20000f18   Data          36  usb_prop.o(.data)
    Device_Descriptor                        0x20000f3c   Data           8  usb_prop.o(.data)
    Config_Descriptor                        0x20000f44   Data           8  usb_prop.o(.data)
    String_Descriptor                        0x20000f4c   Data          32  usb_prop.o(.data)
    bDeviceState                             0x20000f6c   Data           4  usb_pwr.o(.data)
    fSuspendEnabled                          0x20000f70   Data           1  usb_pwr.o(.data)
    remotewakeupon                           0x20000f74   Data           4  usb_pwr.o(.data)
    ResumeS                                  0x20000f78   Data           2  usb_pwr.o(.data)
    Data_Mul_MaxPacketSize                   0x20000f7a   Data           1  usb_core.o(.data)
    StatusInfo                               0x20000f7c   Data           2  usb_core.o(.data)
    EPindex                                  0x20000f80   Data           1  usb_init.o(.data)
    pInformation                             0x20000f84   Data           4  usb_init.o(.data)
    pProperty                                0x20000f88   Data           4  usb_init.o(.data)
    SaveState                                0x20000f8c   Data           2  usb_init.o(.data)
    wInterrupt_Mask                          0x20000f8e   Data           2  usb_init.o(.data)
    pUser_Standard_Requests                  0x20000f90   Data           4  usb_init.o(.data)
    SaveRState                               0x20000f94   Data           2  usb_int.o(.data)
    SaveTState                               0x20000f96   Data           2  usb_int.o(.data)
    sub_sel                                  0x20001298   Data          12  main.o(.bss)
    set                                      0x200012a4   Data          40  main.o(.bss)
    dt                                       0x200012cc   Data          40  main.o(.bss)
    ts                                       0x20001308   Data          16  main.o(.bss)
    set_rc                                   0x20001318   Data          12  main.o(.bss)
    f                                        0x20001360   Data          21  data_transfer.o(.bss)
    data_to_send                             0x20001375   Data          50  data_transfer.o(.bss)
    test_up                                  0x200013a8   Data          20  data_transfer.o(.bss)
    Cycle_T                                  0x200013bc   Data         120  delay.o(.bss)
    NRF24L01_RXDATA                          0x20001434   Data          32  nrf.o(.bss)
    NRF24L01_TXDATA                          0x20001454   Data          32  nrf.o(.bss)
    SPI_InitStructure                        0x20001474   Data          18  spi.o(.bss)
    adc_value                                0x20001488   Data         200  adc.o(.bss)
    adc_rc                                   0x20001550   Data          16  adc.o(.bss)
    sum_temp                                 0x20001560   Data          28  mpu9250.o(.bss)
    sum_temp_3d                              0x2000157c   Data          28  mpu9250.o(.bss)
    orientationMatrix                        0x200015a4   Data          18  mpu9250.o(.bss)
    mpu6050_fc                               0x200015b8   Data         184  mpu9250.o(.bss)
    FILT_BUF                                 0x20001670   Data         154  mpu9250.o(.bss)
    mpu6050_tmp                              0x2000170c   Data          28  mpu9250.o(.bss)
    mpu_fil_tmp                              0x20001728   Data          28  mpu9250.o(.bss)
    reference_v                              0x20001744   Data          12  imu.o(.bss)
    ref                                      0x20001750   Data          60  imu.o(.bss)
    reference_vr_imd_down                    0x2000178c   Data          12  imu.o(.bss)
    reference_vr                             0x20001798   Data          12  imu.o(.bss)
    q_nav                                    0x200017a4   Data          16  imu.o(.bss)
    ref_q_imd_down                           0x200017b4   Data          16  imu.o(.bss)
    mag_sim_3d                               0x200017c4   Data          12  imu.o(.bss)
    acc_3d_hg                                0x200017d0   Data          12  imu.o(.bss)
    acc_ng                                   0x200017dc   Data          12  imu.o(.bss)
    acc_ng_offset                            0x200017e8   Data          12  imu.o(.bss)
    reference_vr_imd_down_fc                 0x200017f4   Data          12  imu.o(.bss)
    DEBUG                                    0x20001800   Data         140  rc_mine.o(.bss)
    CH                                       0x2000188c   Data          20  rc_mine.o(.bss)
    HPIDt                                    0x200018a0   Data          18  rc_mine.o(.bss)
    SPIDt                                    0x200018b2   Data          18  rc_mine.o(.bss)
    ypr                                      0x200018c4   Data          12  rc_mine.o(.bss)
    rc_rate_cnt                              0x200018d0   Data          40  rc_mine.o(.bss)
    HPID                                     0x200018f8   Data          18  rc_mine.o(.bss)
    SPID                                     0x2000190a   Data          18  rc_mine.o(.bss)
    FIX_PID                                  0x2000191c   Data          18  rc_mine.o(.bss)
    NAV_PID                                  0x2000192e   Data          18  rc_mine.o(.bss)
    pid                                      0x20001940   Data         280  rc_mine.o(.bss)
    Rc_Get                                   0x20001a58   Data          20  rc_mine.o(.bss)
    plane                                    0x20001a6c   Data         588  rc_mine.o(.bss)
    slam                                     0x20001cb8   Data          20  rc_mine.o(.bss)
    imu_nav                                  0x20001ccc   Data         108  rc_mine.o(.bss)
    mode                                     0x20001d38   Data          77  rc_mine.o(.bss)
    OLED_GRAM                                0x20001d85   Data        1024  oled.o(.bss)
    flag_ms                                  0x20002185   Data         100  timer.o(.bss)
    uu_txfifo                                0x200021ea   Data         260  hw_config.o(.bss)
    uu_rxfifo                                0x200022ee   Data         260  hw_config.o(.bss)
    USART_PRINTF_Buffer                      0x200023f2   Data         256  hw_config.o(.bss)
    USB_Rx_Buffer                            0x200024f2   Data          64  usb_endp.o(.bss)
    EP                                       0x20002534   Data          32  usb_pwr.o(.bss)
    Device_Info                              0x20002554   Data          28  usb_init.o(.bss)
    __libspace_start                         0x20002570   Data          96  libspace.o(.bss)
    __temporary_stack_top$libspace           0x200025d0   Data           0  libspace.o(.bss)



==============================================================================

Memory Map of the image

  Image Entry point : 0x08000131

  Load Region LR_IROM1 (Base: 0x08000000, Size: 0x000152f0, Max: 0x00080000, ABSOLUTE, COMPRESSED[0x00014bf8])

    Execution Region ER_IROM1 (Base: 0x08000000, Size: 0x00014358, Max: 0x00080000, ABSOLUTE)

    Base Addr    Size         Type   Attr      Idx    E Section Name        Object

    0x08000000   0x00000130   Data   RO            3    RESET               startup_stm32f10x_hd.o
    0x08000130   0x00000008   Code   RO         1206  * !!!main             c_w.l(__main.o)
    0x08000138   0x00000034   Code   RO         1711    !!!scatter          c_w.l(__scatter.o)
    0x0800016c   0x0000005a   Code   RO         1709    !!dczerorl2         c_w.l(__dczerorl2.o)
    0x080001c6   0x00000002   PAD
    0x080001c8   0x0000001c   Code   RO         1713    !!handler_zi        c_w.l(__scatter_zi.o)
    0x080001e4   0x00000000   Code   RO         1396    .ARM.Collect$$_printf_percent$$00000000  c_w.l(_printf_percent.o)
    0x080001e4   0x00000006   Code   RO         1385    .ARM.Collect$$_printf_percent$$00000001  c_w.l(_printf_n.o)
    0x080001ea   0x00000006   Code   RO         1387    .ARM.Collect$$_printf_percent$$00000002  c_w.l(_printf_p.o)
    0x080001f0   0x00000006   Code   RO         1392    .ARM.Collect$$_printf_percent$$00000003  c_w.l(_printf_f.o)
    0x080001f6   0x00000006   Code   RO         1393    .ARM.Collect$$_printf_percent$$00000004  c_w.l(_printf_e.o)
    0x080001fc   0x00000006   Code   RO         1394    .ARM.Collect$$_printf_percent$$00000005  c_w.l(_printf_g.o)
    0x08000202   0x00000006   Code   RO         1395    .ARM.Collect$$_printf_percent$$00000006  c_w.l(_printf_a.o)
    0x08000208   0x0000000a   Code   RO         1400    .ARM.Collect$$_printf_percent$$00000007  c_w.l(_printf_ll.o)
    0x08000212   0x00000006   Code   RO         1389    .ARM.Collect$$_printf_percent$$00000008  c_w.l(_printf_i.o)
    0x08000218   0x00000006   Code   RO         1390    .ARM.Collect$$_printf_percent$$00000009  c_w.l(_printf_d.o)
    0x0800021e   0x00000006   Code   RO         1391    .ARM.Collect$$_printf_percent$$0000000A  c_w.l(_printf_u.o)
    0x08000224   0x00000006   Code   RO         1388    .ARM.Collect$$_printf_percent$$0000000B  c_w.l(_printf_o.o)
    0x0800022a   0x00000006   Code   RO         1386    .ARM.Collect$$_printf_percent$$0000000C  c_w.l(_printf_x.o)
    0x08000230   0x00000006   Code   RO         1397    .ARM.Collect$$_printf_percent$$0000000D  c_w.l(_printf_lli.o)
    0x08000236   0x00000006   Code   RO         1398    .ARM.Collect$$_printf_percent$$0000000E  c_w.l(_printf_lld.o)
    0x0800023c   0x00000006   Code   RO         1399    .ARM.Collect$$_printf_percent$$0000000F  c_w.l(_printf_llu.o)
    0x08000242   0x00000006   Code   RO         1404    .ARM.Collect$$_printf_percent$$00000010  c_w.l(_printf_llo.o)
    0x08000248   0x00000006   Code   RO         1405    .ARM.Collect$$_printf_percent$$00000011  c_w.l(_printf_llx.o)
    0x0800024e   0x0000000a   Code   RO         1401    .ARM.Collect$$_printf_percent$$00000012  c_w.l(_printf_l.o)
    0x08000258   0x00000006   Code   RO         1383    .ARM.Collect$$_printf_percent$$00000013  c_w.l(_printf_c.o)
    0x0800025e   0x00000006   Code   RO         1384    .ARM.Collect$$_printf_percent$$00000014  c_w.l(_printf_s.o)
    0x08000264   0x00000006   Code   RO         1402    .ARM.Collect$$_printf_percent$$00000015  c_w.l(_printf_lc.o)
    0x0800026a   0x00000006   Code   RO         1403    .ARM.Collect$$_printf_percent$$00000016  c_w.l(_printf_ls.o)
    0x08000270   0x00000004   Code   RO         1477    .ARM.Collect$$_printf_percent$$00000017  c_w.l(_printf_percent_end.o)
    0x08000274   0x00000002   Code   RO         1534    .ARM.Collect$$libinit$$00000000  c_w.l(libinit.o)
    0x08000276   0x00000000   Code   RO         1559    .ARM.Collect$$libinit$$00000002  c_w.l(libinit2.o)
    0x08000276   0x00000000   Code   RO         1562    .ARM.Collect$$libinit$$00000008  c_w.l(libinit2.o)
    0x08000276   0x00000000   Code   RO         1564    .ARM.Collect$$libinit$$0000000A  c_w.l(libinit2.o)
    0x08000276   0x00000000   Code   RO         1566    .ARM.Collect$$libinit$$0000000C  c_w.l(libinit2.o)
    0x08000276   0x00000006   Code   RO         1567    .ARM.Collect$$libinit$$0000000D  c_w.l(libinit2.o)
    0x0800027c   0x00000000   Code   RO         1569    .ARM.Collect$$libinit$$0000000F  c_w.l(libinit2.o)
    0x0800027c   0x0000000c   Code   RO         1570    .ARM.Collect$$libinit$$00000010  c_w.l(libinit2.o)
    0x08000288   0x00000000   Code   RO         1571    .ARM.Collect$$libinit$$00000011  c_w.l(libinit2.o)
    0x08000288   0x00000000   Code   RO         1573    .ARM.Collect$$libinit$$00000013  c_w.l(libinit2.o)
    0x08000288   0x0000000a   Code   RO         1574    .ARM.Collect$$libinit$$00000014  c_w.l(libinit2.o)
    0x08000292   0x00000000   Code   RO         1575    .ARM.Collect$$libinit$$00000015  c_w.l(libinit2.o)
    0x08000292   0x00000000   Code   RO         1577    .ARM.Collect$$libinit$$00000017  c_w.l(libinit2.o)
    0x08000292   0x00000000   Code   RO         1579    .ARM.Collect$$libinit$$00000019  c_w.l(libinit2.o)
    0x08000292   0x00000000   Code   RO         1581    .ARM.Collect$$libinit$$0000001B  c_w.l(libinit2.o)
    0x08000292   0x00000000   Code   RO         1583    .ARM.Collect$$libinit$$0000001D  c_w.l(libinit2.o)
    0x08000292   0x00000000   Code   RO         1585    .ARM.Collect$$libinit$$0000001F  c_w.l(libinit2.o)
    0x08000292   0x00000000   Code   RO         1587    .ARM.Collect$$libinit$$00000021  c_w.l(libinit2.o)
    0x08000292   0x00000000   Code   RO         1589    .ARM.Collect$$libinit$$00000023  c_w.l(libinit2.o)
    0x08000292   0x00000000   Code   RO         1593    .ARM.Collect$$libinit$$0000002A  c_w.l(libinit2.o)
    0x08000292   0x00000000   Code   RO         1595    .ARM.Collect$$libinit$$0000002C  c_w.l(libinit2.o)
    0x08000292   0x00000000   Code   RO         1597    .ARM.Collect$$libinit$$0000002E  c_w.l(libinit2.o)
    0x08000292   0x00000000   Code   RO         1599    .ARM.Collect$$libinit$$00000030  c_w.l(libinit2.o)
    0x08000292   0x00000002   Code   RO         1600    .ARM.Collect$$libinit$$00000031  c_w.l(libinit2.o)
    0x08000294   0x00000002   Code   RO         1650    .ARM.Collect$$libshutdown$$00000000  c_w.l(libshutdown.o)
    0x08000296   0x00000000   Code   RO         1664    .ARM.Collect$$libshutdown$$00000003  c_w.l(libshutdown2.o)
    0x08000296   0x00000000   Code   RO         1667    .ARM.Collect$$libshutdown$$00000006  c_w.l(libshutdown2.o)
    0x08000296   0x00000000   Code   RO         1670    .ARM.Collect$$libshutdown$$00000009  c_w.l(libshutdown2.o)
    0x08000296   0x00000000   Code   RO         1672    .ARM.Collect$$libshutdown$$0000000B  c_w.l(libshutdown2.o)
    0x08000296   0x00000000   Code   RO         1675    .ARM.Collect$$libshutdown$$0000000E  c_w.l(libshutdown2.o)
    0x08000296   0x00000002   Code   RO         1676    .ARM.Collect$$libshutdown$$0000000F  c_w.l(libshutdown2.o)
    0x08000298   0x00000000   Code   RO         1312    .ARM.Collect$$rtentry$$00000000  c_w.l(rtentry.o)
    0x08000298   0x00000000   Code   RO         1446    .ARM.Collect$$rtentry$$00000002  c_w.l(rtentry2.o)
    0x08000298   0x00000006   Code   RO         1458    .ARM.Collect$$rtentry$$00000004  c_w.l(rtentry4.o)
    0x0800029e   0x00000000   Code   RO         1448    .ARM.Collect$$rtentry$$00000009  c_w.l(rtentry2.o)
    0x0800029e   0x00000004   Code   RO         1449    .ARM.Collect$$rtentry$$0000000A  c_w.l(rtentry2.o)
    0x080002a2   0x00000000   Code   RO         1451    .ARM.Collect$$rtentry$$0000000C  c_w.l(rtentry2.o)
    0x080002a2   0x00000008   Code   RO         1452    .ARM.Collect$$rtentry$$0000000D  c_w.l(rtentry2.o)
    0x080002aa   0x00000002   Code   RO         1539    .ARM.Collect$$rtexit$$00000000  c_w.l(rtexit.o)
    0x080002ac   0x00000000   Code   RO         1604    .ARM.Collect$$rtexit$$00000002  c_w.l(rtexit2.o)
    0x080002ac   0x00000004   Code   RO         1605    .ARM.Collect$$rtexit$$00000003  c_w.l(rtexit2.o)
    0x080002b0   0x00000006   Code   RO         1606    .ARM.Collect$$rtexit$$00000004  c_w.l(rtexit2.o)
    0x080002b6   0x00000002   PAD
    0x080002b8   0x00000040   Code   RO            4    .text               startup_stm32f10x_hd.o
    0x080002f8   0x000001c8   Code   RO           24    .text               system_stm32f10x.o
    0x080004c0   0x000000dc   Code   RO           70    .text               misc.o
    0x0800059c   0x0000043c   Code   RO           86    .text               stm32f10x_adc.o
    0x080009d8   0x00000250   Code   RO          191    .text               stm32f10x_dma.o
    0x08000c28   0x0000011c   Code   RO          206    .text               stm32f10x_exti.o
    0x08000d44   0x000005b4   Code   RO          218    .text               stm32f10x_flash.o
    0x080012f8   0x00000358   Code   RO          248    .text               stm32f10x_gpio.o
    0x08001650   0x0000039c   Code   RO          305    .text               stm32f10x_rcc.o
    0x080019ec   0x0000030c   Code   RO          349    .text               stm32f10x_spi.o
    0x08001cf8   0x00000e1a   Code   RO          361    .text               stm32f10x_tim.o
    0x08002b12   0x00000002   PAD
    0x08002b14   0x00000408   Code   RO          376    .text               stm32f10x_usart.o
    0x08002f1c   0x00002bb4   Code   RO          403    .text               main.o
    0x08005ad0   0x0000019c   Code   RO          521    .text               stm32f10x_it.o
    0x08005c6c   0x000003f0   Code   RO          540    .text               usart.o
    0x0800605c   0x00001db8   Code   RO          573    .text               data_transfer.o
    0x08007e14   0x000001b8   Code   RO          598    .text               delay.o
    0x08007fcc   0x000002f8   Code   RO          614    .text               nrf.o
    0x080082c4   0x0000036c   Code   RO          640    .text               spi.o
    0x08008630   0x00000590   Code   RO          655    .text               adc.o
    0x08008bc0   0x000000a4   Code   RO          674    .text               key.o
    0x08008c64   0x00000b2c   Code   RO          692    .text               mpu9250.o
    0x08009790   0x00001360   Code   RO          715    .text               imu.o
    0x0800aaf0   0x0000055a   Code   RO          781    .text               mymath.o
    0x0800b04a   0x00000002   PAD
    0x0800b04c   0x000002dc   Code   RO          796    .text               flash.o
    0x0800b328   0x00000f74   Code   RO          815    .text               rc_mine.o
    0x0800c29c   0x00000f80   Code   RO          835    .text               oled.o
    0x0800d21c   0x00000772   Code   RO          855    .text               gui_basic.o
    0x0800d98e   0x00000002   PAD
    0x0800d990   0x0000041c   Code   RO          867    .text               beep.o
    0x0800ddac   0x00000234   Code   RO          882    .text               timer.o
    0x0800dfe0   0x00000288   Code   RO          901    .text               hw_config.o
    0x0800e268   0x000000dc   Code   RO         1022    .text               usb_endp.o
    0x0800e344   0x000001c0   Code   RO         1038    .text               usb_istr.o
    0x0800e504   0x00000240   Code   RO         1056    .text               usb_prop.o
    0x0800e744   0x000001cc   Code   RO         1079    .text               usb_pwr.o
    0x0800e910   0x00000af4   Code   RO         1098    .text               usb_core.o
    0x0800f404   0x0000003c   Code   RO         1113    .text               usb_init.o
    0x0800f440   0x000002f0   Code   RO         1136    .text               usb_int.o
    0x0800f730   0x0000005c   Code   RO         1160    .text               usb_mem.o
    0x0800f78c   0x0000079c   Code   RO         1172    .text               usb_regs.o
    0x0800ff28   0x00000080   Code   RO         1184    .text               usb_sil.o
    0x0800ffa8   0x00000024   Code   RO         1198    .text               c_w.l(c89vsprintf.o)
    0x0800ffcc   0x0000003e   Code   RO         1200    .text               c_w.l(strlen.o)
    0x0801000a   0x0000004e   Code   RO         1202    .text               c_w.l(rt_memclr_w.o)
    0x08010058   0x00000006   Code   RO         1204    .text               c_w.l(heapauxi.o)
    0x0801005e   0x00000016   Code   RO         1313    .text               c_w.l(_rserrno.o)
    0x08010074   0x00000052   Code   RO         1317    .text               c_w.l(_printf_pad.o)
    0x080100c6   0x00000024   Code   RO         1319    .text               c_w.l(_printf_truncate.o)
    0x080100ea   0x00000052   Code   RO         1321    .text               c_w.l(_printf_str.o)
    0x0801013c   0x00000078   Code   RO         1323    .text               c_w.l(_printf_dec.o)
    0x080101b4   0x0000002a   Code   RO         1325    .text               c_w.l(_printf_charcount.o)
    0x080101de   0x00000002   PAD
    0x080101e0   0x00000030   Code   RO         1327    .text               c_w.l(_printf_char_common.o)
    0x08010210   0x0000000a   Code   RO         1329    .text               c_w.l(_sputc.o)
    0x0801021a   0x00000002   PAD
    0x0801021c   0x000000bc   Code   RO         1331    .text               c_w.l(_printf_wctomb.o)
    0x080102d8   0x00000078   Code   RO         1334    .text               c_w.l(_printf_longlong_dec.o)
    0x08010350   0x00000078   Code   RO         1340    .text               c_w.l(_printf_oct_int_ll.o)
    0x080103c8   0x0000009c   Code   RO         1360    .text               c_w.l(_printf_hex_int_ll_ptr.o)
    0x08010464   0x0000018c   Code   RO         1380    .text               c_w.l(__printf_flags_ss_wp.o)
    0x080105f0   0x00000008   Code   RO         1463    .text               c_w.l(rt_errno_addr_intlibspace.o)
    0x080105f8   0x0000008a   Code   RO         1465    .text               c_w.l(lludiv10.o)
    0x08010682   0x000000b8   Code   RO         1467    .text               c_w.l(_printf_intcommon.o)
    0x0801073a   0x00000420   Code   RO         1469    .text               c_w.l(_printf_fp_dec.o)
    0x08010b5a   0x0000002c   Code   RO         1473    .text               c_w.l(_printf_char.o)
    0x08010b86   0x0000002c   Code   RO         1475    .text               c_w.l(_printf_wchar.o)
    0x08010bb2   0x00000040   Code   RO         1478    .text               c_w.l(_wcrtomb.o)
    0x08010bf2   0x00000002   PAD
    0x08010bf4   0x00000008   Code   RO         1482    .text               c_w.l(libspace.o)
    0x08010bfc   0x0000004a   Code   RO         1485    .text               c_w.l(sys_stackheap_outer.o)
    0x08010c46   0x00000002   PAD
    0x08010c48   0x00000010   Code   RO         1487    .text               c_w.l(rt_ctype_table.o)
    0x08010c58   0x00000008   Code   RO         1492    .text               c_w.l(rt_locale_intlibspace.o)
    0x08010c60   0x00000080   Code   RO         1494    .text               c_w.l(_printf_fp_infnan.o)
    0x08010ce0   0x000000e4   Code   RO         1496    .text               c_w.l(bigflt0.o)
    0x08010dc4   0x0000000c   Code   RO         1527    .text               c_w.l(exit.o)
    0x08010dd0   0x00000080   Code   RO         1556    .text               c_w.l(strcmpv7m.o)
    0x08010e50   0x0000000c   Code   RO         1640    .text               c_w.l(sys_exit.o)
    0x08010e5c   0x00000002   Code   RO         1653    .text               c_w.l(use_no_semi.o)
    0x08010e5e   0x00000000   Code   RO         1655    .text               c_w.l(indicate_semi.o)
    0x08010e5e   0x0000003e   Code   RO         1499    CL$$btod_d2e        c_w.l(btod.o)
    0x08010e9c   0x00000046   Code   RO         1501    CL$$btod_d2e_denorm_low  c_w.l(btod.o)
    0x08010ee2   0x00000060   Code   RO         1500    CL$$btod_d2e_norm_op1  c_w.l(btod.o)
    0x08010f42   0x00000338   Code   RO         1509    CL$$btod_div_common  c_w.l(btod.o)
    0x0801127a   0x000000c6   Code   RO         1506    CL$$btod_e2e        c_w.l(btod.o)
    0x08011340   0x00000028   Code   RO         1503    CL$$btod_ediv       c_w.l(btod.o)
    0x08011368   0x00000028   Code   RO         1502    CL$$btod_emul       c_w.l(btod.o)
    0x08011390   0x00000244   Code   RO         1508    CL$$btod_mult_common  c_w.l(btod.o)
    0x080115d4   0x00000028   Code   RO         1430    i.__ARM_fpclassify  m_ws.l(fpclassify.o)
    0x080115fc   0x00000388   Code   RO         1434    i.__ieee754_rem_pio2  m_ws.l(rred.o)
    0x08011984   0x000000fc   Code   RO         1425    i.__kernel_cos      m_ws.l(cos_i.o)
    0x08011a80   0x000000aa   Code   RO         1432    i.__kernel_poly     m_ws.l(poly.o)
    0x08011b2a   0x00000002   PAD
    0x08011b2c   0x000000ec   Code   RO         1439    i.__kernel_sin      m_ws.l(sin_i.o)
    0x08011c18   0x00000010   Code   RO         1428    i.__mathlib_dbl_underflow  m_ws.l(dunder.o)
    0x08011c28   0x0000000e   Code   RO         1373    i._is_digit         c_w.l(__printf_wp.o)
    0x08011c36   0x00000002   PAD
    0x08011c38   0x0000027c   Code   RO         1275    i.asin              m_ws.l(asin.o)
    0x08011eb4   0x000000ac   Code   RO         1285    i.cos               m_ws.l(cos.o)
    0x08011f60   0x000000b0   Code   RO         1297    i.sin               m_ws.l(sin.o)
    0x08012010   0x0000004e   Code   RO         1305    i.sqrt              m_ws.l(sqrt.o)
    0x0801205e   0x00000002   PAD
    0x08012060   0x0000002c   Code   RO         1522    locale$$code        c_w.l(lc_numeric_c.o)
    0x0801208c   0x0000002c   Code   RO         1551    locale$$code        c_w.l(lc_ctype_c.o)
    0x080120b8   0x00000062   Code   RO         1208    x$fpl$d2f           fz_ws.l(d2f.o)
    0x0801211a   0x00000002   PAD
    0x0801211c   0x00000150   Code   RO         1210    x$fpl$dadd          fz_ws.l(daddsub_clz.o)
    0x0801226c   0x00000010   Code   RO         1480    x$fpl$dcheck1       fz_ws.l(dcheck1.o)
    0x0801227c   0x00000018   Code   RO         1406    x$fpl$dcmpinf       fz_ws.l(dcmpi.o)
    0x08012294   0x000002b0   Code   RO         1217    x$fpl$ddiv          fz_ws.l(ddiv.o)
    0x08012544   0x0000005e   Code   RO         1220    x$fpl$dfix          fz_ws.l(dfix.o)
    0x080125a2   0x00000002   PAD
    0x080125a4   0x0000005a   Code   RO         1224    x$fpl$dfixu         fz_ws.l(dfixu.o)
    0x080125fe   0x0000002e   Code   RO         1229    x$fpl$dflt          fz_ws.l(dflt_clz.o)
    0x0801262c   0x00000026   Code   RO         1228    x$fpl$dfltu         fz_ws.l(dflt_clz.o)
    0x08012652   0x00000002   PAD
    0x08012654   0x00000078   Code   RO         1234    x$fpl$dleqf         fz_ws.l(dleqf.o)
    0x080126cc   0x00000154   Code   RO         1236    x$fpl$dmul          fz_ws.l(dmul.o)
    0x08012820   0x0000009c   Code   RO         1408    x$fpl$dnaninf       fz_ws.l(dnaninf.o)
    0x080128bc   0x0000000c   Code   RO         1410    x$fpl$dretinf       fz_ws.l(dretinf.o)
    0x080128c8   0x0000006c   Code   RO         1238    x$fpl$drleqf        fz_ws.l(drleqf.o)
    0x08012934   0x00000016   Code   RO         1211    x$fpl$drsb          fz_ws.l(daddsub_clz.o)
    0x0801294a   0x00000002   PAD
    0x0801294c   0x000001cc   Code   RO         1412    x$fpl$dsqrt         fz_ws.l(dsqrt_noumaal.o)
    0x08012b18   0x000001d4   Code   RO         1212    x$fpl$dsub          fz_ws.l(daddsub_clz.o)
    0x08012cec   0x00000056   Code   RO         1240    x$fpl$f2d           fz_ws.l(f2d.o)
    0x08012d42   0x00000002   PAD
    0x08012d44   0x000000c4   Code   RO         1242    x$fpl$fadd          fz_ws.l(faddsub_clz.o)
    0x08012e08   0x00000018   Code   RO         1414    x$fpl$fcmpinf       fz_ws.l(fcmpi.o)
    0x08012e20   0x00000184   Code   RO         1249    x$fpl$fdiv          fz_ws.l(fdiv.o)
    0x08012fa4   0x00000068   Code   RO         1252    x$fpl$feqf          fz_ws.l(feqf.o)
    0x0801300c   0x00000036   Code   RO         1254    x$fpl$ffix          fz_ws.l(ffix.o)
    0x08013042   0x00000002   PAD
    0x08013044   0x0000003e   Code   RO         1258    x$fpl$ffixu         fz_ws.l(ffixu.o)
    0x08013082   0x00000002   PAD
    0x08013084   0x00000030   Code   RO         1263    x$fpl$fflt          fz_ws.l(fflt_clz.o)
    0x080130b4   0x00000026   Code   RO         1262    x$fpl$ffltu         fz_ws.l(fflt_clz.o)
    0x080130da   0x00000002   PAD
    0x080130dc   0x00000068   Code   RO         1268    x$fpl$fleqf         fz_ws.l(fleqf.o)
    0x08013144   0x00000102   Code   RO         1270    x$fpl$fmul          fz_ws.l(fmul.o)
    0x08013246   0x0000008c   Code   RO         1416    x$fpl$fnaninf       fz_ws.l(fnaninf.o)
    0x080132d2   0x0000000a   Code   RO         1418    x$fpl$fretinf       fz_ws.l(fretinf.o)
    0x080132dc   0x00000062   Code   RO         1272    x$fpl$frleqf        fz_ws.l(frleqf.o)
    0x0801333e   0x00000014   Code   RO         1243    x$fpl$frsb          fz_ws.l(faddsub_clz.o)
    0x08013352   0x00000002   PAD
    0x08013354   0x000000ea   Code   RO         1244    x$fpl$fsub          fz_ws.l(faddsub_clz.o)
    0x0801343e   0x00000004   Code   RO         1420    x$fpl$printf1       fz_ws.l(printf1.o)
    0x08013442   0x00000064   Code   RO         1537    x$fpl$retnan        fz_ws.l(retnan.o)
    0x080134a6   0x0000005c   Code   RO         1422    x$fpl$scalbn        fz_ws.l(scalbn.o)
    0x08013502   0x00000030   Code   RO         1601    x$fpl$trapveneer    fz_ws.l(trapv.o)
    0x08013532   0x00000000   Code   RO         1424    x$fpl$usenofp       fz_ws.l(usenofp.o)
    0x08013532   0x000009db   Data   RO          837    .constdata          oled.o
    0x08013f0d   0x000000b1   Data   RO          978    .constdata          usb_desc.o
    0x08013fbe   0x00000002   PAD
    0x08013fc0   0x00000050   Data   RO         1276    .constdata          m_ws.l(asin.o)
    0x08014010   0x00000008   Data   RO         1332    .constdata          c_w.l(_printf_wctomb.o)
    0x08014018   0x00000028   Data   RO         1361    .constdata          c_w.l(_printf_hex_int_ll_ptr.o)
    0x08014040   0x00000011   Data   RO         1381    .constdata          c_w.l(__printf_flags_ss_wp.o)
    0x08014051   0x00000007   PAD
    0x08014058   0x00000030   Data   RO         1426    .constdata          m_ws.l(cos_i.o)
    0x08014088   0x000000c8   Data   RO         1436    .constdata          m_ws.l(rred.o)
    0x08014150   0x00000028   Data   RO         1440    .constdata          m_ws.l(sin_i.o)
    0x08014178   0x00000094   Data   RO         1497    .constdata          c_w.l(bigflt0.o)
    0x0801420c   0x00000020   Data   RO         1707    Region$$Table       anon$$obj.o
    0x0801422c   0x0000001c   Data   RO         1521    locale$$data        c_w.l(lc_numeric_c.o)
    0x08014248   0x00000110   Data   RO         1550    locale$$data        c_w.l(lc_ctype_c.o)


    Execution Region RW_IRAM1 (Base: 0x20000000, Size: 0x00002bd0, Max: 0x00010000, ABSOLUTE, COMPRESSED[0x000008a0])

    Base Addr    Size         Type   Attr      Idx    E Section Name        Object

    0x20000000   0x00000014   Data   RW           25    .data               system_stm32f10x.o
    0x20000014   0x00000014   Data   RW          306    .data               stm32f10x_rcc.o
    0x20000028   0x00000338   Data   RW          406    .data               main.o
    0x20000360   0x0000001b   Data   RW          542    .data               usart.o
    0x2000037b   0x00000001   PAD
    0x2000037c   0x00000037   Data   RW          575    .data               data_transfer.o
    0x200003b3   0x00000001   PAD
    0x200003b4   0x00000004   Data   RW          600    .data               delay.o
    0x200003b8   0x0000000a   Data   RW          616    .data               nrf.o
    0x200003c2   0x00000002   PAD
    0x200003c4   0x00000018   Data   RW          657    .data               adc.o
    0x200003dc   0x00000009   Data   RW          675    .data               key.o
    0x200003e5   0x00000003   PAD
    0x200003e8   0x00000040   Data   RW          694    .data               mpu9250.o
    0x20000428   0x000000d0   Data   RW          717    .data               imu.o
    0x200004f8   0x00000404   Data   RW          782    .data               mymath.o
    0x200008fc   0x00000008   Data   RW          797    .data               flash.o
    0x20000904   0x00000004   PAD
    0x20000908   0x00000062   Data   RW          817    .data               rc_mine.o
    0x2000096a   0x00000402   Data   RW          838    .data               oled.o
    0x20000d6c   0x000000eb   Data   RW          868    .data               beep.o
    0x20000e57   0x00000001   PAD
    0x20000e58   0x00000017   Data   RW          884    .data               timer.o
    0x20000e6f   0x0000001a   Data   RW          979    .data               usb_desc.o
    0x20000e89   0x00000003   PAD
    0x20000e8c   0x00000004   Data   RW         1024    .data               usb_endp.o
    0x20000e90   0x00000046   Data   RW         1039    .data               usb_istr.o
    0x20000ed6   0x00000002   PAD
    0x20000ed8   0x00000094   Data   RW         1057    .data               usb_prop.o
    0x20000f6c   0x0000000e   Data   RW         1081    .data               usb_pwr.o
    0x20000f7a   0x00000004   Data   RW         1099    .data               usb_core.o
    0x20000f7e   0x00000002   PAD
    0x20000f80   0x00000014   Data   RW         1115    .data               usb_init.o
    0x20000f94   0x00000004   Data   RW         1137    .data               usb_int.o
    0x20000f98   0x0000038c   Zero   RW          404    .bss                main.o
    0x20001324   0x00000098   Zero   RW          574    .bss                data_transfer.o
    0x200013bc   0x00000078   Zero   RW          599    .bss                delay.o
    0x20001434   0x00000040   Zero   RW          615    .bss                nrf.o
    0x20001474   0x00000012   Zero   RW          641    .bss                spi.o
    0x20001486   0x00000002   PAD
    0x20001488   0x000000d8   Zero   RW          656    .bss                adc.o
    0x20001560   0x000001e4   Zero   RW          693    .bss                mpu9250.o
    0x20001744   0x000000bc   Zero   RW          716    .bss                imu.o
    0x20001800   0x00000585   Zero   RW          816    .bss                rc_mine.o
    0x20001d85   0x00000400   Zero   RW          836    .bss                oled.o
    0x20002185   0x00000064   Zero   RW          883    .bss                timer.o
    0x200021e9   0x00000001   PAD
    0x200021ea   0x00000308   Zero   RW          902    .bss                hw_config.o
    0x200024f2   0x00000040   Zero   RW         1023    .bss                usb_endp.o
    0x20002532   0x00000002   PAD
    0x20002534   0x00000020   Zero   RW         1080    .bss                usb_pwr.o
    0x20002554   0x0000001c   Zero   RW         1114    .bss                usb_init.o
    0x20002570   0x00000060   Zero   RW         1483    .bss                c_w.l(libspace.o)
    0x200025d0   0x00000200   Zero   RW            2    HEAP                startup_stm32f10x_hd.o
    0x200027d0   0x00000400   Zero   RW            1    STACK               startup_stm32f10x_hd.o


==============================================================================

Image component sizes


      Code (inc. data)   RO Data    RW Data    ZI Data      Debug   Object Name

      1424        100          0         24        216       3456   adc.o
      1052         86          0        235          0       3673   beep.o
         0          0          0          0          0       4216   core_cm3.o
      7608        228          0         55        152      11702   data_transfer.o
       440         20          0          4        120       1933   delay.o
       732         28          0          8          0       3300   flash.o
      1906          0          0          0          0       6704   gui_basic.o
       648         42          0          0        776       9284   hw_config.o
      4960        194          0        208        188       7216   imu.o
       164         12          0          9          0       1175   key.o
     11188       1294          0        824        908      16323   main.o
       220         20          0          0          0       1761   misc.o
      2860        136          0         64        484       8298   mpu9250.o
      1370         60          0       1028          0       4416   mymath.o
       760         16          0         10         64       3581   nrf.o
      3968         64       2523       1026       1024      14103   oled.o
      3956        102          0         98       1413      10558   rc_mine.o
       876         16          0          0         18       3974   spi.o
        64         26        304          0       1536        832   startup_stm32f10x_hd.o
      1084         26          0          0          0      19809   stm32f10x_adc.o
       592          8          0          0          0      14114   stm32f10x_dma.o
       284         10          0          0          0       2195   stm32f10x_exti.o
      1460         32          0          0          0      14310   stm32f10x_flash.o
       856         40          0          0          0       5601   stm32f10x_gpio.o
       412         32          0          0          0       2193   stm32f10x_it.o
       924         44          0         20          0       8744   stm32f10x_rcc.o
       780         14          0          0          0       6490   stm32f10x_spi.o
      3610         88          0          0          0      42432   stm32f10x_tim.o
      1032         22          0          0          0       8332   stm32f10x_usart.o
       456         36          0         20          0     238763   system_stm32f10x.o
       564         58          0         23        100       1659   timer.o
      1008         30          0         27          0       4984   usart.o
      2804        102          0          4          0       8111   usb_core.o
         0          0        177         26          0      12607   usb_desc.o
       220         18          0          4         64       1584   usb_endp.o
        60         24          0         20         28       4130   usb_init.o
       752         30          0          4          0       1919   usb_int.o
       448         34          0         70          0       1587   usb_istr.o
        92          6          0          0          0       1426   usb_mem.o
       576         40          0        148          0       7291   usb_prop.o
       460         28          0         14         32       2783   usb_pwr.o
      1948         16          0          0          0      11589   usb_regs.o
       128          8          0          0          0       1450   usb_sil.o

    ----------------------------------------------------------------------
     64752       3190       3038       3992       7128     540608   Object Totals
         0          0         32          0          0          0   (incl. Generated)
         6          0          2         19          5          0   (incl. Padding)

    ----------------------------------------------------------------------

      Code (inc. data)   RO Data    RW Data    ZI Data      Debug   Library Member Name

        90          0          0          0          0          0   __dczerorl2.o
         8          0          0          0          0         68   __main.o
       396          6         17          0          0         92   __printf_flags_ss_wp.o
        14          0          0          0          0         68   __printf_wp.o
        52          8          0          0          0          0   __scatter.o
        28          0          0          0          0          0   __scatter_zi.o
         6          0          0          0          0          0   _printf_a.o
         6          0          0          0          0          0   _printf_c.o
        44          0          0          0          0        108   _printf_char.o
        48          6          0          0          0         96   _printf_char_common.o
        42          0          0          0          0         68   _printf_charcount.o
         6          0          0          0          0          0   _printf_d.o
       120         18          0          0          0         92   _printf_dec.o
         6          0          0          0          0          0   _printf_e.o
         6          0          0          0          0          0   _printf_f.o
      1056          0          0          0          0        212   _printf_fp_dec.o
       128         16          0          0          0         84   _printf_fp_infnan.o
         6          0          0          0          0          0   _printf_g.o
       156          6         40          0          0        160   _printf_hex_int_ll_ptr.o
         6          0          0          0          0          0   _printf_i.o
       184          0          0          0          0         88   _printf_intcommon.o
        10          0          0          0          0          0   _printf_l.o
         6          0          0          0          0          0   _printf_lc.o
        10          0          0          0          0          0   _printf_ll.o
         6          0          0          0          0          0   _printf_lld.o
         6          0          0          0          0          0   _printf_lli.o
         6          0          0          0          0          0   _printf_llo.o
         6          0          0          0          0          0   _printf_llu.o
         6          0          0          0          0          0   _printf_llx.o
       120         16          0          0          0         92   _printf_longlong_dec.o
         6          0          0          0          0          0   _printf_ls.o
         6          0          0          0          0          0   _printf_n.o
         6          0          0          0          0          0   _printf_o.o
       120          8          0          0          0        124   _printf_oct_int_ll.o
         6          0          0          0          0          0   _printf_p.o
        82          0          0          0          0        108   _printf_pad.o
         0          0          0          0          0          0   _printf_percent.o
         4          0          0          0          0          0   _printf_percent_end.o
         6          0          0          0          0          0   _printf_s.o
        82          0          0          0          0         80   _printf_str.o
        36          0          0          0          0         84   _printf_truncate.o
         6          0          0          0          0          0   _printf_u.o
        44          0          0          0          0        108   _printf_wchar.o
       188          6          8          0          0         92   _printf_wctomb.o
         6          0          0          0          0          0   _printf_x.o
        22          0          0          0          0        100   _rserrno.o
        10          0          0          0          0         68   _sputc.o
        64          0          0          0          0         92   _wcrtomb.o
       228          6        148          0          0         96   bigflt0.o
      1910        128          0          0          0        672   btod.o
        36          4          0          0          0         76   c89vsprintf.o
        12          0          0          0          0         72   exit.o
         6          0          0          0          0        152   heapauxi.o
         0          0          0          0          0          0   indicate_semi.o
        44         10        272          0          0         76   lc_ctype_c.o
        44         10         28          0          0         76   lc_numeric_c.o
         2          0          0          0          0          0   libinit.o
        30          0          0          0          0          0   libinit2.o
         2          0          0          0          0          0   libshutdown.o
         2          0          0          0          0          0   libshutdown2.o
         8          4          0          0         96         68   libspace.o
       138          0          0          0          0         80   lludiv10.o
        16          4          0          0          0         76   rt_ctype_table.o
         8          4          0          0          0         68   rt_errno_addr_intlibspace.o
         8          4          0          0          0         68   rt_locale_intlibspace.o
        78          0          0          0          0         80   rt_memclr_w.o
         0          0          0          0          0          0   rtentry.o
        12          0          0          0          0          0   rtentry2.o
         6          0          0          0          0          0   rtentry4.o
         2          0          0          0          0          0   rtexit.o
        10          0          0          0          0          0   rtexit2.o
       128          0          0          0          0         68   strcmpv7m.o
        62          0          0          0          0         76   strlen.o
        12          4          0          0          0         68   sys_exit.o
        74          0          0          0          0         80   sys_stackheap_outer.o
         2          0          0          0          0         68   use_no_semi.o
        98          4          0          0          0         92   d2f.o
       826         16          0          0          0        356   daddsub_clz.o
        16          4          0          0          0         68   dcheck1.o
        24          0          0          0          0         68   dcmpi.o
       688        140          0          0          0        212   ddiv.o
        94          4          0          0          0         92   dfix.o
        90          4          0          0          0         92   dfixu.o
        84          0          0          0          0        136   dflt_clz.o
       120          4          0          0          0         92   dleqf.o
       340         12          0          0          0        104   dmul.o
       156          4          0          0          0         92   dnaninf.o
        12          0          0          0          0         68   dretinf.o
       108          0          0          0          0         80   drleqf.o
       460         56          0          0          0        120   dsqrt_noumaal.o
        86          4          0          0          0         84   f2d.o
       450          8          0          0          0        236   faddsub_clz.o
        24          0          0          0          0         68   fcmpi.o
       388         76          0          0          0         96   fdiv.o
       104          4          0          0          0         84   feqf.o
        54          4          0          0          0         84   ffix.o
        62          4          0          0          0         84   ffixu.o
        86          0          0          0          0        136   fflt_clz.o
       104          4          0          0          0         84   fleqf.o
       258          4          0          0          0         84   fmul.o
       140          4          0          0          0         84   fnaninf.o
        10          0          0          0          0         68   fretinf.o
        98          0          0          0          0         68   frleqf.o
         4          0          0          0          0         68   printf1.o
       100          0          0          0          0         68   retnan.o
        92          0          0          0          0         68   scalbn.o
        48          0          0          0          0         68   trapv.o
         0          0          0          0          0          0   usenofp.o
       636         52         80          0          0        168   asin.o
       172          8          0          0          0        112   cos.o
       252         22         48          0          0        124   cos_i.o
        16          6          0          0          0         68   dunder.o
        40          0          0          0          0         68   fpclassify.o
       170          0          0          0          0         96   poly.o
       904         72        200          0          0        132   rred.o
       176         10          0          0          0        116   sin.o
       236         12         40          0          0        128   sin_i.o
        78          0          0          0          0         84   sqrt.o

    ----------------------------------------------------------------------
     14098        810        888          0         96       8404   Library Totals
        36          0          7          0          0          0   (incl. Padding)

    ----------------------------------------------------------------------

      Code (inc. data)   RO Data    RW Data    ZI Data      Debug   Library Name

      6158        268        513          0         96       4104   c_w.l
      5224        360          0          0          0       3204   fz_ws.l
      2680        182        368          0          0       1096   m_ws.l

    ----------------------------------------------------------------------
     14098        810        888          0         96       8404   Library Totals

    ----------------------------------------------------------------------

==============================================================================


      Code (inc. data)   RO Data    RW Data    ZI Data      Debug   

     78850       4000       3926       3992       7224     540432   Grand Totals
     78850       4000       3926       2208       7224     540432   ELF Image Totals (compressed)
     78850       4000       3926       2208          0          0   ROM Totals

==============================================================================

    Total RO  Size (Code + RO Data)                82776 (  80.84kB)
    Total RW  Size (RW Data + ZI Data)             11216 (  10.95kB)
    Total ROM Size (Code + RO Data + RW Data)      84984 (  82.99kB)

==============================================================================

