<html>
<body>
<pre>
<h1>µVision Build Log</h1>
<h2>Project:</h2>
D:\·É¿Ø\OLDX_FC2.0\Back_FC_MINI6_REMOTE\Project\RVMDK£¨uv4£©\iSO-STM32.uvproj
Project File Date:  04/03/2018

<h2>Output:</h2>
Load "..\\..\\Output\\Template.AXF" 
Erase Done.
Programming Done.
Verify OK.
Build target 'USART'
compiling main.c...
linking...
Program Size: Code=72542 RO-data=3842 RW-data=3992 ZI-data=7040  
FromELF: creating hex file...
"..\..\Output\Template.axf" - 0 Error(s), 0 Warning(s).
Build target 'USART'
compiling main.c...
linking...
Program Size: Code=69674 RO-data=3846 RW-data=3928 ZI-data=7040  
FromELF: creating hex file...
"..\..\Output\Template.axf" - 0 Error(s), 0 Warning(s).
Load "..\\..\\Output\\Template.AXF" 
Erase Done.
Programming Done.
Verify OK.
Build target 'USART'
compiling main.c...
linking...
Program Size: Code=78850 RO-data=3926 RW-data=3992 ZI-data=7224  
FromELF: creating hex file...
"..\..\Output\Template.axf" - 0 Error(s), 0 Warning(s).
Load "..\\..\\Output\\Template.AXF" 
Erase Done.
Programming Done.
Verify OK.
