Component: ARM Compiler 5.06 update 2 (build 183) Tool: armlink [4d35b7]

==============================================================================

Section Cross References

    ucos_task.o(.text) refers to time.o(.text) for Get_Cycle_T
    ucos_task.o(.text) refers to mems.o(.text) for IMU_Read
    ucos_task.o(.text) refers to iic_vl53.o(.text) for Read_Ground_Key
    ucos_task.o(.text) refers to dflt_clz.o(x$fpl$dfltu) for __aeabi_ui2d
    ucos_task.o(.text) refers to drleqf.o(x$fpl$drleqf) for __aeabi_cdrcmple
    ucos_task.o(.text) refers to f2d.o(x$fpl$f2d) for __aeabi_f2d
    ucos_task.o(.text) refers to ddiv.o(x$fpl$ddiv) for __aeabi_ddiv
    ucos_task.o(.text) refers to d2f.o(x$fpl$d2f) for __aeabi_d2f
    ucos_task.o(.text) refers to imu.o(.text) for madgwick_update_new
    ucos_task.o(.text) refers to dmul.o(x$fpl$dmul) for __aeabi_dmul
    ucos_task.o(.text) refers to vmc.o(.text) for DigitalLPF
    ucos_task.o(.text) refers to ms5611.o(.text) for MS5611_Update
    ucos_task.o(.text) refers to delay.o(.text) for delay_ms
    ucos_task.o(.text) refers to baro_fushion.o(.text) for baro_fushion
    ucos_task.o(.text) refers to ucos_task.o(.bss) for leg_dt
    ucos_task.o(.text) refers to iic_vl53.o(.bss) for ls53
    ucos_task.o(.text) refers to vmc.o(.bss) for vmc
    ucos_task.o(.text) refers to ucos_task.o(.data) for cnt_init
    ucos_task.o(.text) refers to mems.o(.bss) for mems
    ucos_task.o(.text) refers to imu.o(.data) for Yaw
    ucos_task.o(.text) refers to imu.o(.bss) for reference_vr
    ucos_task.o(.text) refers to dleqf.o(x$fpl$dleqf) for __aeabi_cdcmple
    ucos_task.o(.text) refers to vmc_demo.o(.text) for vmc_init
    ucos_task.o(.text) refers to my_math.o(.text) for my_deathzoom_rc
    ucos_task.o(.text) refers to rc_mine.o(.bss) for module
    ucos_task.o(.text) refers to bat.o(.bss) for press_leg_end
    ucos_task.o(.text) refers to usart_fc.o(.bss) for Rc_Get_SBUS
    ucos_task.o(.text) refers to vmc.o(.data) for MAX_SPD
    ucos_task.o(.text) refers to vmc_sdk.o(.text) for smart_control
    ucos_task.o(.text) refers to watch_dog.o(.text) for IWDG_Init
    ucos_task.o(.text) refers to rc_mine.o(.data) for KEY
    ucos_task.o(.text) refers to led_fc.o(.text) for leg_power_control
    ucos_task.o(.text) refers to bat.o(.text) for Bat_protect
    ucos_task.o(.text) refers to pwm_out.o(.text) for Set_DJ_PWM
    ucos_task.o(.text) refers to usart_fc.o(.text) for data_per_uart_rc
    ucos_task.o(.text) refers to dfix.o(x$fpl$dfix) for __aeabi_d2iz
    ucos_task.o(.text) refers to rc_mine.o(.text) for Nrf_Check_Event
    ucos_task.o(.text) refers to nav2.o(.bss) for nav
    ucos_task.o(.text) refers to ms5611.o(.bss) for ms5611
    ucos_task.o(.text) refers to os_core.o(.data) for OSCPUUsage
    main.o(.text) refers to os_mbox.o(.text) for OSMboxCreate
    main.o(.text) refers to os_q.o(.text) for OSQCreate
    main.o(.text) refers to os_flag.o(.text) for OSFlagCreate
    main.o(.text) refers to os_core.o(.text) for OSStatInit
    main.o(.text) refers to os_tmr.o(.text) for OSTmrCreate
    main.o(.text) refers to os_cpu_a.o(.text) for OS_CPU_SR_Save
    main.o(.text) refers to os_task.o(.text) for OSTaskCreate
    main.o(.text) refers to misc.o(.text) for NVIC_PriorityGroupConfig
    main.o(.text) refers to delay.o(.text) for delay_init
    main.o(.text) refers to time.o(.text) for Initial_Timer_SYS
    main.o(.text) refers to led_fc.o(.text) for POWER_INIT
    main.o(.text) refers to rng.o(.text) for RNG_Init
    main.o(.text) refers to pwm_out.o(.text) for PWM_AUX_Out_Init
    main.o(.text) refers to beep.o(.text) for Beep_Init
    main.o(.text) refers to usart_fc.o(.text) for Usart1_Init
    main.o(.text) refers to spi.o(.text) for SPI2_Init
    main.o(.text) refers to icm20602.o(.text) for LIS3MDL_enableDefault
    main.o(.text) refers to ms5611.o(.text) for MS5611_Init
    main.o(.text) refers to bat.o(.text) for Adc_Init
    main.o(.text) refers to flash_w25.o(.text) for W25QXX_Init
    main.o(.text) refers to flash.o(.text) for READ_PARM
    main.o(.text) refers to nrf.o(.text) for Nrf24l01_Init
    main.o(.text) refers to iic_vl53.o(.text) for I2c_Soft_Init_VL53
    main.o(.text) refers to main.o(.data) for msg_key
    main.o(.text) refers to main.o(.bss) for MsgGrp
    main.o(.text) refers to ucos_task.o(.text) for tmr1_callback
    main.o(.text) refers to ucos_task.o(.data) for tmr1
    main.o(.text) refers to ucos_task.o(.bss) for BRAIN_TASK_STK
    main.o(.text) refers to rc_mine.o(.bss) for module
    stm32f4xx_it.o(.text) refers to stm32f4xx_it.o(.data) for hard_fall
    system_stm32f4xx.o(.text) refers to system_stm32f4xx.o(.data) for SystemCoreClock
    startup_stm32f40_41xxx.o(STACK) refers (Special) to heapauxi.o(.text) for __use_two_region_memory
    startup_stm32f40_41xxx.o(HEAP) refers (Special) to heapauxi.o(.text) for __use_two_region_memory
    startup_stm32f40_41xxx.o(RESET) refers (Special) to heapauxi.o(.text) for __use_two_region_memory
[...]
    Delay_ms                                 0x0800a05b   Thumb Code    24  time.o(.text)
    Get_Cycle_T                              0x0800a073   Thumb Code   118  time.o(.text)
    Cycle_Time_Init                          0x0800a0e9   Thumb Code    22  time.o(.text)
    Initial_Timer_SYS                        0x0800a0ff   Thumb Code    68  time.o(.text)
    RNG_Init                                 0x0800a159   Thumb Code    62  rng.o(.text)
    RNG_Get_RandomNum                        0x0800a197   Thumb Code    20  rng.o(.text)
    RNG_Get_RandomRange                      0x0800a1ab   Thumb Code    26  rng.o(.text)
    Adc_Init                                 0x0800a1c5   Thumb Code   148  bat.o(.text)
    ADC_Configuration                        0x0800a259   Thumb Code   278  bat.o(.text)
    Get_Adc                                  0x0800a36f   Thumb Code    62  bat.o(.text)
    get_leg_press                            0x0800a3ad   Thumb Code   976  bat.o(.text)
    Get_Adc_Average                          0x0800a77d   Thumb Code    68  bat.o(.text)
    Bat_protect                              0x0800a7c1   Thumb Code  1236  bat.o(.text)
    Tone                                     0x0800acc9   Thumb Code   126  beep.o(.text)
    Play_Music                               0x0800ad47   Thumb Code   152  beep.o(.text)
    Play_Music_In_Task                       0x0800addf   Thumb Code   310  beep.o(.text)
    Play_Music_Direct                        0x0800af15   Thumb Code   104  beep.o(.text)
    Play_Music_Task                          0x0800af7d   Thumb Code   524  beep.o(.text)
    Beep_Init                                0x0800b189   Thumb Code   172  beep.o(.text)
    IWDG_Init                                0x0800b24d   Thumb Code    36  watch_dog.o(.text)
    IWDG_Feed                                0x0800b271   Thumb Code     8  watch_dog.o(.text)
    SPI_CS                                   0x0800b279   Thumb Code   188  spi.o(.text)
    SPI2_Init                                0x0800b335   Thumb Code   316  spi.o(.text)
    Spi_RW                                   0x0800b471   Thumb Code    50  spi.o(.text)
    SPI_Receive                              0x0800b4a3   Thumb Code    28  spi.o(.text)
    NRF_Write_Reg                            0x0800b4d1   Thumb Code    40  nrf.o(.text)
    NRF_Read_Reg                             0x0800b4f9   Thumb Code    38  nrf.o(.text)
    NRF_Write_Buf                            0x0800b51f   Thumb Code    58  nrf.o(.text)
    NRF_Read_Buf                             0x0800b559   Thumb Code    60  nrf.o(.text)
    NRF_TxPacket                             0x0800b595   Thumb Code    44  nrf.o(.text)
    NRF_TxPacket_AP                          0x0800b5c1   Thumb Code    34  nrf.o(.text)
    Nrf24l01_Check                           0x0800b5e3   Thumb Code    66  nrf.o(.text)
    NRF24L01_RxPacket                        0x0800b625   Thumb Code    52  nrf.o(.text)
    Nrf24l01_Init                            0x0800b659   Thumb Code   238  nrf.o(.text)
    W25QXX_ReadID                            0x0800b759   Thumb Code    66  flash_w25.o(.text)
    W25QXX_Init                              0x0800b79b   Thumb Code    72  flash_w25.o(.text)
    W25QXX_ReadSR                            0x0800b7e3   Thumb Code    38  flash_w25.o(.text)
    W25QXX_Write_SR                          0x0800b809   Thumb Code    34  flash_w25.o(.text)
    W25QXX_Write_Enable                      0x0800b82b   Thumb Code    26  flash_w25.o(.text)
    W25QXX_Write_Disable                     0x0800b845   Thumb Code    26  flash_w25.o(.text)
    W25QXX_Read                              0x0800b85f   Thumb Code    78  flash_w25.o(.text)
    W25QXX_Wait_Busy                         0x0800b8ad   Thumb Code    18  flash_w25.o(.text)
    W25QXX_Write_Page                        0x0800b8bf   Thumb Code    84  flash_w25.o(.text)
    W25QXX_Write_NoCheck                     0x0800b913   Thumb Code    70  flash_w25.o(.text)
    W25QXX_Erase_Sector                      0x0800b959   Thumb Code    64  flash_w25.o(.text)
    W25QXX_Write                             0x0800b999   Thumb Code   180  flash_w25.o(.text)
    W25QXX_Erase_Chip                        0x0800ba4d   Thumb Code    38  flash_w25.o(.text)
    W25QXX_PowerDown                         0x0800ba73   Thumb Code    32  flash_w25.o(.text)
    W25QXX_WAKEUP                            0x0800ba93   Thumb Code    32  flash_w25.o(.text)
    I2c_Soft_delay_VL53                      0x0800bac1   Thumb Code    44  iic_vl53.o(.text)
    Init_Ground_Key                          0x0800baed   Thumb Code   152  iic_vl53.o(.text)
    Read_Ground_Key                          0x0800bb85   Thumb Code   346  iic_vl53.o(.text)
    I2c_Soft_Init_VL53                       0x0800bcdf   Thumb Code   342  iic_vl53.o(.text)
    makeuint16                               0x0800be35   Thumb Code    12  iic_vl53.o(.text)
    I2c_Soft_Stop_VL53                       0x0800be41   Thumb Code   656  iic_vl53.o(.text)
    I2c_Soft_NoAsk_VL53                      0x0800c0d1   Thumb Code   620  iic_vl53.o(.text)
    I2c_Soft_Ask_VL53                        0x0800c33d   Thumb Code   586  iic_vl53.o(.text)
    I2c_Soft_ReadByte_VL53                   0x0800c587   Thumb Code  1116  iic_vl53.o(.text)
    I2c_Soft_WaitAsk_VL53                    0x0800c9e3   Thumb Code  1030  iic_vl53.o(.text)
    I2c_Soft_SendByte_VL53                   0x0800cde9   Thumb Code   954  iic_vl53.o(.text)
    I2c_Soft_Start_VL53                      0x0800d1a3   Thumb Code  1036  iic_vl53.o(.text)
    IIC_Read_nByte_VL53                      0x0800d5af   Thumb Code   140  iic_vl53.o(.text)
    IIC_Read_1Byte_VL53                      0x0800d63b   Thumb Code   104  iic_vl53.o(.text)
    IIC_Write_1Byte_VL53                     0x0800d6a3   Thumb Code   100  iic_vl53.o(.text)
    READ_VL53                                0x0800d707   Thumb Code   306  iic_vl53.o(.text)
    IIC_Write_nByte_VL53                     0x0800d839   Thumb Code   104  iic_vl53.o(.text)
    Usart1_Init                              0x0800d8b5   Thumb Code   218  usart_fc.o(.text)
    Usart2_Init                              0x0800d98f   Thumb Code   210  usart_fc.o(.text)
    Usart3_Init                              0x0800da61   Thumb Code   218  usart_fc.o(.text)
    Usart4_Init                              0x0800db3b   Thumb Code   218  usart_fc.o(.text)
    Uart5_Init                               0x0800dc15   Thumb Code   160  usart_fc.o(.text)
    UsartSend1                               0x0800dcb5   Thumb Code    64  usart_fc.o(.text)
    UsartSend2                               0x0800dcf5   Thumb Code    28  usart_fc.o(.text)
    UsartSend3                               0x0800dd11   Thumb Code    28  usart_fc.o(.text)
    UsartSend4                               0x0800dd2d   Thumb Code    28  usart_fc.o(.text)
    Data_LEG_CMD                             0x0800dd49   Thumb Code   996  usart_fc.o(.text)
    Anal_Outter_CMD                          0x0800e12d   Thumb Code   492  usart_fc.o(.text)
    USART1_IRQHandler                        0x0800e319   Thumb Code   328  usart_fc.o(.text)
    USART2_IRQHandler                        0x0800e461   Thumb Code   382  usart_fc.o(.text)
    USART3_IRQHandler                        0x0800e5df   Thumb Code   338  usart_fc.o(.text)
    UART4_IRQHandler                         0x0800e731   Thumb Code   324  usart_fc.o(.text)
    UART5_IRQHandler                         0x0800e875   Thumb Code   768  usart_fc.o(.text)
    data_per_uart_rc                         0x0800eb75   Thumb Code   126  usart_fc.o(.text)
    GOL_LINK_TASK_DMA                        0x0800ebf3   Thumb Code     2  usart_fc.o(.text)
    clear_leg_uart                           0x0800ebf5   Thumb Code    26  usart_fc.o(.text)
    data_per_uart1                           0x0800ec0f   Thumb Code   616  usart_fc.o(.text)
    NRF_DataAnl                              0x0800ee85   Thumb Code  1400  rc_mine.o(.text)
    Nrf_Check_Event                          0x0800f3fd   Thumb Code   142  rc_mine.o(.text)
    NRF_Send1                                0x0800f48b   Thumb Code   704  rc_mine.o(.text)
    NRF_Send2                                0x0800f74b   Thumb Code   140  rc_mine.o(.text)
    NRF_Send3                                0x0800f7d7   Thumb Code   224  rc_mine.o(.text)
    NRF_Send4                                0x0800f8b7   Thumb Code   118  rc_mine.o(.text)
    NRF_Send5                                0x0800f92d   Thumb Code   118  rc_mine.o(.text)
    NRF_Send6                                0x0800f9a3   Thumb Code   118  rc_mine.o(.text)
    param_copy_pid                           0x0800fa19   Thumb Code     2  rc_mine.o(.text)
    pid_copy_param                           0x0800fa1b   Thumb Code     2  rc_mine.o(.text)
    RC_Send_Task                             0x0800fa1d   Thumb Code   244  rc_mine.o(.text)
    IMU_Read                                 0x0800fb19   Thumb Code    16  mems.o(.text)
    MEMS_Data_Offset                         0x0800fb29   Thumb Code  1528  mems.o(.text)
    Transform                                0x08010121   Thumb Code    14  mems.o(.text)
    IMU_Data_Prepare                         0x0801012f   Thumb Code  1332  mems.o(.text)
    Lis3mdl_SPI_WR                           0x0801067d   Thumb Code    38  icm20602.o(.text)
    SPI_BufferRead                           0x080106a3   Thumb Code    70  icm20602.o(.text)
    LSM6DS33_IO_Write                        0x080106e9   Thumb Code    56  icm20602.o(.text)
    LSM6DS33_IO_Read                         0x08010721   Thumb Code    60  icm20602.o(.text)
    LSM6_readAcc                             0x0801075d   Thumb Code    76  icm20602.o(.text)
    LSM6_readGyro                            0x080107a9   Thumb Code    76  icm20602.o(.text)
    LIS3MDL_enableDefault                    0x080107f5   Thumb Code   126  icm20602.o(.text)
    Icm20602_Read                            0x08010937   Thumb Code   122  icm20602.o(.text)
    Icm20602Reg_Init                         0x080109b1   Thumb Code   228  icm20602.o(.text)
    invSqrt                                  0x08010aad   Thumb Code    56  imu.o(.text)
    calculateAccConfidence                   0x08010ae5   Thumb Code   240  imu.o(.text)
    calculateHmlConfidence                   0x08010bd5   Thumb Code   198  imu.o(.text)
    madgwick_update_new                      0x08010c9b   Thumb Code  3558  imu.o(.text)
    MS5611_Detect                            0x08011aa5   Thumb Code     4  ms5611.o(.text)
    Spi_SingleWirteAndRead                   0x08011aa9   Thumb Code    52  ms5611.o(.text)
    LPButter_BaroAlt                         0x08011add   Thumb Code   136  ms5611.o(.text)
    SPI_MultiWriteAndRead                    0x08011b65   Thumb Code    88  ms5611.o(.text)
    Spi_BaroSingleWrite                      0x08011bbd   Thumb Code    40  ms5611.o(.text)
    Spi_BaroMultiRead                        0x08011be5   Thumb Code    46  ms5611.o(.text)
    SoftDelayMs                              0x08011c13   Thumb Code    22  ms5611.o(.text)
    MS5611_Init                              0x08011c8f   Thumb Code    22  ms5611.o(.text)
    MS5611_Update                            0x08011f03   Thumb Code   160  ms5611.o(.text)
    MS5611_Read                              0x08011fa3   Thumb Code     8  ms5611.o(.text)
    DJ_init                                  0x08011fc9   Thumb Code   300  vmc_demo.o(.text)
    vmc_init                                 0x080120f5   Thumb Code  1890  vmc_demo.o(.text)
    track_pixy_api                           0x080128c1   Thumb Code   684  vmc_sdk.o(.text)
    delay_api                                0x08012b6d   Thumb Code    46  vmc_sdk.o(.text)
    set_spd_api                              0x08012b9b   Thumb Code    50  vmc_sdk.o(.text)
    timer_init                               0x08012bcd   Thumb Code    28  vmc_sdk.o(.text)
    Cube_Track                               0x08012be9   Thumb Code   288  vmc_sdk.o(.text)
    smart_control                            0x08012d09   Thumb Code   286  vmc_sdk.o(.text)
    set_pos_api                              0x08012e27   Thumb Code     2  vmc_sdk.o(.text)
    Low_Fass_Filter                          0x08012e3d   Thumb Code   194  fliter.o(.text)
    Moving_Average                           0x08012eff   Thumb Code    94  fliter.o(.text)
    my_deathzoom1                            0x08012f5d   Thumb Code    62  fliter.o(.text)
    Moving_Median                            0x08012f9b   Thumb Code   228  fliter.o(.text)
    simple_3d_trans                          0x0801307f   Thumb Code   272  fliter.o(.text)
    kalman2_init                             0x0801318f   Thumb Code   122  fliter.o(.text)
    kalman2_filter                           0x08013209   Thumb Code   546  fliter.o(.text)
    my_sqrt                                  0x08013455   Thumb Code    88  my_math.o(.text)
    OLDX_SMOOTH_IN_ESOX                      0x08013775   Thumb Code    94  my_math.o(.text)
    my_abs                                   0x080137d3   Thumb Code    26  my_math.o(.text)
    fast_atan2                               0x080137ed   Thumb Code   378  my_math.o(.text)
    my_atan                                  0x08013967   Thumb Code    24  my_math.o(.text)
    my_pow                                   0x0801397f   Thumb Code    10  my_math.o(.text)
    mx_sin                                   0x08013989   Thumb Code   292  my_math.o(.text)
    my_sin                                   0x08013aad   Thumb Code   108  my_math.o(.text)
    my_cos                                   0x08013b19   Thumb Code   136  my_math.o(.text)
    my_deathzoom                             0x08013ba1   Thumb Code    62  my_math.o(.text)
    my_deathzoom_2                           0x08013bdf   Thumb Code    40  my_math.o(.text)
    my_deathzoom_21                          0x08013c07   Thumb Code    40  my_math.o(.text)
    my_deathzoom_rc                          0x08013c2f   Thumb Code   308  my_math.o(.text)
    limit_mine                               0x08013d63   Thumb Code    40  my_math.o(.text)
    limit_mine2                              0x08013d8b   Thumb Code    36  my_math.o(.text)
    To_180_degrees                           0x08013daf   Thumb Code    58  my_math.o(.text)
    my_pow_2_curve                           0x08013de9   Thumb Code    80  my_math.o(.text)
    baro_fushion                             0x08013e4d   Thumb Code   360  baro_fushion.o(.text)
    rt_InitInfAndNaN                         0x08013fed   Thumb Code    66  rt_nonfinite.o(.text)
    rtIsInf                                  0x0801402f   Thumb Code    66  rt_nonfinite.o(.text)
    rtIsInfF                                 0x08014071   Thumb Code    40  rt_nonfinite.o(.text)
    rtIsNaN                                  0x08014099   Thumb Code    40  rt_nonfinite.o(.text)
    rtIsNaNF                                 0x080140c1   Thumb Code    18  rt_nonfinite.o(.text)
    rtGetInfF                                0x080140ed   Thumb Code    14  rtgetinf.o(.text)
    rtGetInf                                 0x080140fb   Thumb Code   130  rtgetinf.o(.text)
    rtGetMinusInfF                           0x0801417d   Thumb Code    12  rtgetinf.o(.text)
    rtGetMinusInf                            0x08014189   Thumb Code   130  rtgetinf.o(.text)
    rtGetNaNF                                0x08014221   Thumb Code    48  rtgetnan.o(.text)
    rtGetNaN                                 0x08014251   Thumb Code   134  rtgetnan.o(.text)
    baro_kf                                  0x080142e9   Thumb Code  2388  baro_kf.o(.text)
    baro_kf_initialize                       0x08014c3d   Thumb Code    10  baro_kf.o(.text)
    baro_kf_terminate                        0x08014c47   Thumb Code     2  baro_kf.o(.text)
    sbus_anal_oldx                           0x08014c51   Thumb Code   462  sbus.o(.text)
    oldx_sbus_rx                             0x08014e1f   Thumb Code   120  sbus.o(.text)
    cycle_init_oldx                          0x08014eb1   Thumb Code   184  cycle_cal_oldx.o(.text)
    cycle_data_add_oldx                      0x08014f69   Thumb Code   420  cycle_cal_oldx.o(.text)
    cycle_cal_oldx                           0x0801510d   Thumb Code  1980  cycle_cal_oldx.o(.text)
    get_license                              0x080158c9   Thumb Code    86  vmc.o(.text)
    DigitalLPF                               0x08015b47   Thumb Code   194  vmc.o(.text)
    fast_sqrt                                0x08015c09   Thumb Code    88  vmc.o(.text)
    sign                                     0x08015c61   Thumb Code    20  vmc.o(.text)
    cosd                                     0x08015c75   Thumb Code   158  vmc.o(.text)
    tand                                     0x08015d13   Thumb Code    68  vmc.o(.text)
    sind                                     0x08015d57   Thumb Code    92  vmc.o(.text)
    dead                                     0x08015db3   Thumb Code    62  vmc.o(.text)
    att_to_weight                            0x08015df1   Thumb Code   376  vmc.o(.text)
    vcal_pwm_from_sita                       0x08015f69   Thumb Code   312  vmc.o(.text)
    convert_mine_to_vmc_test                 0x080160a1   Thumb Code   160  vmc.o(.text)
    convert_mine_to_vmc                      0x08016141   Thumb Code   184  vmc.o(.text)
    inv_end_state                            0x080161f9   Thumb Code   548  vmc.o(.text)
    cal_jacobi                               0x0801641d   Thumb Code  2872  vmc.o(.text)
    cal_torque                               0x08016f55   Thumb Code   476  vmc.o(.text)
    cal_torque1                              0x08017131   Thumb Code   350  vmc.o(.text)
    out_range_protect                        0x080172ed   Thumb Code   784  vmc.o(.text)
    estimate_end_state                       0x08018ac9   Thumb Code  1400  vmc.o(.text)
    base_reset                               0x08019b5d   Thumb Code   248  vmc.o(.text)
    attitude_control1                        0x08019c55   Thumb Code  3718  vmc.o(.text)
    height_control1                          0x0801aadb   Thumb Code  2778  vmc.o(.text)
    leg_tar_publish                          0x0801b5b5   Thumb Code  2930  vmc.o(.text)
    leg_check_publish                        0x0801c127   Thumb Code   528  vmc.o(.text)
    yaw_control                              0x0801c337   Thumb Code  2474  vmc.o(.text)
    spd_control                              0x0801cce1   Thumb Code  3336  vmc.o(.text)
    pos_control                              0x0801d9e9   Thumb Code     2  vmc.o(.text)
    deng_control                             0x0801d9eb   Thumb Code   728  vmc.o(.text)
    cal_force_y                              0x0801dcc3   Thumb Code   810  vmc.o(.text)
    cal_force_z                              0x0801dfed   Thumb Code   458  vmc.o(.text)
    state_check                              0x0801faab   Thumb Code  1618  vmc.o(.text)
    power_task                               0x080200fd   Thumb Code  1480  vmc.o(.text)
    trig_extend                              0x080206c5   Thumb Code  2050  vmc.o(.text)
    jump_4leg                                0x08020ec7   Thumb Code  2028  vmc.o(.text)
    onboard_control                          0x080216b3   Thumb Code   528  vmc.o(.text)
    VMC_OLDX_VER1                            0x080218c3   Thumb Code  7786  vmc.o(.text)
    __aeabi_memcpy4                          0x08023759   Thumb Code     0  rt_memcpy_w.o(.text)
    __aeabi_memcpy8                          0x08023759   Thumb Code     0  rt_memcpy_w.o(.text)
    __rt_memcpy_w                            0x08023759   Thumb Code   100  rt_memcpy_w.o(.text)
    _memcpy_lastbytes_aligned                0x080237a1   Thumb Code     0  rt_memcpy_w.o(.text)
    __aeabi_memclr4                          0x080237bd   Thumb Code     0  rt_memclr_w.o(.text)
    __aeabi_memclr8                          0x080237bd   Thumb Code     0  rt_memclr_w.o(.text)
    __rt_memclr_w                            0x080237bd   Thumb Code    78  rt_memclr_w.o(.text)
    _memset_w                                0x080237c1   Thumb Code     0  rt_memclr_w.o(.text)
    __use_two_region_memory                  0x0802380b   Thumb Code     2  heapauxi.o(.text)
    __rt_heap_escrow$2region                 0x0802380d   Thumb Code     2  heapauxi.o(.text)
    __rt_heap_expand$2region                 0x0802380f   Thumb Code     2  heapauxi.o(.text)
    __read_errno                             0x08023811   Thumb Code    10  _rserrno.o(.text)
    __set_errno                              0x0802381b   Thumb Code    12  _rserrno.o(.text)
    __aeabi_errno_addr                       0x08023829   Thumb Code     8  rt_errno_addr_intlibspace.o(.text)
    __errno$intlibspace                      0x08023829   Thumb Code     0  rt_errno_addr_intlibspace.o(.text)
    __rt_errno_addr$intlibspace              0x08023829   Thumb Code     0  rt_errno_addr_intlibspace.o(.text)
    __user_libspace                          0x08023831   Thumb Code     8  libspace.o(.text)
    __user_perproc_libspace                  0x08023831   Thumb Code     0  libspace.o(.text)
    __user_perthread_libspace                0x08023831   Thumb Code     0  libspace.o(.text)
    __user_setup_stackheap                   0x08023839   Thumb Code    74  sys_stackheap_outer.o(.text)
    exit                                     0x08023883   Thumb Code    18  exit.o(.text)
    _sys_exit                                0x08023895   Thumb Code     8  sys_exit.o(.text)
    __I$use$semihosting                      0x080238a1   Thumb Code     0  use_no_semi.o(.text)
    __use_no_semihosting_swi                 0x080238a1   Thumb Code     2  use_no_semi.o(.text)
    __ARM_fpclassify                         0x080238a3   Thumb Code    48  fpclassify.o(i.__ARM_fpclassify)
    __semihosting_library_function           0x080238a3   Thumb Code     0  indicate_semi.o(.text)
    __hardfp_acos                            0x080238d9   Thumb Code   738  acos.o(i.__hardfp_acos)
    __hardfp_asin                            0x08023c31   Thumb Code   770  asin.o(i.__hardfp_asin)
    __hardfp_cos                             0x08023f91   Thumb Code   180  cos.o(i.__hardfp_cos)
    __hardfp_fabs                            0x08024059   Thumb Code    20  fabs.o(i.__hardfp_fabs)
    __hardfp_pow                             0x08024071   Thumb Code  3072  pow.o(i.__hardfp_pow)
    __hardfp_sin                             0x08024cc1   Thumb Code   180  sin.o(i.__hardfp_sin)
    __hardfp_sqrt                            0x08024d89   Thumb Code   122  sqrt.o(i.__hardfp_sqrt)
    __hardfp_tan                             0x08024e09   Thumb Code   108  tan.o(i.__hardfp_tan)
    __ieee754_rem_pio2                       0x08024e89   Thumb Code   938  rred.o(i.__ieee754_rem_pio2)
    __kernel_cos                             0x080252c1   Thumb Code   322  cos_i.o(i.__kernel_cos)
    __kernel_poly                            0x08025431   Thumb Code   248  poly.o(i.__kernel_poly)
    __kernel_sin                             0x08025529   Thumb Code   280  sin_i.o(i.__kernel_sin)
    __kernel_tan                             0x08025659   Thumb Code   764  tan_i.o(i.__kernel_tan)
    __mathlib_dbl_divzero                    0x080259a9   Thumb Code    28  dunder.o(i.__mathlib_dbl_divzero)
    __mathlib_dbl_infnan                     0x080259d9   Thumb Code    20  dunder.o(i.__mathlib_dbl_infnan)
    __mathlib_dbl_infnan2                    0x080259ed   Thumb Code    20  dunder.o(i.__mathlib_dbl_infnan2)
    __mathlib_dbl_invalid                    0x08025a01   Thumb Code    24  dunder.o(i.__mathlib_dbl_invalid)
    __mathlib_dbl_overflow                   0x08025a21   Thumb Code    24  dunder.o(i.__mathlib_dbl_overflow)
    __mathlib_dbl_underflow                  0x08025a41   Thumb Code    24  dunder.o(i.__mathlib_dbl_underflow)
    fabs                                     0x08025a61   Thumb Code    24  fabs.o(i.fabs)
    sqrt                                     0x08025a79   Thumb Code   110  sqrt.o(i.sqrt)
    __aeabi_dneg                             0x08025ae7   Thumb Code     0  basic.o(x$fpl$basic)
    _dneg                                    0x08025ae7   Thumb Code     6  basic.o(x$fpl$basic)
    __aeabi_fneg                             0x08025aed   Thumb Code     0  basic.o(x$fpl$basic)
    _fneg                                    0x08025aed   Thumb Code     6  basic.o(x$fpl$basic)
    _dabs                                    0x08025af3   Thumb Code     6  basic.o(x$fpl$basic)
    _fabs                                    0x08025af9   Thumb Code     6  basic.o(x$fpl$basic)
    __aeabi_d2f                              0x08025b01   Thumb Code     0  d2f.o(x$fpl$d2f)
    _d2f                                     0x08025b01   Thumb Code    98  d2f.o(x$fpl$d2f)
    __aeabi_dadd                             0x08025b65   Thumb Code     0  daddsub_clz.o(x$fpl$dadd)
    _dadd                                    0x08025b65   Thumb Code   332  daddsub_clz.o(x$fpl$dadd)
    __fpl_dcheck_NaN1                        0x08025cb5   Thumb Code    10  dcheck1.o(x$fpl$dcheck1)
    __fpl_dcmp_Inf                           0x08025cc5   Thumb Code    24  dcmpi.o(x$fpl$dcmpinf)
    __aeabi_ddiv                             0x08025cdd   Thumb Code     0  ddiv.o(x$fpl$ddiv)
    _ddiv                                    0x08025cdd   Thumb Code   552  ddiv.o(x$fpl$ddiv)
    __aeabi_cdcmpeq                          0x08025f8d   Thumb Code     0  deqf.o(x$fpl$deqf)
    _dcmpeq                                  0x08025f8d   Thumb Code   120  deqf.o(x$fpl$deqf)
    __aeabi_d2iz                             0x08026005   Thumb Code     0  dfix.o(x$fpl$dfix)
    _dfix                                    0x08026005   Thumb Code    94  dfix.o(x$fpl$dfix)
    __aeabi_d2uiz                            0x08026065   Thumb Code     0  dfixu.o(x$fpl$dfixu)
    _dfixu                                   0x08026065   Thumb Code    90  dfixu.o(x$fpl$dfixu)
    __aeabi_i2d                              0x080260bf   Thumb Code     0  dflt_clz.o(x$fpl$dflt)
    _dflt                                    0x080260bf   Thumb Code    46  dflt_clz.o(x$fpl$dflt)
    __aeabi_ui2d                             0x080260ed   Thumb Code     0  dflt_clz.o(x$fpl$dfltu)
    _dfltu                                   0x080260ed   Thumb Code    38  dflt_clz.o(x$fpl$dfltu)
    __aeabi_cdcmple                          0x08026115   Thumb Code     0  dleqf.o(x$fpl$dleqf)
    _dcmple                                  0x08026115   Thumb Code   120  dleqf.o(x$fpl$dleqf)
    __fpl_dcmple_InfNaN                      0x08026177   Thumb Code     0  dleqf.o(x$fpl$dleqf)
    __aeabi_dmul                             0x0802618d   Thumb Code     0  dmul.o(x$fpl$dmul)
    _dmul                                    0x0802618d   Thumb Code   332  dmul.o(x$fpl$dmul)
    __fpl_dnaninf                            0x080262e1   Thumb Code   156  dnaninf.o(x$fpl$dnaninf)
    __fpl_dretinf                            0x0802637d   Thumb Code    12  dretinf.o(x$fpl$dretinf)
    __aeabi_cdrcmple                         0x08026389   Thumb Code     0  drleqf.o(x$fpl$drleqf)
    _drcmple                                 0x08026389   Thumb Code   108  drleqf.o(x$fpl$drleqf)
    __aeabi_drsub                            0x080263f5   Thumb Code     0  daddsub_clz.o(x$fpl$drsb)
    _drsb                                    0x080263f5   Thumb Code    22  daddsub_clz.o(x$fpl$drsb)
    _dsqrt                                   0x0802640d   Thumb Code   404  dsqrt_umaal.o(x$fpl$dsqrt)
    __aeabi_dsub                             0x080265a5   Thumb Code     0  daddsub_clz.o(x$fpl$dsub)
    _dsub                                    0x080265a5   Thumb Code   464  daddsub_clz.o(x$fpl$dsub)
    __aeabi_f2d                              0x08026779   Thumb Code     0  f2d.o(x$fpl$f2d)
    _f2d                                     0x08026779   Thumb Code    86  f2d.o(x$fpl$f2d)
    __fpl_fnaninf                            0x080267cf   Thumb Code   140  fnaninf.o(x$fpl$fnaninf)
    _fp_init                                 0x0802685b   Thumb Code    10  fpinit.o(x$fpl$fpinit)
    __fplib_config_fpu_vfp                   0x08026863   Thumb Code     0  fpinit.o(x$fpl$fpinit)
    __fplib_config_pureend_doubles           0x08026863   Thumb Code     0  fpinit.o(x$fpl$fpinit)
    __fpl_fretinf                            0x08026865   Thumb Code    10  fretinf.o(x$fpl$fretinf)
    __fpl_return_NaN                         0x0802686f   Thumb Code   100  retnan.o(x$fpl$retnan)
    __ARM_scalbn                             0x080268d3   Thumb Code    92  scalbn.o(x$fpl$scalbn)
    __fpl_cmpreturn                          0x0802692f   Thumb Code    48  trapv.o(x$fpl$trapveneer)
    OSUnMapTbl                               0x0802695e   Data         256  os_core.o(.constdata)
    __I$use$fp                               0x0802695e   Number         0  usenofp.o(x$fpl$usenofp)
    __mathlib_zero                           0x08026c40   Data           8  qnan.o(.constdata)
    Region$$Table$$Base                      0x08026d98   Number         0  anon$$obj.o(Region$$Table)
    Region$$Table$$Limit                     0x08026db8   Number         0  anon$$obj.o(Region$$Table)
    en_nav                                   0x20000000   Data           1  ucos_task.o(.data)
    k_rc_spd                                 0x20000004   Data           4  ucos_task.o(.data)
    k_z_c                                    0x20000008   Data           4  ucos_task.o(.data)
    force_time_set                           0x2000000c   Data           4  ucos_task.o(.data)
    force_time                               0x20000010   Data           4  ucos_task.o(.data)
    spd_force                                0x20000014   Data           4  ucos_task.o(.data)
    UART_UP_LOAD_SEL                         0x20000018   Data           1  ucos_task.o(.data)
    ground_check_show                        0x2000001c   Data           4  ucos_task.o(.data)
    tmr1                                     0x20000020   Data           4  ucos_task.o(.data)
    tmr2                                     0x20000024   Data           4  ucos_task.o(.data)
    tmr3                                     0x20000028   Data           4  ucos_task.o(.data)
    cpuusage                                 0x2000002c   Data           2  ucos_task.o(.data)
    msg_key                                  0x2000005c   Data           4  main.o(.data)
    q_msg                                    0x20000060   Data           4  main.o(.data)
    flags_key                                0x20000064   Data           4  main.o(.data)
    CHE                                      0x20000068   Data           4  main.o(.data)
    hard_fall                                0x2000006c   Data           1  stm32f4xx_it.o(.data)
    SystemCoreClock                          0x20000070   Data           4  system_stm32f4xx.o(.data)
    AHBPrescTable                            0x20000074   Data          16  system_stm32f4xx.o(.data)
    OSCtxSwCtr                               0x20000098   Data           4  os_core.o(.data)
    OSEventFreeList                          0x2000009c   Data           4  os_core.o(.data)
    OSFlagFreeList                           0x200000a0   Data           4  os_core.o(.data)
    OSCPUUsage                               0x200000a4   Data           1  os_core.o(.data)
    OSIdleCtrMax                             0x200000a8   Data           4  os_core.o(.data)
    OSIdleCtrRun                             0x200000ac   Data           4  os_core.o(.data)
    OSStatRdy                                0x200000b0   Data           1  os_core.o(.data)
    OSIntNesting                             0x200000b1   Data           1  os_core.o(.data)
    OSLockNesting                            0x200000b2   Data           1  os_core.o(.data)
    OSPrioCur                                0x200000b3   Data           1  os_core.o(.data)
    OSPrioHighRdy                            0x200000b4   Data           1  os_core.o(.data)
    OSRdyGrp                                 0x200000b5   Data           1  os_core.o(.data)
    OSRdyTbl                                 0x200000b6   Data           8  os_core.o(.data)
    OSRunning                                0x200000be   Data           1  os_core.o(.data)
    OSTaskCtr                                0x200000bf   Data           1  os_core.o(.data)
    OSIdleCtr                                0x200000c0   Data           4  os_core.o(.data)
    OSTCBCur                                 0x200000c4   Data           4  os_core.o(.data)
    OSTCBFreeList                            0x200000c8   Data           4  os_core.o(.data)
    OSTCBHighRdy                             0x200000cc   Data           4  os_core.o(.data)
    OSTCBList                                0x200000d0   Data           4  os_core.o(.data)
    OSTickStepState                          0x200000d4   Data           1  os_core.o(.data)
    OSQFreeList                              0x200000d8   Data           4  os_core.o(.data)
    OSTime                                   0x200000dc   Data           4  os_core.o(.data)
    OSTmrFree                                0x200000e0   Data           2  os_core.o(.data)
    OSTmrUsed                                0x200000e2   Data           2  os_core.o(.data)
    OSTmrTime                                0x200000e4   Data           4  os_core.o(.data)
    OSTmrSem                                 0x200000e8   Data           4  os_core.o(.data)
    OSTmrSemSignal                           0x200000ec   Data           4  os_core.o(.data)
    OSTmrFreeList                            0x200000f0   Data           4  os_core.o(.data)
    OSInterrputSum                           0x200000f4   Data           4  os_cpu_c.o(.data)
    k_sensitivity                            0x200000fc   Data          12  flash.o(.data)
    yaw_off_qr                               0x20000108   Data           4  flash.o(.data)
    FLASH_SIZE                               0x2000010c   Data           4  flash.o(.data)
    LENGTH_OF_DRONE                          0x20000110   Data           2  flash.o(.data)
    H_INT                                    0x20000114   Data           4  flash.o(.data)
    SONAR_HEIGHT                             0x20000118   Data           4  flash.o(.data)
    need_init_mems                           0x2000011c   Data           1  flash.o(.data)
    SBUS_MIN                                 0x2000011e   Data           2  flash.o(.data)
    SBUS_MAX                                 0x20000120   Data           2  flash.o(.data)
    SBUS_MID                                 0x20000122   Data           2  flash.o(.data)
    SBUS_MIN_A                               0x20000124   Data           2  flash.o(.data)
    SBUS_MAX_A                               0x20000126   Data           2  flash.o(.data)
    SBUS_MID_A                               0x20000128   Data           2  flash.o(.data)
    LED                                      0x2000012c   Data           3  led_fc.o(.data)
    dj_sel                                   0x20000130   Data           4  led_fc.o(.data)
    Rc_Pwm_Out_mine                          0x2000014c   Data          32  pwm_out.o(.data)
    dj_out                                   0x2000016c   Data          48  pwm_out.o(.data)
    dj_pan                                   0x2000019c   Data           8  pwm_out.o(.data)
    k_ad                                     0x200001a4   Data           4  bat.o(.data)
    ground_v                                 0x200001a8   Data           5  bat.o(.data)
    ground_vad                               0x200001ad   Data           5  bat.o(.data)
    ground_press_max                         0x200001b4   Data          20  bat.o(.data)
    ground_press_min                         0x200001c8   Data          20  bat.o(.data)
    k_check_force                            0x200001dc   Data           4  bat.o(.data)
    k_check_dforce                           0x200001e0   Data           4  bat.o(.data)
    music_sel                                0x200001f0   Data           1  beep.o(.data)
    start_music_px4                          0x200001f1   Data          36  beep.o(.data)
    start_music_windows                      0x20000215   Data          46  beep.o(.data)
    start_music_micro                        0x20000243   Data          46  beep.o(.data)
    mems_gps_music                           0x20000271   Data           6  beep.o(.data)
    mems_right_music                         0x20000277   Data           6  beep.o(.data)
    mems_error_music                         0x2000027d   Data           8  beep.o(.data)
    mission_music                            0x20000285   Data           6  beep.o(.data)
    mems_wayup_music                         0x2000028b   Data           6  beep.o(.data)
    bat_error_music                          0x20000291   Data          64  beep.o(.data)
    rc_error_music                           0x200002d1   Data          16  beep.o(.data)
    hml_cal_music                            0x200002e1   Data          16  beep.o(.data)
    start_music_pix                          0x200002f1   Data          18  beep.o(.data)
    dj_cal_music1                            0x20000303   Data           8  beep.o(.data)
    dj_cal_music2                            0x2000030b   Data          12  beep.o(.data)
    dj_cal_music3                            0x20000317   Data          16  beep.o(.data)
    dj_cal_music4                            0x20000327   Data          20  beep.o(.data)
    dj_cal_music5                            0x2000033b   Data          24  beep.o(.data)
    dj_cal_music6                            0x20000353   Data          28  beep.o(.data)
    dj_cal_music7                            0x2000036f   Data          32  beep.o(.data)
    dj_cal_music8                            0x2000038f   Data          36  beep.o(.data)
    fc_state_beep                            0x200003b3   Data           3  beep.o(.data)
    beep_state                               0x200003b6   Data          16  beep.o(.data)
    fc_save_gps_beep                         0x200003c6   Data           1  beep.o(.data)
    beep_gps_save                            0x200003c7   Data           8  beep.o(.data)
    test_to24                                0x200003cf   Data           1  beep.o(.data)
    Beat_delay                               0x200003d0   Data          14  beep.o(.data)
    tone_table                               0x200003de   Data          48  beep.o(.data)
    TX_ADDRESS                               0x20000414   Data           5  nrf.o(.data)
    RX_ADDRESS                               0x20000419   Data           5  nrf.o(.data)
    W25QXX_TYPE                              0x2000041e   Data           2  flash_w25.o(.data)
    I2C_FastMode_VL53                        0x20000420   Data           1  iic_vl53.o(.data)
    delay_vl53                               0x20000421   Data           1  iic_vl53.o(.data)
    ground_check_time                        0x20000424   Data           4  iic_vl53.o(.data)
    set_dis                                  0x20000428   Data           4  iic_vl53.o(.data)
    TxCounter1                               0x20000432   Data           1  usart_fc.o(.data)
    count1                                   0x20000433   Data           1  usart_fc.o(.data)
    RxState1                                 0x20000434   Data           1  usart_fc.o(.data)
    RxBufferNum1                             0x20000435   Data           1  usart_fc.o(.data)
    RxBufferCnt1                             0x20000436   Data           1  usart_fc.o(.data)
    RxLen1                                   0x20000437   Data           1  usart_fc.o(.data)
    TxCounter2                               0x2000043a   Data           1  usart_fc.o(.data)
    count2                                   0x2000043b   Data           1  usart_fc.o(.data)
    RxState2                                 0x2000043c   Data           1  usart_fc.o(.data)
    RxBufferNum2                             0x2000043d   Data           1  usart_fc.o(.data)
    RxBufferCnt2                             0x2000043e   Data           1  usart_fc.o(.data)
    RxLen2                                   0x2000043f   Data           1  usart_fc.o(.data)
    TxCounter3                               0x20000442   Data           1  usart_fc.o(.data)
    count3                                   0x20000443   Data           1  usart_fc.o(.data)
    RxState3                                 0x20000444   Data           1  usart_fc.o(.data)
    RxBufferNum3                             0x20000445   Data           1  usart_fc.o(.data)
    RxBufferCnt3                             0x20000446   Data           1  usart_fc.o(.data)
    RxLen3                                   0x20000447   Data           1  usart_fc.o(.data)
    TxCounter4                               0x2000044a   Data           1  usart_fc.o(.data)
    count4                                   0x2000044b   Data           1  usart_fc.o(.data)
    RxState4                                 0x2000044c   Data           1  usart_fc.o(.data)
    RxBufferNum4                             0x2000044d   Data           1  usart_fc.o(.data)
    RxBufferCnt4                             0x2000044e   Data           1  usart_fc.o(.data)
    RxLen4                                   0x2000044f   Data           1  usart_fc.o(.data)
    leg_uart_cnt                             0x20000454   Data           2  usart_fc.o(.data)
    nrf_uart_cnt1                            0x20000456   Data           2  usart_fc.o(.data)
    cnt_rst                                  0x20000460   Data           1  rc_mine.o(.data)
    delta_pitch                              0x20000461   Data           1  rc_mine.o(.data)
    delta_roll                               0x20000462   Data           1  rc_mine.o(.data)
    delta_yew                                0x20000463   Data           1  rc_mine.o(.data)
    send_pid                                 0x20000464   Data           1  rc_mine.o(.data)
    read_pid                                 0x20000465   Data           1  rc_mine.o(.data)
    data_rate                                0x20000466   Data           2  rc_mine.o(.data)
    control_scale                            0x20000468   Data           4  rc_mine.o(.data)
    KEY                                      0x2000046c   Data           8  rc_mine.o(.data)
    cnt_timer2_r                             0x20000474   Data           4  rc_mine.o(.data)
    cnt_led_rx                               0x20000478   Data           1  rc_mine.o(.data)
    acc_3d_step                              0x20000484   Data           1  mems.o(.data)
    sum_temp_att                             0x20000488   Data           8  mems.o(.data)
    acc_sum_cnt                              0x20000490   Data           2  mems.o(.data)
    acc_sum_cnt_3d                           0x20000492   Data           2  mems.o(.data)
    acc_smple_cnt_3d                         0x20000494   Data           2  mems.o(.data)
    gyro_sum_cnt                             0x20000496   Data           2  mems.o(.data)
    filter_cnt                               0x20000498   Data           1  mems.o(.data)
    filter_cnt_old                           0x20000499   Data           1  mems.o(.data)
    test_ang                                 0x2000049c   Data           4  mems.o(.data)
    test_ang_old                             0x200004a0   Data           4  mems.o(.data)
    test_ang_d                               0x200004a4   Data           4  mems.o(.data)
    test_fli_a                               0x200004a8   Data           4  mems.o(.data)
    test_i                                   0x200004ac   Data           4  mems.o(.data)
    IMU1_Fast                                0x200004b1   Data           1  icm20602.o(.data)
    id                                       0x200004b2   Data           3  icm20602.o(.data)
    fly_ready                                0x200004b8   Data           1  imu.o(.data)
    Roll                                     0x200004bc   Data           4  imu.o(.data)
    Pitch                                    0x200004c0   Data           4  imu.o(.data)
    Yaw                                      0x200004c4   Data           4  imu.o(.data)
    q0                                       0x200004c8   Data           4  imu.o(.data)
    q1                                       0x200004cc   Data           4  imu.o(.data)
    q2                                       0x200004d0   Data           4  imu.o(.data)
    q3                                       0x200004d4   Data           4  imu.o(.data)
    ref_q                                    0x200004d8   Data          16  imu.o(.data)
    norm_acc                                 0x200004e8   Data           4  imu.o(.data)
    norm_q                                   0x200004ec   Data           4  imu.o(.data)
    norm_acc_lpf                             0x200004f0   Data           4  imu.o(.data)
    test_flag                                0x200004f4   Data          12  imu.o(.data)
    beta_start                               0x20000500   Data           4  imu.o(.data)
    beta_end                                 0x20000504   Data           4  imu.o(.data)
    beta_step                                0x20000508   Data           4  imu.o(.data)
    beta                                     0x2000050c   Data           4  imu.o(.data)
    accConfidenceDecay                       0x20000510   Data           4  imu.o(.data)
    hmlConfidenceDecay                       0x20000514   Data           4  imu.o(.data)
    accConfidence                            0x20000518   Data           4  imu.o(.data)
    hmlConfidence                            0x2000051c   Data           4  imu.o(.data)
    norm_hml_view                            0x20000520   Data           4  imu.o(.data)
    hmlOneMAG                                0x20000524   Data           4  imu.o(.data)
    init_hml_norm                            0x20000528   Data           1  imu.o(.data)
    init_hml_norm_cnt                        0x2000052a   Data           2  imu.o(.data)
    gait_test                                0x20000540   Data          20  vmc_demo.o(.data)
    force_dj_off_reset                       0x20000554   Data           1  vmc_demo.o(.data)
    mission_sel_lock                         0x20000558   Data           4  vmc_sdk.o(.data)
    mission_state                            0x2000055c   Data           4  vmc_sdk.o(.data)
    mission_flag                             0x20000560   Data           1  vmc_sdk.o(.data)
    param_track                              0x20000564   Data          20  vmc_sdk.o(.data)
    fast_atan_table                          0x20000594   Data        1028  my_math.o(.data)
    P_f32                                    0x20000998   Data         128  baro_fushion.o(.data)
    Is_4_4                                   0x20000a18   Data          64  baro_fushion.o(.data)
    Qs_4_4                                   0x20000a58   Data          32  baro_fushion.o(.data)
    Rs_2_2                                   0x20000a78   Data          16  baro_fushion.o(.data)
    rtInf                                    0x20000a90   Data           8  rt_nonfinite.o(.data)
    rtMinusInf                               0x20000a98   Data           8  rt_nonfinite.o(.data)
    rtNaN                                    0x20000aa0   Data           8  rt_nonfinite.o(.data)
    rtInfF                                   0x20000aa8   Data           4  rt_nonfinite.o(.data)
    rtMinusInfF                              0x20000aac   Data           4  rt_nonfinite.o(.data)
    rtNaNF                                   0x20000ab0   Data           4  rt_nonfinite.o(.data)
    sbus_data_i                              0x20000ab4   Data          26  sbus.o(.data)
    sbus_data                                0x20000ace   Data          26  sbus.o(.data)
    channels                                 0x20000ae8   Data          36  sbus.o(.data)
    failsafe_status                          0x20000b0c   Data           1  sbus.o(.data)
    sbus_passthrough                         0x20000b0d   Data           1  sbus.o(.data)
    MIN_Z                                    0x20000b10   Data           4  vmc.o(.data)
    MAX_Z                                    0x20000b14   Data           4  vmc.o(.data)
    MIN_X                                    0x20000b18   Data           4  vmc.o(.data)
    MAX_X                                    0x20000b1c   Data           4  vmc.o(.data)
    MAX_SPD                                  0x20000b20   Data           4  vmc.o(.data)
    MAX_SPD_RAD                              0x20000b24   Data           4  vmc.o(.data)
    en_att_change_for_curve                  0x20000b28   Data           1  vmc.o(.data)
    end_tirg_rate                            0x20000b2c   Data           4  vmc.o(.data)
    MAX_DENG_ANGLE                           0x20000b30   Data           4  vmc.o(.data)
    T_GAIN                                   0x20000b34   Data           4  vmc.o(.data)
    FLT_ATT_CTRL                             0x20000b38   Data           8  vmc.o(.data)
    FLT_ATT_TRIG                             0x20000b40   Data           4  vmc.o(.data)
    FLT_ATT_CTRL_Y                           0x20000b44   Data           4  vmc.o(.data)
    FLT_SPD_END                              0x20000b48   Data           4  vmc.o(.data)
    FLT_SPD_END_Z                            0x20000b4c   Data           4  vmc.o(.data)
    FLT_POS_Z                                0x20000b50   Data           4  vmc.o(.data)
    FLT_AUTO_T                               0x20000b54   Data           4  vmc.o(.data)
    FLT_TORQUE                               0x20000b58   Data           4  vmc.o(.data)
    FLT_COG_OFF                              0x20000b5c   Data           4  vmc.o(.data)
    FLT_ATT_SPD_ERR                          0x20000b60   Data           4  vmc.o(.data)
    FLT_ENCODER                              0x20000b64   Data           4  vmc.o(.data)
    block_yaw                                0x20000b8e   Data           1  vmc.o(.data)
    gait_change_param                        0x20000b9c   Data          24  vmc.o(.data)
    ESO_PARAM                                0x20000bb4   Data           8  vmc.o(.data)
    k_nground                                0x20000bbc   Data           4  vmc.o(.data)
    k_att                                    0x20000bc0   Data           4  vmc.o(.data)
    gain_check                               0x20000bc4   Data          20  vmc.o(.data)
    k_att_spd                                0x20000bd8   Data           4  vmc.o(.data)
    test1                                    0x20000bdc   Data           1  vmc.o(.data)
    att_trig_reset_dead                      0x20000be0   Data           4  vmc.o(.data)
    k_gain                                   0x20000be4   Data           4  vmc.o(.data)
    test_epos                                0x20000be8   Data          12  vmc.o(.data)
    flag_att_force                           0x20000bf4   Data          12  vmc.o(.data)
    deng_sel                                 0x20000c00   Data           4  vmc.o(.data)
    leg_dt                                   0x20000c54   Data          40  ucos_task.o(.bss)
    FUSION_TASK_STK                          0x20000c7c   Data        3840  ucos_task.o(.bss)
    POSE_FUSION_TASK_STK                     0x20001b7c   Data       25600  ucos_task.o(.bss)
    BRAIN_TASK_STK                           0x20007f7c   Data       61440  ucos_task.o(.bss)
    UART_TASK_STK                            0x20016f7c   Data        5120  ucos_task.o(.bss)
    START_TASK_STK                           0x20018388   Data         256  main.o(.bss)
    MsgGrp                                   0x20018488   Data        1024  main.o(.bss)
    OSEventTbl                               0x20018888   Data         200  os_core.o(.bss)
    OSFlagTbl                                0x20018950   Data          80  os_core.o(.bss)
    OSTaskStatStk                            0x200189a0   Data         512  os_core.o(.bss)
    OSTaskIdleStk                            0x20018ba0   Data         512  os_core.o(.bss)
    OSTCBPrioTbl                             0x20018da0   Data         256  os_core.o(.bss)
    OSTCBTbl                                 0x20018ea0   Data        1848  os_core.o(.bss)
    OSQTbl                                   0x200195d8   Data         120  os_core.o(.bss)
    OSTmrTbl                                 0x20019650   Data         640  os_core.o(.bss)
    OSTmrTaskStk                             0x200198d0   Data         512  os_core.o(.bss)
    OSTmrWheelTbl                            0x20019ad0   Data          64  os_core.o(.bss)
    Cycle_T                                  0x20019b1c   Data         180  time.o(.bss)
    ADC_Value                                0x20019bd0   Data          10  bat.o(.bss)
    press_leg_end                            0x20019bdc   Data          20  bat.o(.bss)
    flt_ground                               0x20019bf0   Data          80  bat.o(.bss)
    bat                                      0x20019c40   Data          24  bat.o(.bss)
    NRF24L01_RXDATA                          0x20019c76   Data          32  nrf.o(.bss)
    NRF24L01_TXDATA                          0x20019c96   Data          32  nrf.o(.bss)
    W25QXX_BUFFER                            0x20019cb6   Data        4096  flash_w25.o(.bss)
    ls53                                     0x2001acb6   Data         120  iic_vl53.o(.bss)
    ls53_connect                             0x2001ad2e   Data          12  iic_vl53.o(.bss)
    flow                                     0x2001ad64   Data          32  usart_fc.o(.bss)
    pi                                       0x2001ad84   Data         168  usart_fc.o(.bss)
    TxBuffer1                                0x2001ae2c   Data         256  usart_fc.o(.bss)
    RxBuffer1                                0x2001af2c   Data          50  usart_fc.o(.bss)
    TxBuffer2                                0x2001af5e   Data         256  usart_fc.o(.bss)
    RxBuffer2                                0x2001b05e   Data          80  usart_fc.o(.bss)
    TxBuffer3                                0x2001b0ae   Data         256  usart_fc.o(.bss)
    Rx_Buf3                                  0x2001b1ae   Data         256  usart_fc.o(.bss)
    RxBuffer3                                0x2001b2ae   Data          50  usart_fc.o(.bss)
    TxBuffer4                                0x2001b2e0   Data         256  usart_fc.o(.bss)
    RxBuffer4                                0x2001b3e0   Data          50  usart_fc.o(.bss)
    Rc_Get_PWM                               0x2001b412   Data          34  usart_fc.o(.bss)
    Rc_Get_SBUS                              0x2001b434   Data          34  usart_fc.o(.bss)
    SendBuff1                                0x2001b456   Data         256  usart_fc.o(.bss)
    SendBuff3                                0x2001b556   Data          32  usart_fc.o(.bss)
    BLE_DEBUG                                0x2001b576   Data          32  usart_fc.o(.bss)
    drone                                    0x2001b5ac   Data          56  rc_mine.o(.bss)
    module                                   0x2001b5e4   Data          12  rc_mine.o(.bss)
    RX_CH_FIX_NRF                            0x2001b5f0   Data          32  rc_mine.o(.bss)
    PARAM_NRF                                0x2001b610   Data         216  rc_mine.o(.bss)
    key_rc_reg                               0x2001b6e8   Data         105  rc_mine.o(.bss)
    RC_GET                                   0x2001b754   Data          64  rc_mine.o(.bss)
    ypr_sb                                   0x2001b794   Data          12  rc_mine.o(.bss)
    Rc_Get                                   0x2001b7a0   Data          34  rc_mine.o(.bss)
    mems                                     0x2001b7c4   Data         160  mems.o(.bss)
    sum_temp                                 0x2001b864   Data          28  mems.o(.bss)
    sum_temp_3d                              0x2001b880   Data          28  mems.o(.bss)
    FILT_BUF                                 0x2001b89c   Data         154  mems.o(.bss)
    mems_tmp                                 0x2001b938   Data          28  mems.o(.bss)
    mpu_fil_tmp                              0x2001b954   Data          28  mems.o(.bss)
    lis3mdl                                  0x2001b97c   Data         364  icm20602.o(.bss)
    mpu_buffer                               0x2001bae8   Data          14  icm20602.o(.bss)
    reference_v                              0x2001baf8   Data          12  imu.o(.bss)
    ref                                      0x2001bb04   Data          60  imu.o(.bss)
    reference_vr                             0x2001bb40   Data          12  imu.o(.bss)
    mag_sim_3d                               0x2001bb4c   Data          12  imu.o(.bss)
    ms5611                                   0x2001bb58   Data          52  ms5611.o(.bss)
    pid_force                                0x2001bba4   Data         156  vmc_demo.o(.bss)
    pit_out                                  0x2001bc40   Data          16  vmc_demo.o(.bss)
    timer_sdk                                0x2001bc50   Data          40  vmc_sdk.o(.bss)
    med_filter_tmp                           0x2001bc84   Data        2400  fliter.o(.bss)
    med_filter_out                           0x2001c5e4   Data         120  fliter.o(.bss)
    med_fil_cnt                              0x2001c65c   Data          30  fliter.o(.bss)
    nav                                      0x2001c680   Data          84  nav2.o(.bss)
    P_kf_pose                                0x2001c6d8   Data         288  nav2.o(.bss)
    X_kf_pose                                0x2001c7f8   Data          48  nav2.o(.bss)
    X_f32                                    0x2001c828   Data          32  baro_fushion.o(.bss)
    hml_lsq                                  0x2001c848   Data         168  cycle_cal_oldx.o(.bss)
    vmc                                      0x2001c8f0   Data        2400  vmc.o(.bss)
    vmc_all                                  0x2001d250   Data        1272  vmc.o(.bss)
    h_pid                                    0x2001d748   Data         208  vmc.o(.bss)
    h_pid_all                                0x2001d818   Data          52  vmc.o(.bss)
    att_pid                                  0x2001d84c   Data         416  vmc.o(.bss)
    att_pid_all                              0x2001d9ec   Data         104  vmc.o(.bss)
    att_eso                                  0x2001da60   Data         576  vmc.o(.bss)
    __libspace_start                         0x2001deac   Data          96  libspace.o(.bss)
    __temporary_stack_top$libspace           0x2001df0c   Data           0  libspace.o(.bss)



==============================================================================

Memory Map of the image

  Image Entry point : 0x08000189

  Load Region LR_IROM1 (Base: 0x08000000, Size: 0x00027a0c, Max: 0x00100000, ABSOLUTE, COMPRESSED[0x0002743c])

    Execution Region ER_IROM1 (Base: 0x08000000, Size: 0x00026db8, Max: 0x00100000, ABSOLUTE)

    Base Addr    Size         Type   Attr      Idx    E Section Name        Object

    0x08000000   0x00000188   Data   RO          438    RESET               startup_stm32f40_41xxx.o
    0x08000188   0x00000008   Code   RO         2160  * !!!main             c_w.l(__main.o)
    0x08000190   0x00000034   Code   RO         2520    !!!scatter          c_w.l(__scatter.o)
    0x080001c4   0x0000005a   Code   RO         2518    !!dczerorl2         c_w.l(__dczerorl2.o)
    0x0800021e   0x00000002   PAD
    0x08000220   0x0000001c   Code   RO         2522    !!handler_zi        c_w.l(__scatter_zi.o)
    0x0800023c   0x00000002   Code   RO         2387    .ARM.Collect$$libinit$$00000000  c_w.l(libinit.o)
    0x0800023e   0x00000004   Code   RO         2392    .ARM.Collect$$libinit$$00000001  c_w.l(libinit2.o)
    0x08000242   0x00000000   Code   RO         2395    .ARM.Collect$$libinit$$00000004  c_w.l(libinit2.o)
    0x08000242   0x00000000   Code   RO         2398    .ARM.Collect$$libinit$$0000000A  c_w.l(libinit2.o)
    0x08000242   0x00000000   Code   RO         2400    .ARM.Collect$$libinit$$0000000C  c_w.l(libinit2.o)
    0x08000242   0x00000000   Code   RO         2402    .ARM.Collect$$libinit$$0000000E  c_w.l(libinit2.o)
    0x08000242   0x00000000   Code   RO         2405    .ARM.Collect$$libinit$$00000011  c_w.l(libinit2.o)
    0x08000242   0x00000000   Code   RO         2407    .ARM.Collect$$libinit$$00000013  c_w.l(libinit2.o)
    0x08000242   0x00000000   Code   RO         2409    .ARM.Collect$$libinit$$00000015  c_w.l(libinit2.o)
    0x08000242   0x00000000   Code   RO         2411    .ARM.Collect$$libinit$$00000017  c_w.l(libinit2.o)
    0x08000242   0x00000000   Code   RO         2413    .ARM.Collect$$libinit$$00000019  c_w.l(libinit2.o)
    0x08000242   0x00000000   Code   RO         2415    .ARM.Collect$$libinit$$0000001B  c_w.l(libinit2.o)
    0x08000242   0x00000000   Code   RO         2417    .ARM.Collect$$libinit$$0000001D  c_w.l(libinit2.o)
    0x08000242   0x00000000   Code   RO         2419    .ARM.Collect$$libinit$$0000001F  c_w.l(libinit2.o)
    0x08000242   0x00000000   Code   RO         2421    .ARM.Collect$$libinit$$00000021  c_w.l(libinit2.o)
    0x08000242   0x00000000   Code   RO         2423    .ARM.Collect$$libinit$$00000023  c_w.l(libinit2.o)
    0x08000242   0x00000000   Code   RO         2425    .ARM.Collect$$libinit$$00000025  c_w.l(libinit2.o)
    0x08000242   0x00000000   Code   RO         2429    .ARM.Collect$$libinit$$0000002C  c_w.l(libinit2.o)
    0x08000242   0x00000000   Code   RO         2431    .ARM.Collect$$libinit$$0000002E  c_w.l(libinit2.o)
    0x08000242   0x00000000   Code   RO         2433    .ARM.Collect$$libinit$$00000030  c_w.l(libinit2.o)
    0x08000242   0x00000000   Code   RO         2435    .ARM.Collect$$libinit$$00000032  c_w.l(libinit2.o)
    0x08000242   0x00000002   Code   RO         2436    .ARM.Collect$$libinit$$00000033  c_w.l(libinit2.o)
    0x08000244   0x00000002   Code   RO         2458    .ARM.Collect$$libshutdown$$00000000  c_w.l(libshutdown.o)
    0x08000246   0x00000000   Code   RO         2471    .ARM.Collect$$libshutdown$$00000002  c_w.l(libshutdown2.o)
    0x08000246   0x00000000   Code   RO         2473    .ARM.Collect$$libshutdown$$00000004  c_w.l(libshutdown2.o)
    0x08000246   0x00000000   Code   RO         2476    .ARM.Collect$$libshutdown$$00000007  c_w.l(libshutdown2.o)
    0x08000246   0x00000000   Code   RO         2479    .ARM.Collect$$libshutdown$$0000000A  c_w.l(libshutdown2.o)
    0x08000246   0x00000000   Code   RO         2481    .ARM.Collect$$libshutdown$$0000000C  c_w.l(libshutdown2.o)
    0x08000246   0x00000000   Code   RO         2484    .ARM.Collect$$libshutdown$$0000000F  c_w.l(libshutdown2.o)
    0x08000246   0x00000002   Code   RO         2485    .ARM.Collect$$libshutdown$$00000010  c_w.l(libshutdown2.o)
    0x08000248   0x00000000   Code   RO         2296    .ARM.Collect$$rtentry$$00000000  c_w.l(__rtentry.o)
    0x08000248   0x00000000   Code   RO         2354    .ARM.Collect$$rtentry$$00000002  c_w.l(__rtentry2.o)
    0x08000248   0x00000006   Code   RO         2366    .ARM.Collect$$rtentry$$00000004  c_w.l(__rtentry4.o)
    0x0800024e   0x00000000   Code   RO         2356    .ARM.Collect$$rtentry$$00000009  c_w.l(__rtentry2.o)
    0x0800024e   0x00000004   Code   RO         2357    .ARM.Collect$$rtentry$$0000000A  c_w.l(__rtentry2.o)
    0x08000252   0x00000000   Code   RO         2359    .ARM.Collect$$rtentry$$0000000C  c_w.l(__rtentry2.o)
    0x08000252   0x00000008   Code   RO         2360    .ARM.Collect$$rtentry$$0000000D  c_w.l(__rtentry2.o)
    0x0800025a   0x00000002   Code   RO         2390    .ARM.Collect$$rtexit$$00000000  c_w.l(rtexit.o)
    0x0800025c   0x00000000   Code   RO         2440    .ARM.Collect$$rtexit$$00000002  c_w.l(rtexit2.o)
    0x0800025c   0x00000004   Code   RO         2441    .ARM.Collect$$rtexit$$00000003  c_w.l(rtexit2.o)
    0x08000260   0x00000006   Code   RO         2442    .ARM.Collect$$rtexit$$00000004  c_w.l(rtexit2.o)
    0x08000266   0x00000002   PAD
    0x08000268   0x00001cac   Code   RO            3    .text               ucos_task.o
    0x08001f14   0x00000248   Code   RO          272    .text               main.o
    0x0800215c   0x00000020   Code   RO          360    .text               stm32f4xx_it.o
    0x0800217c   0x00000210   Code   RO          412    .text               system_stm32f4xx.o
    0x0800238c   0x00000040   Code   RO          439    .text               startup_stm32f40_41xxx.o
    0x080023cc   0x00000108   Code   RO          445    .text               delay.o
    0x080024d4   0x000000e0   Code   RO          485    .text               misc.o
    0x080025b4   0x00000294   Code   RO          505    .text               stm32f4xx_gpio.o
    0x08002848   0x0000065c   Code   RO          548    .text               stm32f4xx_rcc.o
    0x08002ea4   0x00000454   Code   RO          590    .text               stm32f4xx_usart.o
    0x080032f8   0x00000ca2   Code   RO          610    .text               stm32f4xx_tim.o
    0x08003f9a   0x00000002   PAD
    0x08003f9c   0x00000694   Code   RO          630    .text               stm32f4xx_flash.o
    0x08004630   0x00000480   Code   RO          690    .text               stm32f4xx_spi.o
    0x08004ab0   0x000003a8   Code   RO          710    .text               stm32f4xx_dma.o
    0x08004e58   0x000000a0   Code   RO          730    .text               stm32f4xx_rng.o
    0x08004ef8   0x00000464   Code   RO          770    .text               stm32f4xx_adc.o
    0x0800535c   0x00000040   Code   RO          790    .text               stm32f4xx_iwdg.o
    0x0800539c   0x00000894   Code   RO          810    .text               os_core.o
    0x08005c30   0x0000080c   Code   RO          838    .text               os_flag.o
    0x0800643c   0x000003cc   Code   RO          858    .text               os_mbox.o
    0x08006808   0x000005e8   Code   RO          912    .text               os_q.o
    0x08006df0   0x0000038c   Code   RO          932    .text               os_sem.o
    0x0800717c   0x000007c4   Code   RO          952    .text               os_task.o
    0x08007940   0x000001b0   Code   RO          972    .text               os_time.o
    0x08007af0   0x00000634   Code   RO          992    .text               os_tmr.o
    0x08008124   0x000000c8   Code   RO         1010    .text               os_cpu_a.o
    0x080081ec   0x000001e8   Code   RO         1015    .text               os_cpu_c.o
    0x080083d4   0x000009f4   Code   RO         1045    .text               flash.o
    0x08008dc8   0x00000ad4   Code   RO         1075    .text               led_fc.o
    0x0800989c   0x00000740   Code   RO         1103    .text               pwm_out.o
    0x08009fdc   0x0000017c   Code   RO         1134    .text               time.o
    0x0800a158   0x0000006c   Code   RO         1185    .text               rng.o
    0x0800a1c4   0x00000b04   Code   RO         1205    .text               bat.o
    0x0800acc8   0x00000584   Code   RO         1233    .text               beep.o
    0x0800b24c   0x0000002c   Code   RO         1259    .text               watch_dog.o
    0x0800b278   0x00000258   Code   RO         1279    .text               spi.o
    0x0800b4d0   0x00000288   Code   RO         1299    .text               nrf.o
    0x0800b758   0x00000368   Code   RO         1352    .text               flash_w25.o
    0x0800bac0   0x00001df4   Code   RO         1380    .text               iic_vl53.o
    0x0800d8b4   0x000015d0   Code   RO         1430    .text               usart_fc.o
    0x0800ee84   0x00000c94   Code   RO         1458    .text               rc_mine.o
    0x0800fb18   0x00000b64   Code   RO         1494    .text               mems.o
    0x0801067c   0x00000430   Code   RO         1526    .text               icm20602.o
    0x08010aac   0x00000ff8   Code   RO         1558    .text               imu.o
    0x08011aa4   0x00000524   Code   RO         1593    .text               ms5611.o
    0x08011fc8   0x000008f8   Code   RO         1621    .text               vmc_demo.o
    0x080128c0   0x0000057c   Code   RO         1649    .text               vmc_sdk.o
    0x08012e3c   0x000005ee   Code   RO         1704    .text               fliter.o
    0x0801342a   0x00000002   PAD
    0x0801342c   0x00000a20   Code   RO         1728    .text               my_math.o
    0x08013e4c   0x000001a0   Code   RO         1778    .text               baro_fushion.o
    0x08013fec   0x00000100   Code   RO         1875    .text               rt_nonfinite.o
    0x080140ec   0x00000134   Code   RO         1899    .text               rtgetinf.o
    0x08014220   0x000000c8   Code   RO         1911    .text               rtgetnan.o
    0x080142e8   0x00000968   Code   RO         1923    .text               baro_kf.o
    0x08014c50   0x00000260   Code   RO         1937    .text               sbus_oldx.lib(sbus.o)
    0x08014eb0   0x00000a18   Code   RO         2027    .text               cycle_cal_oldx.lib(cycle_cal_oldx.o)
    0x080158c8   0x0000de90   Code   RO         2050    .text               F407_FC.lib(vmc.o)
    0x08023758   0x00000064   Code   RO         2154    .text               c_w.l(rt_memcpy_w.o)
    0x080237bc   0x0000004e   Code   RO         2156    .text               c_w.l(rt_memclr_w.o)
    0x0802380a   0x00000006   Code   RO         2158    .text               c_w.l(heapauxi.o)
    0x08023810   0x00000016   Code   RO         2297    .text               c_w.l(_rserrno.o)
    0x08023826   0x00000002   PAD
    0x08023828   0x00000008   Code   RO         2371    .text               c_w.l(rt_errno_addr_intlibspace.o)
    0x08023830   0x00000008   Code   RO         2375    .text               c_w.l(libspace.o)
    0x08023838   0x0000004a   Code   RO         2378    .text               c_w.l(sys_stackheap_outer.o)
    0x08023882   0x00000012   Code   RO         2380    .text               c_w.l(exit.o)
    0x08023894   0x0000000c   Code   RO         2450    .text               c_w.l(sys_exit.o)
    0x080238a0   0x00000002   Code   RO         2461    .text               c_w.l(use_no_semi.o)
    0x080238a2   0x00000000   Code   RO         2463    .text               c_w.l(indicate_semi.o)
    0x080238a2   0x00000030   Code   RO         2331    i.__ARM_fpclassify  m_wm.l(fpclassify.o)
    0x080238d2   0x00000006   PAD
    0x080238d8   0x00000358   Code   RO         2200    i.__hardfp_acos     m_wm.l(acos.o)
    0x08023c30   0x00000360   Code   RO         2214    i.__hardfp_asin     m_wm.l(asin.o)
    0x08023f90   0x000000c8   Code   RO         2228    i.__hardfp_cos      m_wm.l(cos.o)
    0x08024058   0x00000014   Code   RO         2240    i.__hardfp_fabs     m_wm.l(fabs.o)
    0x0802406c   0x00000004   PAD
    0x08024070   0x00000c50   Code   RO         2246    i.__hardfp_pow      m_wm.l(pow.o)
    0x08024cc0   0x000000c8   Code   RO         2260    i.__hardfp_sin      m_wm.l(sin.o)
    0x08024d88   0x0000007a   Code   RO         2272    i.__hardfp_sqrt     m_wm.l(sqrt.o)
    0x08024e02   0x00000006   PAD
    0x08024e08   0x00000080   Code   RO         2284    i.__hardfp_tan      m_wm.l(tan.o)
    0x08024e88   0x00000438   Code   RO         2336    i.__ieee754_rem_pio2  m_wm.l(rred.o)
    0x080252c0   0x00000170   Code   RO         2314    i.__kernel_cos      m_wm.l(cos_i.o)
    0x08025430   0x000000f8   Code   RO         2333    i.__kernel_poly     m_wm.l(poly.o)
    0x08025528   0x00000130   Code   RO         2341    i.__kernel_sin      m_wm.l(sin_i.o)
    0x08025658   0x00000350   Code   RO         2347    i.__kernel_tan      m_wm.l(tan_i.o)
    0x080259a8   0x00000030   Code   RO         2317    i.__mathlib_dbl_divzero  m_wm.l(dunder.o)
    0x080259d8   0x00000014   Code   RO         2318    i.__mathlib_dbl_infnan  m_wm.l(dunder.o)
    0x080259ec   0x00000014   Code   RO         2319    i.__mathlib_dbl_infnan2  m_wm.l(dunder.o)
    0x08025a00   0x00000020   Code   RO         2320    i.__mathlib_dbl_invalid  m_wm.l(dunder.o)
    0x08025a20   0x00000020   Code   RO         2321    i.__mathlib_dbl_overflow  m_wm.l(dunder.o)
    0x08025a40   0x00000020   Code   RO         2323    i.__mathlib_dbl_underflow  m_wm.l(dunder.o)
    0x08025a60   0x00000018   Code   RO         2242    i.fabs              m_wm.l(fabs.o)
    0x08025a78   0x0000006e   Code   RO         2274    i.sqrt              m_wm.l(sqrt.o)
    0x08025ae6   0x00000018   Code   RO         2162    x$fpl$basic         fz_wm.l(basic.o)
    0x08025afe   0x00000002   PAD
    0x08025b00   0x00000062   Code   RO         2164    x$fpl$d2f           fz_wm.l(d2f.o)
    0x08025b62   0x00000002   PAD
    0x08025b64   0x00000150   Code   RO         2166    x$fpl$dadd          fz_wm.l(daddsub_clz.o)
    0x08025cb4   0x00000010   Code   RO         2373    x$fpl$dcheck1       fz_wm.l(dcheck1.o)
    0x08025cc4   0x00000018   Code   RO         2299    x$fpl$dcmpinf       fz_wm.l(dcmpi.o)
    0x08025cdc   0x000002b0   Code   RO         2173    x$fpl$ddiv          fz_wm.l(ddiv.o)
    0x08025f8c   0x00000078   Code   RO         2176    x$fpl$deqf          fz_wm.l(deqf.o)
    0x08026004   0x0000005e   Code   RO         2178    x$fpl$dfix          fz_wm.l(dfix.o)
    0x08026062   0x00000002   PAD
    0x08026064   0x0000005a   Code   RO         2182    x$fpl$dfixu         fz_wm.l(dfixu.o)
    0x080260be   0x0000002e   Code   RO         2187    x$fpl$dflt          fz_wm.l(dflt_clz.o)
    0x080260ec   0x00000026   Code   RO         2186    x$fpl$dfltu         fz_wm.l(dflt_clz.o)
    0x08026112   0x00000002   PAD
    0x08026114   0x00000078   Code   RO         2192    x$fpl$dleqf         fz_wm.l(dleqf.o)
    0x0802618c   0x00000154   Code   RO         2194    x$fpl$dmul          fz_wm.l(dmul.o)
    0x080262e0   0x0000009c   Code   RO         2301    x$fpl$dnaninf       fz_wm.l(dnaninf.o)
    0x0802637c   0x0000000c   Code   RO         2303    x$fpl$dretinf       fz_wm.l(dretinf.o)
    0x08026388   0x0000006c   Code   RO         2196    x$fpl$drleqf        fz_wm.l(drleqf.o)
    0x080263f4   0x00000016   Code   RO         2167    x$fpl$drsb          fz_wm.l(daddsub_clz.o)
    0x0802640a   0x00000002   PAD
    0x0802640c   0x00000198   Code   RO         2305    x$fpl$dsqrt         fz_wm.l(dsqrt_umaal.o)
    0x080265a4   0x000001d4   Code   RO         2168    x$fpl$dsub          fz_wm.l(daddsub_clz.o)
    0x08026778   0x00000056   Code   RO         2198    x$fpl$f2d           fz_wm.l(f2d.o)
    0x080267ce   0x0000008c   Code   RO         2307    x$fpl$fnaninf       fz_wm.l(fnaninf.o)
    0x0802685a   0x0000000a   Code   RO         2448    x$fpl$fpinit        fz_wm.l(fpinit.o)
    0x08026864   0x0000000a   Code   RO         2309    x$fpl$fretinf       fz_wm.l(fretinf.o)
    0x0802686e   0x00000064   Code   RO         2388    x$fpl$retnan        fz_wm.l(retnan.o)
    0x080268d2   0x0000005c   Code   RO         2311    x$fpl$scalbn        fz_wm.l(scalbn.o)
    0x0802692e   0x00000030   Code   RO         2437    x$fpl$trapveneer    fz_wm.l(trapv.o)
    0x0802695e   0x00000000   Code   RO         2313    x$fpl$usenofp       fz_wm.l(usenofp.o)
    0x0802695e   0x00000100   Data   RO          812    .constdata          os_core.o
    0x08026a5e   0x00000002   PAD
    0x08026a60   0x00000018   Data   RO         1595    .constdata          ms5611.o
    0x08026a78   0x00000060   Data   RO         1780    .constdata          baro_fushion.o
    0x08026ad8   0x0000000c   Data   RO         1924    .constdata          baro_kf.o
    0x08026ae4   0x00000004   PAD
    0x08026ae8   0x00000050   Data   RO         2203    .constdata          m_wm.l(acos.o)
    0x08026b38   0x00000050   Data   RO         2217    .constdata          m_wm.l(asin.o)
    0x08026b88   0x00000088   Data   RO         2249    .constdata          m_wm.l(pow.o)
    0x08026c10   0x00000030   Data   RO         2315    .constdata          m_wm.l(cos_i.o)
    0x08026c40   0x00000008   Data   RO         2335    .constdata          m_wm.l(qnan.o)
    0x08026c48   0x000000c8   Data   RO         2338    .constdata          m_wm.l(rred.o)
    0x08026d10   0x00000028   Data   RO         2342    .constdata          m_wm.l(sin_i.o)
    0x08026d38   0x00000060   Data   RO         2348    .constdata          m_wm.l(tan_i.o)
    0x08026d98   0x00000020   Data   RO         2516    Region$$Table       anon$$obj.o


    Execution Region RW_IRAM1 (Base: 0x20000000, Size: 0x0001e510, Max: 0x00020000, ABSOLUTE, COMPRESSED[0x00000684])

    Base Addr    Size         Type   Attr      Idx    E Section Name        Object

    0x20000000   0x0000005b   Data   RW            5    .data               ucos_task.o
    0x2000005b   0x00000001   PAD
    0x2000005c   0x00000010   Data   RW          274    .data               main.o
    0x2000006c   0x00000001   Data   RW          361    .data               stm32f4xx_it.o
    0x2000006d   0x00000003   PAD
    0x20000070   0x00000014   Data   RW          413    .data               system_stm32f4xx.o
    0x20000084   0x00000004   Data   RW          446    .data               delay.o
    0x20000088   0x00000010   Data   RW          549    .data               stm32f4xx_rcc.o
    0x20000098   0x0000005c   Data   RW          813    .data               os_core.o
    0x200000f4   0x00000006   Data   RW         1016    .data               os_cpu_c.o
    0x200000fa   0x00000002   PAD
    0x200000fc   0x0000002e   Data   RW         1046    .data               flash.o
    0x2000012a   0x00000002   PAD
    0x2000012c   0x0000001f   Data   RW         1077    .data               led_fc.o
    0x2000014b   0x00000001   PAD
    0x2000014c   0x00000058   Data   RW         1105    .data               pwm_out.o
    0x200001a4   0x0000004c   Data   RW         1207    .data               bat.o
    0x200001f0   0x00000224   Data   RW         1234    .data               beep.o
    0x20000414   0x0000000a   Data   RW         1301    .data               nrf.o
    0x2000041e   0x00000002   Data   RW         1354    .data               flash_w25.o
    0x20000420   0x00000012   Data   RW         1382    .data               iic_vl53.o
    0x20000432   0x0000002e   Data   RW         1432    .data               usart_fc.o
    0x20000460   0x00000021   Data   RW         1460    .data               rc_mine.o
    0x20000481   0x00000003   PAD
    0x20000484   0x0000002d   Data   RW         1496    .data               mems.o
    0x200004b1   0x00000004   Data   RW         1528    .data               icm20602.o
    0x200004b5   0x00000003   PAD
    0x200004b8   0x0000007d   Data   RW         1560    .data               imu.o
    0x20000535   0x00000003   PAD
    0x20000538   0x00000008   Data   RW         1596    .data               ms5611.o
    0x20000540   0x00000015   Data   RW         1623    .data               vmc_demo.o
    0x20000555   0x00000003   PAD
    0x20000558   0x00000030   Data   RW         1651    .data               vmc_sdk.o
    0x20000588   0x0000000c   Data   RW         1706    .data               fliter.o
    0x20000594   0x00000404   Data   RW         1729    .data               my_math.o
    0x20000998   0x000000f1   Data   RW         1781    .data               baro_fushion.o
    0x20000a89   0x00000007   PAD
    0x20000a90   0x00000024   Data   RW         1876    .data               rt_nonfinite.o
    0x20000ab4   0x0000005c   Data   RW         1938    .data               sbus_oldx.lib(sbus.o)
    0x20000b10   0x00000142   Data   RW         2052    .data               F407_FC.lib(vmc.o)
    0x20000c52   0x00000002   PAD
    0x20000c54   0x00017734   Zero   RW            4    .bss                ucos_task.o
    0x20018388   0x00000500   Zero   RW          273    .bss                main.o
    0x20018888   0x00001288   Zero   RW          811    .bss                os_core.o
    0x20019b10   0x0000000c   Zero   RW         1076    .bss                led_fc.o
    0x20019b1c   0x000000b4   Zero   RW         1135    .bss                time.o
    0x20019bd0   0x000000a6   Zero   RW         1206    .bss                bat.o
    0x20019c76   0x00000040   Zero   RW         1300    .bss                nrf.o
    0x20019cb6   0x00001000   Zero   RW         1353    .bss                flash_w25.o
    0x2001acb6   0x000000ac   Zero   RW         1381    .bss                iic_vl53.o
    0x2001ad62   0x00000002   PAD
    0x2001ad64   0x00000846   Zero   RW         1431    .bss                usart_fc.o
    0x2001b5aa   0x00000002   PAD
    0x2001b5ac   0x00000216   Zero   RW         1459    .bss                rc_mine.o
    0x2001b7c2   0x00000002   PAD
    0x2001b7c4   0x000001b8   Zero   RW         1495    .bss                mems.o
    0x2001b97c   0x0000017a   Zero   RW         1527    .bss                icm20602.o
    0x2001baf6   0x00000002   PAD
    0x2001baf8   0x00000060   Zero   RW         1559    .bss                imu.o
    0x2001bb58   0x0000004c   Zero   RW         1594    .bss                ms5611.o
    0x2001bba4   0x000000ac   Zero   RW         1622    .bss                vmc_demo.o
    0x2001bc50   0x00000034   Zero   RW         1650    .bss                vmc_sdk.o
    0x2001bc84   0x000009f6   Zero   RW         1705    .bss                fliter.o
    0x2001c67a   0x00000006   PAD
    0x2001c680   0x000001a8   Zero   RW         1752    .bss                nav2.o
    0x2001c828   0x00000020   Zero   RW         1779    .bss                baro_fushion.o
    0x2001c848   0x000000a8   Zero   RW         2028    .bss                cycle_cal_oldx.lib(cycle_cal_oldx.o)
    0x2001c8f0   0x000015bc   Zero   RW         2051    .bss                F407_FC.lib(vmc.o)
    0x2001deac   0x00000060   Zero   RW         2376    .bss                c_w.l(libspace.o)
    0x2001df0c   0x00000004   PAD
    0x2001df10   0x00000200   Zero   RW          437    HEAP                startup_stm32f40_41xxx.o
    0x2001e110   0x00000400   Zero   RW          436    STACK               startup_stm32f40_41xxx.o


==============================================================================

Image component sizes


      Code (inc. data)   RO Data    RW Data    ZI Data      Debug   Object Name

       416         56         96        241         32      16314   baro_fushion.o
      2408         38         12          0          0       2475   baro_kf.o
      2820        226          0         76        166       4221   bat.o
      1412        154          0        548          0       5276   beep.o
       264         18          0          4          0       1387   delay.o
         0          0          0          0          0        755   ekf_pos.o
      2548        126          0         46          0       3950   flash.o
       872         14          0          2       4096       4313   flash_w25.o
      1518         50          0         12       2550       4241   fliter.o
      1072         24          0          4        378      14521   icm20602.o
      7668        254          0         18        172      19364   iic_vl53.o
      4088        214          0        125         96       6649   imu.o
         0          0          0          0          0        524   inv.o
      2772        246          0         31         12       3890   led_fc.o
       584         96          0         16       1280       2201   main.o
      2916        190          0         45        440       4589   mems.o
       224         20          0          0          0       1789   misc.o
      1316         84         24          8         76       5611   ms5611.o
      2592        136          0       1028          0       7935   my_math.o
         0          0          0          0        424       1196   nav2.o
       648         18          0         10         64       3616   nrf.o
      2196        218        256         92       4744      15955   os_core.o
       200         32          0          0          0        312   os_cpu_a.o
       488          8          0          6          0      11755   os_cpu_c.o
      2060         42          0          0          0       7192   os_flag.o
       972         16          0          0          0       4298   os_mbox.o
      1512         30          0          0          0       5757   os_q.o
       908         18          0          0          0       4030   os_sem.o
      1988         70          0          0          0       7877   os_task.o
       432         30          0          0          0       1866   os_time.o
      1588         94          0          0          0       5721   os_tmr.o
      1856         84          0         88          0       3685   pwm_out.o
      3220        118          0         33        534       7667   rc_mine.o
       108          0          0          0          0        997   rng.o
       256         26          0         36          0       1952   rt_nonfinite.o
       308         22          0          0          0       1922   rtgetinf.o
       200         18          0          0          0       1293   rtgetnan.o
       600         18          0          0          0       1778   spi.o
        64         26        392          0       1536        824   startup_stm32f40_41xxx.o
      1124         24          0          0          0      10662   stm32f4xx_adc.o
       936         32          0          0          0       6365   stm32f4xx_dma.o
      1684         28          0          0          0       9394   stm32f4xx_flash.o
       660         44          0          0          0       4129   stm32f4xx_gpio.o
        32          4          0          1          0     228791   stm32f4xx_it.o
        64          6          0          0          0       1329   stm32f4xx_iwdg.o
      1628         52          0         16          0      12992   stm32f4xx_rcc.o
       160          4          0          0          0       1796   stm32f4xx_rng.o
      1152         36          0          0          0       6881   stm32f4xx_spi.o
      3234         60          0          0          0      22988   stm32f4xx_tim.o
      1108         34          0          0          0       7856   stm32f4xx_usart.o
       528         46          0         20          0       1735   system_stm32f4xx.o
       380         22          0          0        180      29349   time.o
      7340        482          0         91      96052     341069   ucos_task.o
      5584        318          0         46       2118      12362   usart_fc.o
      2296        298          0         21        172       7528   vmc_demo.o
      1404        100          0         48         52       4015   vmc_sdk.o
        44          0          0          0          0        690   watch_dog.o

    ----------------------------------------------------------------------
     84456       4424        818       2740     115188     909629   Object Totals
         0          0         32          0          0          0   (incl. Generated)
         4          0          6         28         14          0   (incl. Padding)

    ----------------------------------------------------------------------

      Code (inc. data)   RO Data    RW Data    ZI Data      Debug   Library Member Name

     56976       2470          0        322       5564     254946   vmc.o
        90          0          0          0          0          0   __dczerorl2.o
         8          0          0          0          0         68   __main.o
         0          0          0          0          0          0   __rtentry.o
        12          0          0          0          0          0   __rtentry2.o
         6          0          0          0          0          0   __rtentry4.o
        52          8          0          0          0          0   __scatter.o
        28          0          0          0          0          0   __scatter_zi.o
        22          0          0          0          0        100   _rserrno.o
        18          0          0          0          0         80   exit.o
         6          0          0          0          0        152   heapauxi.o
         0          0          0          0          0          0   indicate_semi.o
         2          0          0          0          0          0   libinit.o
         6          0          0          0          0          0   libinit2.o
         2          0          0          0          0          0   libshutdown.o
         2          0          0          0          0          0   libshutdown2.o
         8          4          0          0         96         68   libspace.o
         8          4          0          0          0         68   rt_errno_addr_intlibspace.o
        78          0          0          0          0         80   rt_memclr_w.o
       100          0          0          0          0         80   rt_memcpy_w.o
         2          0          0          0          0          0   rtexit.o
        10          0          0          0          0          0   rtexit2.o
        12          4          0          0          0         68   sys_exit.o
        74          0          0          0          0         80   sys_stackheap_outer.o
         2          0          0          0          0         68   use_no_semi.o
      2584         12          0          0        168       4813   cycle_cal_oldx.o
        24          0          0          0          0        164   basic.o
        98          4          0          0          0        140   d2f.o
       826         16          0          0          0        492   daddsub_clz.o
        16          4          0          0          0        116   dcheck1.o
        24          0          0          0          0        116   dcmpi.o
       688        140          0          0          0        256   ddiv.o
       120          4          0          0          0        140   deqf.o
        94          4          0          0          0        140   dfix.o
        90          4          0          0          0        140   dfixu.o
        84          0          0          0          0        232   dflt_clz.o
       120          4          0          0          0        140   dleqf.o
       340         12          0          0          0        152   dmul.o
       156          4          0          0          0        140   dnaninf.o
        12          0          0          0          0        116   dretinf.o
       108          0          0          0          0        128   drleqf.o
       408         56          0          0          0        168   dsqrt_umaal.o
        86          4          0          0          0        132   f2d.o
       140          4          0          0          0        132   fnaninf.o
        10          0          0          0          0        116   fpinit.o
        10          0          0          0          0        116   fretinf.o
       100          0          0          0          0        116   retnan.o
        92          0          0          0          0        116   scalbn.o
        48          0          0          0          0        116   trapv.o
         0          0          0          0          0          0   usenofp.o
       856        118         80          0          0        288   acos.o
       864         94         80          0          0        280   asin.o
       200         20          0          0          0        164   cos.o
       368         46         48          0          0        200   cos_i.o
       184         44          0          0          0        744   dunder.o
        44          0          0          0          0        248   fabs.o
        48          0          0          0          0        124   fpclassify.o
       248          0          0          0          0        152   poly.o
      3152        296        136          0          0        352   pow.o
         0          0          8          0          0          0   qnan.o
      1080        142        200          0          0        188   rred.o
       200         20          0          0          0        164   sin.o
       304         24         40          0          0        208   sin_i.o
       232          0          0          0          0        296   sqrt.o
       128         20          0          0          0        144   tan.o
       848         84         96          0          0        196   tan_i.o
       608         26          0         92          0     217216   sbus.o

    ----------------------------------------------------------------------
     73198       3696        688        416       5832     485259   Library Totals
        32          0          0          2          4          0   (incl. Padding)

    ----------------------------------------------------------------------

      Code (inc. data)   RO Data    RW Data    ZI Data      Debug   Library Name

     56976       2470          0        322       5564     254946   F407_FC.lib
       548         20          0          0         96        912   c_w.l
      2584         12          0          0        168       4813   cycle_cal_oldx.lib
      3694        260          0          0          0       3624   fz_wm.l
      8756        908        688          0          0       3748   m_wm.l
       608         26          0         92          0     217216   sbus_oldx.lib

    ----------------------------------------------------------------------
     73198       3696        688        416       5832     485259   Library Totals

    ----------------------------------------------------------------------

==============================================================================


      Code (inc. data)   RO Data    RW Data    ZI Data      Debug   

    157654       8120       1506       3156     121020    1377424   Grand Totals
    157654       8120       1506       1668     121020    1377424   ELF Image Totals (compressed)
    157654       8120       1506       1668          0          0   ROM Totals

==============================================================================

    Total RO  Size (Code + RO Data)               159160 ( 155.43kB)
    Total RW  Size (RW Data + ZI Data)            124176 ( 121.27kB)
    Total ROM Size (Code + RO Data + RW Data)     160828 ( 157.06kB)

==============================================================================

