<html>
<body>
<pre>
<h1>µVision Build Log</h1>
<h2>Tool Versions:</h2>
IDE-Version: ¦ÌVision V5.20.0.0
Copyright (C) 2016 ARM Ltd and ARM Germany GmbH. All rights reserved.
License Information: g g, g, LIC=9N001-CTM3K-EYMVT-RJP0X-PK1D6-1MBQY
 
Tool Versions:
Toolchain:       MDK-ARM Professional  Version: 5.20
Toolchain Path:  d:\Keil_v5\ARM\ARMCC\Bin
C Compiler:      Armcc.exe V5.06 update 2 (build 183)
Assembler:       Armasm.exe V5.06 update 2 (build 183)
Linker/Locator:  ArmLink.exe V5.06 update 2 (build 183)
Library Manager: ArmAr.exe V5.06 update 2 (build 183)
Hex Converter:   FromElf.exe V5.06 update 2 (build 183)
CPU DLL:         SARMCM3.DLL V5.20
Dialog DLL:      DCM.DLL V1.13.7.0
Target DLL:      STLink\ST-LINKIII-KEIL_SWO.dll V2.0.18.0
Dialog DLL:      TCM.DLL V1.14.9.0
 
<h2>Project:</h2>
D:\FC\4LEG - 2AN - P4\USER\UCOSII-3.uvprojx
Project File Date:  04/05/2019

<h2>Output:</h2>
*** Using Compiler 'V5.06 update 2 (build 183)', folder: 'd:\Keil_v5\ARM\ARMCC\Bin'
Build target 'LEG_POWER'
compiling rc_mine.c...
compiling pwm_out.c...
compiling bat.c...
compiling led_fc.c...
compiling flash.c...
compiling ucos_task.c...
compiling usart_fc.c...
compiling pose_fushion.c...
compiling vmc_sdk.c...
compiling baro_fushion.c...
compiling mems.c...
compiling vmc_demo.c...
linking...
Program Size: Code=207102 RO-data=1634 RW-data=3364 ZI-data=124260  
FromELF: creating hex file...
"..\OBJ\UCOSII-3.axf" - 0 Error(s), 0 Warning(s).

<h2>Collection of Component include folders:</h2>
  D:\FC\4LEG - 2AN - P4\USER\RTE
  d:\Keil_v5\ARM\PACK\Keil\STM32F4xx_DFP\2.9.0\Drivers\CMSIS\Device\ST\STM32F4xx\Include

<h2>Collection of Component Files used:</h2>
Build Time Elapsed:  00:00:06
</pre>
</body>
</html>
