Component: ARM Compiler 5.06 update 2 (build 183) Tool: armlink [4d35b7]

==============================================================================

Section Cross References

    ucos_task.o(.text) refers to time.o(.text) for Get_Cycle_T
    ucos_task.o(.text) refers to mems.o(.text) for IMU_Read
    ucos_task.o(.text) refers to iic_vl53.o(.text) for Read_Ground_Key
    ucos_task.o(.text) refers to dflt_clz.o(x$fpl$dfltu) for __aeabi_ui2d
    ucos_task.o(.text) refers to drleqf.o(x$fpl$drleqf) for __aeabi_cdrcmple
    ucos_task.o(.text) refers to f2d.o(x$fpl$f2d) for __aeabi_f2d
    ucos_task.o(.text) refers to ddiv.o(x$fpl$ddiv) for __aeabi_ddiv
    ucos_task.o(.text) refers to d2f.o(x$fpl$d2f) for __aeabi_d2f
    ucos_task.o(.text) refers to imu.o(.text) for madgwick_update_new
    ucos_task.o(.text) refers to dmul.o(x$fpl$dmul) for __aeabi_dmul
    ucos_task.o(.text) refers to vmc.o(.text) for DigitalLPF
    ucos_task.o(.text) refers to ucos_task.o(.bss) for leg_dt
    ucos_task.o(.text) refers to iic_vl53.o(.bss) for ls53
    ucos_task.o(.text) refers to vmc.o(.bss) for vmc
    ucos_task.o(.text) refers to ucos_task.o(.data) for cnt_init
    ucos_task.o(.text) refers to mems.o(.bss) for mems
    ucos_task.o(.text) refers to rc_mine.o(.bss) for module
    ucos_task.o(.text) refers to imu.o(.data) for Yaw
    ucos_task.o(.text) refers to imu.o(.bss) for reference_vr
    ucos_task.o(.text) refers to ms5611.o(.text) for MS5611_Update
    ucos_task.o(.text) refers to delay.o(.text) for delay_ms
    ucos_task.o(.text) refers to baro_fushion.o(.text) for baro_fushion
    ucos_task.o(.text) refers to pose_fushion.o(.text) for pose_fushion
    ucos_task.o(.text) refers to dleqf.o(x$fpl$dleqf) for __aeabi_cdcmple
    ucos_task.o(.text) refers to vmc_demo.o(.text) for vmc_init
    ucos_task.o(.text) refers to my_math.o(.text) for my_deathzoom_rc
    ucos_task.o(.text) refers to pose_fushion.o(.bss) for nav
    ucos_task.o(.text) refers to bat.o(.bss) for press_leg_end
    ucos_task.o(.text) refers to usart_fc.o(.bss) for Rc_Get_SBUS
    ucos_task.o(.text) refers to vmc.o(.data) for MAX_SPD
    ucos_task.o(.text) refers to rc_mine.o(.data) for KEY
    ucos_task.o(.text) refers to vmc_sdk.o(.text) for smart_control
    ucos_task.o(.text) refers to watch_dog.o(.text) for IWDG_Init
    ucos_task.o(.text) refers to led_fc.o(.text) for leg_power_control
    ucos_task.o(.text) refers to bat.o(.text) for Bat_protect
    ucos_task.o(.text) refers to pwm_out.o(.text) for Set_DJ_PWM
    ucos_task.o(.text) refers to usart_fc.o(.text) for data_per_uart_rc
    ucos_task.o(.text) refers to dfix.o(x$fpl$dfix) for __aeabi_d2iz
    ucos_task.o(.text) refers to rc_mine.o(.text) for Nrf_Check_Event
    ucos_task.o(.text) refers to ms5611.o(.bss) for ms5611
    ucos_task.o(.text) refers to os_core.o(.data) for OSCPUUsage
    main.o(.text) refers to os_mbox.o(.text) for OSMboxCreate
    main.o(.text) refers to os_q.o(.text) for OSQCreate
    main.o(.text) refers to os_flag.o(.text) for OSFlagCreate
    main.o(.text) refers to os_core.o(.text) for OSStatInit
    main.o(.text) refers to os_tmr.o(.text) for OSTmrCreate
    main.o(.text) refers to os_cpu_a.o(.text) for OS_CPU_SR_Save
    main.o(.text) refers to os_task.o(.text) for OSTaskCreate
    main.o(.text) refers to misc.o(.text) for NVIC_PriorityGroupConfig
    main.o(.text) refers to delay.o(.text) for delay_init
    main.o(.text) refers to time.o(.text) for Initial_Timer_SYS
    main.o(.text) refers to led_fc.o(.text) for POWER_INIT
    main.o(.text) refers to rng.o(.text) for RNG_Init
    main.o(.text) refers to pwm_out.o(.text) for PWM_AUX_Out_Init
    main.o(.text) refers to beep.o(.text) for Beep_Init
    main.o(.text) refers to usart_fc.o(.text) for Usart1_Init
    main.o(.text) refers to spi.o(.text) for SPI2_Init
    main.o(.text) refers to icm20602.o(.text) for LIS3MDL_Init
    main.o(.text) refers to ms5611.o(.text) for MS5611_Init
    main.o(.text) refers to bat.o(.text) for Adc_Init
    main.o(.text) refers to flash_w25.o(.text) for W25QXX_Init
    main.o(.text) refers to flash.o(.text) for READ_PARM
    main.o(.text) refers to nrf.o(.text) for Nrf24l01_Init
    main.o(.text) refers to iic_vl53.o(.text) for I2c_Soft_Init_VL53
    main.o(.text) refers to main.o(.data) for msg_key
    main.o(.text) refers to main.o(.bss) for MsgGrp
    main.o(.text) refers to ucos_task.o(.text) for tmr1_callback
    main.o(.text) refers to ucos_task.o(.data) for tmr1
    main.o(.text) refers to ucos_task.o(.bss) for BRAIN_TASK_STK
    main.o(.text) refers to rc_mine.o(.bss) for module
    stm32f4xx_it.o(.text) refers to stm32f4xx_it.o(.data) for hard_fall
    system_stm32f4xx.o(.text) refers to system_stm32f4xx.o(.data) for SystemCoreClock
    startup_stm32f40_41xxx.o(STACK) refers (Special) to heapauxi.o(.text) for __use_two_region_memory
    startup_stm32f40_41xxx.o(HEAP) refers (Special) to heapauxi.o(.text) for __use_two_region_memory
[...]
    UsartSend2                               0x0800e1e1   Thumb Code    28  usart_fc.o(.text)
    UsartSend3                               0x0800e1fd   Thumb Code    28  usart_fc.o(.text)
    UsartSend4                               0x0800e219   Thumb Code    28  usart_fc.o(.text)
    Data_LEG_CMD                             0x0800e235   Thumb Code   996  usart_fc.o(.text)
    Anal_Outter_CMD                          0x0800e619   Thumb Code   492  usart_fc.o(.text)
    USART1_IRQHandler                        0x0800e805   Thumb Code   328  usart_fc.o(.text)
    USART2_IRQHandler                        0x0800e94d   Thumb Code   382  usart_fc.o(.text)
    USART3_IRQHandler                        0x0800eacb   Thumb Code   338  usart_fc.o(.text)
    UART4_IRQHandler                         0x0800ec1d   Thumb Code   324  usart_fc.o(.text)
    UART5_IRQHandler                         0x0800ed61   Thumb Code   768  usart_fc.o(.text)
    data_per_uart_rc                         0x0800f061   Thumb Code   126  usart_fc.o(.text)
    GOL_LINK_TASK_DMA                        0x0800f0df   Thumb Code     2  usart_fc.o(.text)
    clear_leg_uart                           0x0800f0e1   Thumb Code    26  usart_fc.o(.text)
    data_per_uart1                           0x0800f0fb   Thumb Code   616  usart_fc.o(.text)
    NRF_DataAnl                              0x0800f371   Thumb Code  1400  rc_mine.o(.text)
    Nrf_Check_Event                          0x0800f8e9   Thumb Code   116  rc_mine.o(.text)
    NRF_Send1                                0x0800f95d   Thumb Code   844  rc_mine.o(.text)
    NRF_Send2                                0x0800fca9   Thumb Code   140  rc_mine.o(.text)
    NRF_Send3                                0x0800fd35   Thumb Code   212  rc_mine.o(.text)
    NRF_Send4                                0x0800fe09   Thumb Code   118  rc_mine.o(.text)
    NRF_Send5                                0x0800fe7f   Thumb Code   118  rc_mine.o(.text)
    NRF_Send6                                0x0800fef5   Thumb Code   118  rc_mine.o(.text)
    param_copy_pid                           0x0800ff6b   Thumb Code     2  rc_mine.o(.text)
    pid_copy_param                           0x0800ff6d   Thumb Code     2  rc_mine.o(.text)
    RC_Send_Task                             0x0800ff6f   Thumb Code   246  rc_mine.o(.text)
    IMU_Read                                 0x08010071   Thumb Code    50  mems.o(.text)
    MEMS_Data_Offset                         0x080100a3   Thumb Code  1406  mems.o(.text)
    Transform                                0x08010621   Thumb Code    14  mems.o(.text)
    LIS_CalOffset_Mag                        0x0801062f   Thumb Code  1954  mems.o(.text)
    IMU_Data_Prepare                         0x08010dd1   Thumb Code  1548  mems.o(.text)
    Lis3mdl_SPI_WR                           0x080113f5   Thumb Code    38  icm20602.o(.text)
    SPI_BufferRead                           0x0801141b   Thumb Code    86  icm20602.o(.text)
    LSM6_readAcc                             0x08011471   Thumb Code   160  icm20602.o(.text)
    LSM6_readGyro                            0x08011511   Thumb Code   160  icm20602.o(.text)
    DS33_Init                                0x080115b1   Thumb Code   126  icm20602.o(.text)
    LIS3MDL_Init                             0x0801162f   Thumb Code    84  icm20602.o(.text)
    LIS3MDL_read                             0x08011683   Thumb Code   210  icm20602.o(.text)
    invSqrt                                  0x08011765   Thumb Code    56  imu.o(.text)
    calculateAccConfidence                   0x0801179d   Thumb Code   240  imu.o(.text)
    calculateHmlConfidence                   0x0801188d   Thumb Code   214  imu.o(.text)
    mag_fail_check                           0x08011963   Thumb Code   410  imu.o(.text)
    Q_state_init                             0x08011afd   Thumb Code  1036  imu.o(.text)
    madgwick_update_new                      0x08011f09   Thumb Code  6272  imu.o(.text)
    MS5611_Detect                            0x080137a1   Thumb Code     4  ms5611.o(.text)
    Spi_SingleWirteAndRead                   0x080137a5   Thumb Code    52  ms5611.o(.text)
    LPButter_BaroAlt                         0x080137d9   Thumb Code   136  ms5611.o(.text)
    SPI_MultiWriteAndRead                    0x08013861   Thumb Code    88  ms5611.o(.text)
    Spi_BaroSingleWrite                      0x080138b9   Thumb Code    40  ms5611.o(.text)
    Spi_BaroMultiRead                        0x080138e1   Thumb Code    46  ms5611.o(.text)
    SoftDelayMs                              0x0801390f   Thumb Code    22  ms5611.o(.text)
    MS5611_Init                              0x0801398b   Thumb Code    22  ms5611.o(.text)
    MS5611_Update                            0x08013bff   Thumb Code   316  ms5611.o(.text)
    MS5611_Read                              0x08013d3b   Thumb Code     8  ms5611.o(.text)
    DJ_init                                  0x08013d71   Thumb Code   252  vmc_demo.o(.text)
    cal_jacobi_d                             0x08013e6d   Thumb Code  2738  vmc_demo.o(.text)
    vmc_init                                 0x0801491f   Thumb Code  2074  vmc_demo.o(.text)
    estimate_end_state_d                     0x08015c7b   Thumb Code   764  vmc_demo.o(.text)
    inv_end_state_d                          0x08018001   Thumb Code   610  vmc_demo.o(.text)
    cal_torque_d                             0x08018263   Thumb Code   476  vmc_demo.o(.text)
    out_range_protect_d                      0x0801843f   Thumb Code   822  vmc_demo.o(.text)
    vcal_pwm_from_sita_d                     0x08018775   Thumb Code   312  vmc_demo.o(.text)
    convert_mine_to_vmc_test_d               0x080188ad   Thumb Code   160  vmc_demo.o(.text)
    convert_mine_to_vmc_d                    0x0801894d   Thumb Code   232  vmc_demo.o(.text)
    power_task_d                             0x08018a35   Thumb Code  1474  vmc_demo.o(.text)
    onboard_control_d                        0x080191c7   Thumb Code   560  vmc_demo.o(.text)
    VMC_DEMO                                 0x080193f7   Thumb Code  3558  vmc_demo.o(.text)
    follow_traj                              0x0801a211   Thumb Code  1508  vmc_sdk.o(.text)
    traj_init_task                           0x0801a7f5   Thumb Code   566  vmc_sdk.o(.text)
    set_pos_api                              0x0801aa2b   Thumb Code   176  vmc_sdk.o(.text)
    delay_api                                0x0801aadb   Thumb Code    46  vmc_sdk.o(.text)
    timer_init                               0x0801ab09   Thumb Code    38  vmc_sdk.o(.text)
    Trajectory_Test                          0x0801ab2f   Thumb Code   216  vmc_sdk.o(.text)
    track_pixy_api                           0x0801ac07   Thumb Code   742  vmc_sdk.o(.text)
    Cube_Track                               0x0801aeed   Thumb Code   120  vmc_sdk.o(.text)
    smart_control                            0x0801af65   Thumb Code   382  vmc_sdk.o(.text)
    set_spd_api                              0x0801b0e3   Thumb Code    50  vmc_sdk.o(.text)
    Low_Fass_Filter                          0x0801b135   Thumb Code   194  fliter.o(.text)
    Moving_Average                           0x0801b1f7   Thumb Code    94  fliter.o(.text)
    Moving_Median                            0x0801b255   Thumb Code   228  fliter.o(.text)
    simple_3d_trans                          0x0801b339   Thumb Code   272  fliter.o(.text)
    kalman2_init                             0x0801b449   Thumb Code   122  fliter.o(.text)
    kalman2_filter                           0x0801b4c3   Thumb Code   544  fliter.o(.text)
    my_sqrt                                  0x0801b70d   Thumb Code    88  my_math.o(.text)
    OLDX_SMOOTH_IN_ESOX                      0x0801ba2d   Thumb Code    94  my_math.o(.text)
    my_abs                                   0x0801ba8b   Thumb Code    26  my_math.o(.text)
    fast_atan2                               0x0801baa5   Thumb Code   378  my_math.o(.text)
    my_atan                                  0x0801bc1f   Thumb Code    24  my_math.o(.text)
    my_pow                                   0x0801bc37   Thumb Code    10  my_math.o(.text)
    mx_sin                                   0x0801bc41   Thumb Code   292  my_math.o(.text)
    my_sin                                   0x0801bd65   Thumb Code   108  my_math.o(.text)
    my_cos                                   0x0801bdd1   Thumb Code   136  my_math.o(.text)
    my_deathzoom                             0x0801be59   Thumb Code    62  my_math.o(.text)
    my_deathzoom_2                           0x0801be97   Thumb Code    40  my_math.o(.text)
    my_deathzoom_21                          0x0801bebf   Thumb Code    40  my_math.o(.text)
    my_deathzoom_rc                          0x0801bee7   Thumb Code   308  my_math.o(.text)
    limit_mine                               0x0801c01b   Thumb Code    40  my_math.o(.text)
    limit_mine2                              0x0801c043   Thumb Code    36  my_math.o(.text)
    To_180_degrees                           0x0801c067   Thumb Code    58  my_math.o(.text)
    my_pow_2_curve                           0x0801c0a1   Thumb Code    80  my_math.o(.text)
    GenerateTrajectory                       0x0801c0f1   Thumb Code  1306  my_math.o(.text)
    get_trajecotry                           0x0801c60b   Thumb Code  1856  my_math.o(.text)
    plan_tra                                 0x0801cd4b   Thumb Code   194  my_math.o(.text)
    get_tra                                  0x0801ce0d   Thumb Code   162  my_math.o(.text)
    pose_fushion                             0x0801ceb1   Thumb Code  1220  pose_fushion.o(.text)
    baro_fushion                             0x0801d381   Thumb Code   370  baro_fushion.o(.text)
    pose_kf                                  0x0801d521   Thumb Code  4948  pose_kf.o(.text)
    pose_kf_initialize                       0x0801e875   Thumb Code    10  pose_kf.o(.text)
    pose_kf_terminate                        0x0801e87f   Thumb Code     2  pose_kf.o(.text)
    baro_kf                                  0x0801e881   Thumb Code  2772  baro_kf.o(.text)
    baro_kf_initialize                       0x0801f355   Thumb Code    10  baro_kf.o(.text)
    baro_kf_terminate                        0x0801f35f   Thumb Code     2  baro_kf.o(.text)
    rt_InitInfAndNaN                         0x0801f385   Thumb Code    66  rt_nonfinite.o(.text)
    rtIsInf                                  0x0801f3c7   Thumb Code    66  rt_nonfinite.o(.text)
    rtIsInfF                                 0x0801f409   Thumb Code    40  rt_nonfinite.o(.text)
    rtIsNaN                                  0x0801f431   Thumb Code    40  rt_nonfinite.o(.text)
    rtIsNaNF                                 0x0801f459   Thumb Code    18  rt_nonfinite.o(.text)
    rtGetInfF                                0x0801f485   Thumb Code    14  rtgetinf.o(.text)
    rtGetInf                                 0x0801f493   Thumb Code   130  rtgetinf.o(.text)
    rtGetMinusInfF                           0x0801f515   Thumb Code    12  rtgetinf.o(.text)
    rtGetMinusInf                            0x0801f521   Thumb Code   130  rtgetinf.o(.text)
    rtGetNaNF                                0x0801f5b9   Thumb Code    48  rtgetnan.o(.text)
    rtGetNaN                                 0x0801f5e9   Thumb Code   134  rtgetnan.o(.text)
    sbus_anal_oldx                           0x0801f681   Thumb Code   462  sbus.o(.text)
    oldx_sbus_rx                             0x0801f84f   Thumb Code   120  sbus.o(.text)
    cycle_init_oldx                          0x0801f8e1   Thumb Code   184  cycle_cal_oldx.o(.text)
    cycle_data_add_oldx                      0x0801f999   Thumb Code   420  cycle_cal_oldx.o(.text)
    cycle_cal_oldx                           0x0801fb3d   Thumb Code  1980  cycle_cal_oldx.o(.text)
    get_license                              0x080202f9   Thumb Code    92  vmc.o(.text)
    DigitalLPF                               0x080205f5   Thumb Code   194  vmc.o(.text)
    fast_sqrt                                0x080206b7   Thumb Code   144  vmc.o(.text)
    sign                                     0x08020747   Thumb Code    20  vmc.o(.text)
    cosd                                     0x0802075b   Thumb Code    88  vmc.o(.text)
    tand                                     0x080207b3   Thumb Code    68  vmc.o(.text)
    sind                                     0x080207f7   Thumb Code    92  vmc.o(.text)
    dead                                     0x08020853   Thumb Code    62  vmc.o(.text)
    cal_bear                                 0x08020891   Thumb Code   566  vmc.o(.text)
    att_to_weight                            0x08020ac7   Thumb Code   436  vmc.o(.text)
    vcal_pwm_from_sita                       0x08020c7b   Thumb Code   312  vmc.o(.text)
    convert_mine_to_vmc_test                 0x08020db3   Thumb Code   160  vmc.o(.text)
    convert_mine_to_vmc                      0x08020e53   Thumb Code   184  vmc.o(.text)
    inv_end_state                            0x08020f0b   Thumb Code   548  vmc.o(.text)
    cal_jacobi                               0x0802112f   Thumb Code  2866  vmc.o(.text)
    cal_torque                               0x08021c61   Thumb Code   476  vmc.o(.text)
    cal_torque1                              0x08021e3d   Thumb Code   350  vmc.o(.text)
    out_range_protect                        0x08021ff9   Thumb Code   884  vmc.o(.text)
    estimate_end_state                       0x0802383f   Thumb Code  1400  vmc.o(.text)
    base_reset                               0x080248d5   Thumb Code   246  vmc.o(.text)
    attitude_control1                        0x080249cb   Thumb Code  3712  vmc.o(.text)
    height_control1                          0x0802584b   Thumb Code  2770  vmc.o(.text)
    leg_tar_publish                          0x0802631d   Thumb Code  2928  vmc.o(.text)
    leg_check_publish                        0x08026e8d   Thumb Code   532  vmc.o(.text)
    yaw_control                              0x080270a1   Thumb Code  2502  vmc.o(.text)
    spd_control                              0x08027a67   Thumb Code  3326  vmc.o(.text)
    pos_control                              0x08028765   Thumb Code  1096  vmc.o(.text)
    deng_control                             0x08028bad   Thumb Code   760  vmc.o(.text)
    cal_force_y                              0x08028ea5   Thumb Code   912  vmc.o(.text)
    cal_force_z                              0x08029235   Thumb Code   458  vmc.o(.text)
    cal_force_deng                           0x080293ff   Thumb Code  1080  vmc.o(.text)
    state_check                              0x0802b199   Thumb Code  1676  vmc.o(.text)
    power_task                               0x0802b825   Thumb Code  1430  vmc.o(.text)
    trig_extend                              0x0802bdbb   Thumb Code  2076  vmc.o(.text)
    jump_4leg                                0x0802c5d7   Thumb Code  3884  vmc.o(.text)
    onboard_control                          0x0802d503   Thumb Code   584  vmc.o(.text)
    VMC_OLDX_VER1                            0x0802d74b   Thumb Code  5476  vmc.o(.text)
    __aeabi_memcpy4                          0x0802ecd5   Thumb Code     0  rt_memcpy_w.o(.text)
    __aeabi_memcpy8                          0x0802ecd5   Thumb Code     0  rt_memcpy_w.o(.text)
    __rt_memcpy_w                            0x0802ecd5   Thumb Code   100  rt_memcpy_w.o(.text)
    _memcpy_lastbytes_aligned                0x0802ed1d   Thumb Code     0  rt_memcpy_w.o(.text)
    __aeabi_memclr4                          0x0802ed39   Thumb Code     0  rt_memclr_w.o(.text)
    __aeabi_memclr8                          0x0802ed39   Thumb Code     0  rt_memclr_w.o(.text)
    __rt_memclr_w                            0x0802ed39   Thumb Code    78  rt_memclr_w.o(.text)
    _memset_w                                0x0802ed3d   Thumb Code     0  rt_memclr_w.o(.text)
    __use_two_region_memory                  0x0802ed87   Thumb Code     2  heapauxi.o(.text)
    __rt_heap_escrow$2region                 0x0802ed89   Thumb Code     2  heapauxi.o(.text)
    __rt_heap_expand$2region                 0x0802ed8b   Thumb Code     2  heapauxi.o(.text)
    __read_errno                             0x0802ed8d   Thumb Code    10  _rserrno.o(.text)
    __set_errno                              0x0802ed97   Thumb Code    12  _rserrno.o(.text)
    __aeabi_errno_addr                       0x0802eda5   Thumb Code     8  rt_errno_addr_intlibspace.o(.text)
    __errno$intlibspace                      0x0802eda5   Thumb Code     0  rt_errno_addr_intlibspace.o(.text)
    __rt_errno_addr$intlibspace              0x0802eda5   Thumb Code     0  rt_errno_addr_intlibspace.o(.text)
    __user_libspace                          0x0802edad   Thumb Code     8  libspace.o(.text)
    __user_perproc_libspace                  0x0802edad   Thumb Code     0  libspace.o(.text)
    __user_perthread_libspace                0x0802edad   Thumb Code     0  libspace.o(.text)
    __user_setup_stackheap                   0x0802edb5   Thumb Code    74  sys_stackheap_outer.o(.text)
    exit                                     0x0802edff   Thumb Code    18  exit.o(.text)
    _sys_exit                                0x0802ee11   Thumb Code     8  sys_exit.o(.text)
    __I$use$semihosting                      0x0802ee1d   Thumb Code     0  use_no_semi.o(.text)
    __use_no_semihosting_swi                 0x0802ee1d   Thumb Code     2  use_no_semi.o(.text)
    __ARM_fpclassify                         0x0802ee1f   Thumb Code    48  fpclassify.o(i.__ARM_fpclassify)
    __semihosting_library_function           0x0802ee1f   Thumb Code     0  indicate_semi.o(.text)
    __ARM_fpclassifyf                        0x0802ee4f   Thumb Code    38  fpclassifyf.o(i.__ARM_fpclassifyf)
    __hardfp_acos                            0x0802ee79   Thumb Code   738  acos.o(i.__hardfp_acos)
    __hardfp_asin                            0x0802f1d1   Thumb Code   770  asin.o(i.__hardfp_asin)
    __hardfp_atan                            0x0802f531   Thumb Code   622  atan.o(i.__hardfp_atan)
    __hardfp_atan2                           0x0802f809   Thumb Code   432  atan2.o(i.__hardfp_atan2)
    __hardfp_atan2f                          0x0802f9f9   Thumb Code   502  atan2f.o(i.__hardfp_atan2f)
    __hardfp_cos                             0x0802fc49   Thumb Code   180  cos.o(i.__hardfp_cos)
    __hardfp_cosf                            0x0802fd11   Thumb Code   280  cosf.o(i.__hardfp_cosf)
    __hardfp_fabs                            0x0802fe61   Thumb Code    20  fabs.o(i.__hardfp_fabs)
    __hardfp_pow                             0x0802fe79   Thumb Code  3072  pow.o(i.__hardfp_pow)
    __hardfp_sin                             0x08030ac9   Thumb Code   180  sin.o(i.__hardfp_sin)
    __hardfp_sinf                            0x08030b91   Thumb Code   344  sinf.o(i.__hardfp_sinf)
    __hardfp_sqrt                            0x08030d21   Thumb Code   122  sqrt.o(i.__hardfp_sqrt)
    __hardfp_tan                             0x08030da1   Thumb Code   108  tan.o(i.__hardfp_tan)
    __ieee754_rem_pio2                       0x08030e21   Thumb Code   938  rred.o(i.__ieee754_rem_pio2)
    __kernel_cos                             0x08031259   Thumb Code   322  cos_i.o(i.__kernel_cos)
    __kernel_poly                            0x080313c9   Thumb Code   248  poly.o(i.__kernel_poly)
    __kernel_sin                             0x080314c1   Thumb Code   280  sin_i.o(i.__kernel_sin)
    __kernel_tan                             0x080315f1   Thumb Code   764  tan_i.o(i.__kernel_tan)
    __mathlib_dbl_divzero                    0x08031941   Thumb Code    28  dunder.o(i.__mathlib_dbl_divzero)
    __mathlib_dbl_infnan                     0x08031971   Thumb Code    20  dunder.o(i.__mathlib_dbl_infnan)
    __mathlib_dbl_infnan2                    0x08031985   Thumb Code    20  dunder.o(i.__mathlib_dbl_infnan2)
    __mathlib_dbl_invalid                    0x08031999   Thumb Code    24  dunder.o(i.__mathlib_dbl_invalid)
    __mathlib_dbl_overflow                   0x080319b9   Thumb Code    24  dunder.o(i.__mathlib_dbl_overflow)
    __mathlib_dbl_underflow                  0x080319d9   Thumb Code    24  dunder.o(i.__mathlib_dbl_underflow)
    __mathlib_flt_infnan                     0x080319f9   Thumb Code     6  funder.o(i.__mathlib_flt_infnan)
    __mathlib_flt_infnan2                    0x080319ff   Thumb Code     6  funder.o(i.__mathlib_flt_infnan2)
    __mathlib_flt_invalid                    0x08031a05   Thumb Code    10  funder.o(i.__mathlib_flt_invalid)
    __mathlib_flt_underflow                  0x08031a15   Thumb Code    10  funder.o(i.__mathlib_flt_underflow)
    __mathlib_rredf2                         0x08031a25   Thumb Code   316  rredf.o(i.__mathlib_rredf2)
    atan                                     0x08031b79   Thumb Code    16  atan.o(i.atan)
    fabs                                     0x08031b89   Thumb Code    24  fabs.o(i.fabs)
    sqrt                                     0x08031ba1   Thumb Code   110  sqrt.o(i.sqrt)
    __aeabi_dneg                             0x08031c0f   Thumb Code     0  basic.o(x$fpl$basic)
    _dneg                                    0x08031c0f   Thumb Code     6  basic.o(x$fpl$basic)
    __aeabi_fneg                             0x08031c15   Thumb Code     0  basic.o(x$fpl$basic)
    _fneg                                    0x08031c15   Thumb Code     6  basic.o(x$fpl$basic)
    _dabs                                    0x08031c1b   Thumb Code     6  basic.o(x$fpl$basic)
    _fabs                                    0x08031c21   Thumb Code     6  basic.o(x$fpl$basic)
    __aeabi_d2f                              0x08031c29   Thumb Code     0  d2f.o(x$fpl$d2f)
    _d2f                                     0x08031c29   Thumb Code    98  d2f.o(x$fpl$d2f)
    __aeabi_dadd                             0x08031c8d   Thumb Code     0  daddsub_clz.o(x$fpl$dadd)
    _dadd                                    0x08031c8d   Thumb Code   332  daddsub_clz.o(x$fpl$dadd)
    __fpl_dcheck_NaN1                        0x08031ddd   Thumb Code    10  dcheck1.o(x$fpl$dcheck1)
    __fpl_dcmp_Inf                           0x08031ded   Thumb Code    24  dcmpi.o(x$fpl$dcmpinf)
    __aeabi_ddiv                             0x08031e05   Thumb Code     0  ddiv.o(x$fpl$ddiv)
    _ddiv                                    0x08031e05   Thumb Code   552  ddiv.o(x$fpl$ddiv)
    __aeabi_cdcmpeq                          0x080320b5   Thumb Code     0  deqf.o(x$fpl$deqf)
    _dcmpeq                                  0x080320b5   Thumb Code   120  deqf.o(x$fpl$deqf)
    __aeabi_d2iz                             0x0803212d   Thumb Code     0  dfix.o(x$fpl$dfix)
    _dfix                                    0x0803212d   Thumb Code    94  dfix.o(x$fpl$dfix)
    __aeabi_d2uiz                            0x0803218d   Thumb Code     0  dfixu.o(x$fpl$dfixu)
    _dfixu                                   0x0803218d   Thumb Code    90  dfixu.o(x$fpl$dfixu)
    __aeabi_i2d                              0x080321e7   Thumb Code     0  dflt_clz.o(x$fpl$dflt)
    _dflt                                    0x080321e7   Thumb Code    46  dflt_clz.o(x$fpl$dflt)
    __aeabi_ui2d                             0x08032215   Thumb Code     0  dflt_clz.o(x$fpl$dfltu)
    _dfltu                                   0x08032215   Thumb Code    38  dflt_clz.o(x$fpl$dfltu)
    __aeabi_cdcmple                          0x0803223d   Thumb Code     0  dleqf.o(x$fpl$dleqf)
    _dcmple                                  0x0803223d   Thumb Code   120  dleqf.o(x$fpl$dleqf)
    __fpl_dcmple_InfNaN                      0x0803229f   Thumb Code     0  dleqf.o(x$fpl$dleqf)
    __aeabi_dmul                             0x080322b5   Thumb Code     0  dmul.o(x$fpl$dmul)
    _dmul                                    0x080322b5   Thumb Code   332  dmul.o(x$fpl$dmul)
    __fpl_dnaninf                            0x08032409   Thumb Code   156  dnaninf.o(x$fpl$dnaninf)
    __fpl_dretinf                            0x080324a5   Thumb Code    12  dretinf.o(x$fpl$dretinf)
    __aeabi_cdrcmple                         0x080324b1   Thumb Code     0  drleqf.o(x$fpl$drleqf)
    _drcmple                                 0x080324b1   Thumb Code   108  drleqf.o(x$fpl$drleqf)
    __aeabi_drsub                            0x0803251d   Thumb Code     0  daddsub_clz.o(x$fpl$drsb)
    _drsb                                    0x0803251d   Thumb Code    22  daddsub_clz.o(x$fpl$drsb)
    _dsqrt                                   0x08032535   Thumb Code   404  dsqrt_umaal.o(x$fpl$dsqrt)
    __aeabi_dsub                             0x080326cd   Thumb Code     0  daddsub_clz.o(x$fpl$dsub)
    _dsub                                    0x080326cd   Thumb Code   464  daddsub_clz.o(x$fpl$dsub)
    __aeabi_f2d                              0x080328a1   Thumb Code     0  f2d.o(x$fpl$f2d)
    _f2d                                     0x080328a1   Thumb Code    86  f2d.o(x$fpl$f2d)
    __fpl_fnaninf                            0x080328f7   Thumb Code   140  fnaninf.o(x$fpl$fnaninf)
    _fp_init                                 0x08032983   Thumb Code    10  fpinit.o(x$fpl$fpinit)
    __fplib_config_fpu_vfp                   0x0803298b   Thumb Code     0  fpinit.o(x$fpl$fpinit)
    __fplib_config_pureend_doubles           0x0803298b   Thumb Code     0  fpinit.o(x$fpl$fpinit)
    __fpl_fretinf                            0x0803298d   Thumb Code    10  fretinf.o(x$fpl$fretinf)
    __fpl_return_NaN                         0x08032997   Thumb Code   100  retnan.o(x$fpl$retnan)
    __ARM_scalbn                             0x080329fb   Thumb Code    92  scalbn.o(x$fpl$scalbn)
    __fpl_cmpreturn                          0x08032a57   Thumb Code    48  trapv.o(x$fpl$trapveneer)
    OSUnMapTbl                               0x08032a86   Data         256  os_core.o(.constdata)
    __I$use$fp                               0x08032a86   Number         0  usenofp.o(x$fpl$usenofp)
    __mathlib_zero                           0x08032dc8   Data           8  qnan.o(.constdata)
    Region$$Table$$Base                      0x08032f40   Number         0  anon$$obj.o(Region$$Table)
    Region$$Table$$Limit                     0x08032f60   Number         0  anon$$obj.o(Region$$Table)
    en_nav                                   0x20000000   Data           1  ucos_task.o(.data)
    en_hml                                   0x20000001   Data           1  ucos_task.o(.data)
    FLT_ACC                                  0x20000004   Data           4  ucos_task.o(.data)
    k_rc_spd                                 0x20000008   Data           4  ucos_task.o(.data)
    k_z_c                                    0x2000000c   Data           4  ucos_task.o(.data)
    force_time_set                           0x20000010   Data           4  ucos_task.o(.data)
    force_time                               0x20000014   Data           4  ucos_task.o(.data)
    spd_force                                0x20000018   Data           4  ucos_task.o(.data)
    UART_UP_LOAD_SEL                         0x2000001c   Data           1  ucos_task.o(.data)
    ground_check_show                        0x20000020   Data           4  ucos_task.o(.data)
    tmr1                                     0x20000024   Data           4  ucos_task.o(.data)
    tmr2                                     0x20000028   Data           4  ucos_task.o(.data)
    tmr3                                     0x2000002c   Data           4  ucos_task.o(.data)
    cpuusage                                 0x20000030   Data           2  ucos_task.o(.data)
    msg_key                                  0x20000060   Data           4  main.o(.data)
    q_msg                                    0x20000064   Data           4  main.o(.data)
    flags_key                                0x20000068   Data           4  main.o(.data)
    CHE                                      0x2000006c   Data           1  main.o(.data)
    hard_fall                                0x2000006d   Data           1  stm32f4xx_it.o(.data)
    SystemCoreClock                          0x20000070   Data           4  system_stm32f4xx.o(.data)
    AHBPrescTable                            0x20000074   Data          16  system_stm32f4xx.o(.data)
    OSCtxSwCtr                               0x20000098   Data           4  os_core.o(.data)
    OSEventFreeList                          0x2000009c   Data           4  os_core.o(.data)
    OSFlagFreeList                           0x200000a0   Data           4  os_core.o(.data)
    OSCPUUsage                               0x200000a4   Data           1  os_core.o(.data)
    OSIdleCtrMax                             0x200000a8   Data           4  os_core.o(.data)
    OSIdleCtrRun                             0x200000ac   Data           4  os_core.o(.data)
    OSStatRdy                                0x200000b0   Data           1  os_core.o(.data)
    OSIntNesting                             0x200000b1   Data           1  os_core.o(.data)
    OSLockNesting                            0x200000b2   Data           1  os_core.o(.data)
    OSPrioCur                                0x200000b3   Data           1  os_core.o(.data)
    OSPrioHighRdy                            0x200000b4   Data           1  os_core.o(.data)
    OSRdyGrp                                 0x200000b5   Data           1  os_core.o(.data)
    OSRdyTbl                                 0x200000b6   Data           8  os_core.o(.data)
    OSRunning                                0x200000be   Data           1  os_core.o(.data)
    OSTaskCtr                                0x200000bf   Data           1  os_core.o(.data)
    OSIdleCtr                                0x200000c0   Data           4  os_core.o(.data)
    OSTCBCur                                 0x200000c4   Data           4  os_core.o(.data)
    OSTCBFreeList                            0x200000c8   Data           4  os_core.o(.data)
    OSTCBHighRdy                             0x200000cc   Data           4  os_core.o(.data)
    OSTCBList                                0x200000d0   Data           4  os_core.o(.data)
    OSTickStepState                          0x200000d4   Data           1  os_core.o(.data)
    OSQFreeList                              0x200000d8   Data           4  os_core.o(.data)
    OSTime                                   0x200000dc   Data           4  os_core.o(.data)
    OSTmrFree                                0x200000e0   Data           2  os_core.o(.data)
    OSTmrUsed                                0x200000e2   Data           2  os_core.o(.data)
    OSTmrTime                                0x200000e4   Data           4  os_core.o(.data)
    OSTmrSem                                 0x200000e8   Data           4  os_core.o(.data)
    OSTmrSemSignal                           0x200000ec   Data           4  os_core.o(.data)
    OSTmrFreeList                            0x200000f0   Data           4  os_core.o(.data)
    OSInterrputSum                           0x200000f4   Data           4  os_cpu_c.o(.data)
    k_sensitivity                            0x200000fc   Data          12  flash.o(.data)
    yaw_off_qr                               0x20000108   Data           4  flash.o(.data)
    FLASH_SIZE                               0x2000010c   Data           4  flash.o(.data)
    LENGTH_OF_DRONE                          0x20000110   Data           2  flash.o(.data)
    H_INT                                    0x20000114   Data           4  flash.o(.data)
    SONAR_HEIGHT                             0x20000118   Data           4  flash.o(.data)
    need_init_mems                           0x2000011c   Data           1  flash.o(.data)
    SBUS_MIN                                 0x2000011e   Data           2  flash.o(.data)
    SBUS_MAX                                 0x20000120   Data           2  flash.o(.data)
    SBUS_MID                                 0x20000122   Data           2  flash.o(.data)
    SBUS_MIN_A                               0x20000124   Data           2  flash.o(.data)
    SBUS_MAX_A                               0x20000126   Data           2  flash.o(.data)
    SBUS_MID_A                               0x20000128   Data           2  flash.o(.data)
    LED                                      0x2000012c   Data           3  led_fc.o(.data)
    dj_sel                                   0x20000130   Data           4  led_fc.o(.data)
    Rc_Pwm_Out_mine                          0x2000014c   Data          32  pwm_out.o(.data)
    dj_out                                   0x2000016c   Data          48  pwm_out.o(.data)
    dj_pan                                   0x2000019c   Data           8  pwm_out.o(.data)
    k_ad                                     0x200001a4   Data           4  bat.o(.data)
    ground_v                                 0x200001a8   Data           5  bat.o(.data)
    ground_vad                               0x200001ad   Data           5  bat.o(.data)
    ground_press_max                         0x200001b4   Data          20  bat.o(.data)
    ground_press_min                         0x200001c8   Data          20  bat.o(.data)
    k_check_force                            0x200001dc   Data           4  bat.o(.data)
    k_check_dforce                           0x200001e0   Data           4  bat.o(.data)
    music_sel                                0x200001f0   Data           1  beep.o(.data)
    start_music_px4                          0x200001f1   Data          36  beep.o(.data)
    start_music_windows                      0x20000215   Data          46  beep.o(.data)
    start_music_micro                        0x20000243   Data          46  beep.o(.data)
    mems_gps_music                           0x20000271   Data           6  beep.o(.data)
    mems_right_music                         0x20000277   Data           6  beep.o(.data)
    mems_error_music                         0x2000027d   Data           8  beep.o(.data)
    mission_music                            0x20000285   Data           6  beep.o(.data)
    mems_wayup_music                         0x2000028b   Data           6  beep.o(.data)
    bat_error_music                          0x20000291   Data          64  beep.o(.data)
    rc_error_music                           0x200002d1   Data          16  beep.o(.data)
    hml_cal_music                            0x200002e1   Data          16  beep.o(.data)
    start_music_pix                          0x200002f1   Data          18  beep.o(.data)
    dj_cal_music1                            0x20000303   Data           8  beep.o(.data)
    dj_cal_music2                            0x2000030b   Data          12  beep.o(.data)
    dj_cal_music3                            0x20000317   Data          16  beep.o(.data)
    dj_cal_music4                            0x20000327   Data          20  beep.o(.data)
    dj_cal_music5                            0x2000033b   Data          24  beep.o(.data)
    dj_cal_music6                            0x20000353   Data          28  beep.o(.data)
    dj_cal_music7                            0x2000036f   Data          32  beep.o(.data)
    dj_cal_music8                            0x2000038f   Data          36  beep.o(.data)
    fc_state_beep                            0x200003b3   Data           3  beep.o(.data)
    beep_state                               0x200003b6   Data          16  beep.o(.data)
    fc_save_gps_beep                         0x200003c6   Data           1  beep.o(.data)
    beep_gps_save                            0x200003c7   Data           8  beep.o(.data)
    test_to24                                0x200003cf   Data           1  beep.o(.data)
    Beat_delay                               0x200003d0   Data          14  beep.o(.data)
    tone_table                               0x200003de   Data          48  beep.o(.data)
    TX_ADDRESS                               0x20000414   Data           5  nrf.o(.data)
    RX_ADDRESS                               0x20000419   Data           5  nrf.o(.data)
    W25QXX_TYPE                              0x2000041e   Data           2  flash_w25.o(.data)
    I2C_FastMode_VL53                        0x20000420   Data           1  iic_vl53.o(.data)
    delay_vl53                               0x20000421   Data           1  iic_vl53.o(.data)
    ground_check_time                        0x20000424   Data           4  iic_vl53.o(.data)
    set_dis                                  0x20000428   Data           4  iic_vl53.o(.data)
    TxCounter1                               0x20000432   Data           1  usart_fc.o(.data)
    count1                                   0x20000433   Data           1  usart_fc.o(.data)
    RxState1                                 0x20000434   Data           1  usart_fc.o(.data)
    RxBufferNum1                             0x20000435   Data           1  usart_fc.o(.data)
    RxBufferCnt1                             0x20000436   Data           1  usart_fc.o(.data)
    RxLen1                                   0x20000437   Data           1  usart_fc.o(.data)
    TxCounter2                               0x2000043a   Data           1  usart_fc.o(.data)
    count2                                   0x2000043b   Data           1  usart_fc.o(.data)
    RxState2                                 0x2000043c   Data           1  usart_fc.o(.data)
    RxBufferNum2                             0x2000043d   Data           1  usart_fc.o(.data)
    RxBufferCnt2                             0x2000043e   Data           1  usart_fc.o(.data)
    RxLen2                                   0x2000043f   Data           1  usart_fc.o(.data)
    TxCounter3                               0x20000442   Data           1  usart_fc.o(.data)
    count3                                   0x20000443   Data           1  usart_fc.o(.data)
    RxState3                                 0x20000444   Data           1  usart_fc.o(.data)
    RxBufferNum3                             0x20000445   Data           1  usart_fc.o(.data)
    RxBufferCnt3                             0x20000446   Data           1  usart_fc.o(.data)
    RxLen3                                   0x20000447   Data           1  usart_fc.o(.data)
    TxCounter4                               0x2000044a   Data           1  usart_fc.o(.data)
    count4                                   0x2000044b   Data           1  usart_fc.o(.data)
    RxState4                                 0x2000044c   Data           1  usart_fc.o(.data)
    RxBufferNum4                             0x2000044d   Data           1  usart_fc.o(.data)
    RxBufferCnt4                             0x2000044e   Data           1  usart_fc.o(.data)
    RxLen4                                   0x2000044f   Data           1  usart_fc.o(.data)
    leg_uart_cnt                             0x20000454   Data           2  usart_fc.o(.data)
    nrf_uart_cnt1                            0x20000456   Data           2  usart_fc.o(.data)
    KEY                                      0x20000460   Data           8  rc_mine.o(.data)
    send_pid                                 0x20000468   Data           1  rc_mine.o(.data)
    read_pid                                 0x20000469   Data           1  rc_mine.o(.data)
    data_rate                                0x2000046a   Data           2  rc_mine.o(.data)
    view_plan                                0x2000046c   Data           1  rc_mine.o(.data)
    acc_3d_step                              0x20000478   Data           1  mems.o(.data)
    FLT_MAG                                  0x2000047c   Data           4  mems.o(.data)
    sum_temp_att                             0x20000480   Data           8  mems.o(.data)
    acc_sum_cnt                              0x20000488   Data           2  mems.o(.data)
    acc_sum_cnt_3d                           0x2000048a   Data           2  mems.o(.data)
    acc_smple_cnt_3d                         0x2000048c   Data           2  mems.o(.data)
    gyro_sum_cnt                             0x2000048e   Data           2  mems.o(.data)
    filter_cnt                               0x20000490   Data           1  mems.o(.data)
    filter_cnt_old                           0x20000491   Data           1  mems.o(.data)
    test_ang                                 0x20000494   Data           4  mems.o(.data)
    test_ang_old                             0x20000498   Data           4  mems.o(.data)
    test_ang_d                               0x2000049c   Data           4  mems.o(.data)
    test_fli_a                               0x200004a0   Data           4  mems.o(.data)
    test_i                                   0x200004a4   Data           4  mems.o(.data)
    MAX_HML                                  0x200004a8   Data           4  mems.o(.data)
    id                                       0x200004f0   Data           3  icm20602.o(.data)
    fly_ready                                0x200004f8   Data           1  imu.o(.data)
    Roll                                     0x200004fc   Data           4  imu.o(.data)
    Pitch                                    0x20000500   Data           4  imu.o(.data)
    Yaw                                      0x20000504   Data           4  imu.o(.data)
    q0                                       0x20000508   Data           4  imu.o(.data)
    q1                                       0x2000050c   Data           4  imu.o(.data)
    q2                                       0x20000510   Data           4  imu.o(.data)
    q3                                       0x20000514   Data           4  imu.o(.data)
    ref_q                                    0x20000518   Data          16  imu.o(.data)
    norm_acc                                 0x20000528   Data           4  imu.o(.data)
    norm_q                                   0x2000052c   Data           4  imu.o(.data)
    norm_acc_lpf                             0x20000530   Data           4  imu.o(.data)
    Kp_yaw                                   0x20000534   Data           4  imu.o(.data)
    beta_start                               0x20000538   Data           4  imu.o(.data)
    beta_end                                 0x2000053c   Data           4  imu.o(.data)
    beta_step                                0x20000540   Data           4  imu.o(.data)
    beta                                     0x20000544   Data           4  imu.o(.data)
    accConfidenceDecay                       0x20000548   Data           4  imu.o(.data)
    hmlConfidenceDecay                       0x2000054c   Data           4  imu.o(.data)
    accConfidence                            0x20000550   Data           4  imu.o(.data)
    hmlConfidence                            0x20000554   Data           4  imu.o(.data)
    norm_hml_view                            0x20000558   Data           4  imu.o(.data)
    hmlOneMAG                                0x2000055c   Data           4  imu.o(.data)
    init_hml_norm                            0x20000560   Data           1  imu.o(.data)
    mag_cal_use_compass                      0x20000561   Data           1  imu.o(.data)
    init_hml_norm_cnt                        0x20000562   Data           2  imu.o(.data)
    gait_test                                0x20000594   Data          20  vmc_demo.o(.data)
    force_dj_off_reset                       0x200005a8   Data           1  vmc_demo.o(.data)
    reset_k                                  0x200005ac   Data           4  vmc_demo.o(.data)
    mission_sel_lock                         0x200005f8   Data           4  vmc_sdk.o(.data)
    mission_state                            0x200005fc   Data           4  vmc_sdk.o(.data)
    mission_flag                             0x20000600   Data           1  vmc_sdk.o(.data)
    param_track                              0x20000604   Data          20  vmc_sdk.o(.data)
    k_traj                                   0x20000618   Data           4  vmc_sdk.o(.data)
    fast_atan_table                          0x2000063c   Data        1028  my_math.o(.data)
    Q_pose                                   0x20000a40   Data          32  pose_fushion.o(.data)
    R_pose                                   0x20000a60   Data          24  pose_fushion.o(.data)
    w_spd                                    0x20000a78   Data           4  pose_fushion.o(.data)
    k_fack_yaw                               0x20000a7c   Data           4  pose_fushion.o(.data)
    P_f32                                    0x20000a80   Data         128  baro_fushion.o(.data)
    Qs_4_4                                   0x20000b00   Data          32  baro_fushion.o(.data)
    Rs_2_2                                   0x20000b20   Data          16  baro_fushion.o(.data)
    FLT_BARO                                 0x20000b30   Data           4  baro_fushion.o(.data)
    delay_sel                                0x20000b38   Data          16  baro_kf.o(.data)
    rtInf                                    0x20000b48   Data           8  rt_nonfinite.o(.data)
    rtMinusInf                               0x20000b50   Data           8  rt_nonfinite.o(.data)
    rtNaN                                    0x20000b58   Data           8  rt_nonfinite.o(.data)
    rtInfF                                   0x20000b60   Data           4  rt_nonfinite.o(.data)
    rtMinusInfF                              0x20000b64   Data           4  rt_nonfinite.o(.data)
    rtNaNF                                   0x20000b68   Data           4  rt_nonfinite.o(.data)
    sbus_data_i                              0x20000b6c   Data          26  sbus.o(.data)
    sbus_data                                0x20000b86   Data          26  sbus.o(.data)
    channels                                 0x20000ba0   Data          36  sbus.o(.data)
    failsafe_status                          0x20000bc4   Data           1  sbus.o(.data)
    sbus_passthrough                         0x20000bc5   Data           1  sbus.o(.data)
    MIN_Z                                    0x20000bc8   Data           4  vmc.o(.data)
    MAX_Z                                    0x20000bcc   Data           4  vmc.o(.data)
    MIN_X                                    0x20000bd0   Data           4  vmc.o(.data)
    MAX_X                                    0x20000bd4   Data           4  vmc.o(.data)
    MAX_SPD                                  0x20000bd8   Data           4  vmc.o(.data)
    MAX_SPD_RAD                              0x20000bdc   Data           4  vmc.o(.data)
    deng_sel                                 0x20000be0   Data           1  vmc.o(.data)
    end_tirg_rate                            0x20000be4   Data           4  vmc.o(.data)
    MAX_DENG_ANGLE                           0x20000be8   Data           4  vmc.o(.data)
    T_GAIN                                   0x20000bec   Data           4  vmc.o(.data)
    FLT_ATT_CTRL                             0x20000bf0   Data           8  vmc.o(.data)
    FLT_ATT_TRIG                             0x20000bf8   Data           4  vmc.o(.data)
    FLT_ATT_CTRL_Y                           0x20000bfc   Data           4  vmc.o(.data)
    FLT_SPD_END                              0x20000c00   Data           4  vmc.o(.data)
    FLT_SPD_END_Z                            0x20000c04   Data           4  vmc.o(.data)
    FLT_POS_Z                                0x20000c08   Data           4  vmc.o(.data)
    FLT_AUTO_T                               0x20000c0c   Data           4  vmc.o(.data)
    FLT_TORQUE                               0x20000c10   Data           4  vmc.o(.data)
    FLT_COG_OFF                              0x20000c14   Data           4  vmc.o(.data)
    FLT_ATT_SPD_ERR                          0x20000c18   Data           4  vmc.o(.data)
    FLT_ENCODER                              0x20000c1c   Data           4  vmc.o(.data)
    deng_param                               0x20000c20   Data          20  vmc.o(.data)
    flag_att_force                           0x20000c34   Data          12  vmc.o(.data)
    block_yaw                                0x20000c66   Data           1  vmc.o(.data)
    gait_change_param                        0x20000c74   Data          24  vmc.o(.data)
    ESO_PARAM                                0x20000c8c   Data           8  vmc.o(.data)
    k_nground                                0x20000c94   Data           4  vmc.o(.data)
    k_att                                    0x20000c98   Data           4  vmc.o(.data)
    gain_check                               0x20000c9c   Data          20  vmc.o(.data)
    k_att_spd                                0x20000cb0   Data           4  vmc.o(.data)
    test1                                    0x20000cb4   Data           1  vmc.o(.data)
    att_trig_reset_dead                      0x20000cb8   Data           4  vmc.o(.data)
    soft_param                               0x20000cbc   Data           8  vmc.o(.data)
    k_gain                                   0x20000cc4   Data           4  vmc.o(.data)
    test_epos                                0x20000cc8   Data          12  vmc.o(.data)
    leg_dt                                   0x20000d24   Data          60  ucos_task.o(.bss)
    FUSION_TASK_STK                          0x20000d60   Data       12800  ucos_task.o(.bss)
    POSE_FUSION_TASK_STK                     0x20003f60   Data       38400  ucos_task.o(.bss)
    BRAIN_TASK_STK                           0x2000d560   Data       38400  ucos_task.o(.bss)
    UART_TASK_STK                            0x20016b60   Data        5120  ucos_task.o(.bss)
    START_TASK_STK                           0x20017f6c   Data         256  main.o(.bss)
    MsgGrp                                   0x2001806c   Data        1024  main.o(.bss)
    OSEventTbl                               0x2001846c   Data         200  os_core.o(.bss)
    OSFlagTbl                                0x20018534   Data          80  os_core.o(.bss)
    OSTaskStatStk                            0x20018584   Data         512  os_core.o(.bss)
    OSTaskIdleStk                            0x20018784   Data         512  os_core.o(.bss)
    OSTCBPrioTbl                             0x20018984   Data         256  os_core.o(.bss)
    OSTCBTbl                                 0x20018a84   Data        1848  os_core.o(.bss)
    OSQTbl                                   0x200191bc   Data         120  os_core.o(.bss)
    OSTmrTbl                                 0x20019234   Data         640  os_core.o(.bss)
    OSTmrTaskStk                             0x200194b4   Data         512  os_core.o(.bss)
    OSTmrWheelTbl                            0x200196b4   Data          64  os_core.o(.bss)
    Cycle_T                                  0x20019700   Data         180  time.o(.bss)
    ADC_Value                                0x200197b4   Data          10  bat.o(.bss)
    press_leg_end                            0x200197c0   Data          20  bat.o(.bss)
    flt_ground                               0x200197d4   Data          80  bat.o(.bss)
    bat                                      0x20019824   Data          24  bat.o(.bss)
    NRF24L01_RXDATA                          0x2001985a   Data          32  nrf.o(.bss)
    NRF24L01_TXDATA                          0x2001987a   Data          32  nrf.o(.bss)
    W25QXX_BUFFER                            0x2001989a   Data        4096  flash_w25.o(.bss)
    ls53                                     0x2001a89a   Data         120  iic_vl53.o(.bss)
    ls53_connect                             0x2001a912   Data          12  iic_vl53.o(.bss)
    flow                                     0x2001a948   Data          32  usart_fc.o(.bss)
    pi                                       0x2001a968   Data         168  usart_fc.o(.bss)
    TxBuffer1                                0x2001aa10   Data         256  usart_fc.o(.bss)
    RxBuffer1                                0x2001ab10   Data          50  usart_fc.o(.bss)
    TxBuffer2                                0x2001ab42   Data         256  usart_fc.o(.bss)
    RxBuffer2                                0x2001ac42   Data          80  usart_fc.o(.bss)
    TxBuffer3                                0x2001ac92   Data         256  usart_fc.o(.bss)
    Rx_Buf3                                  0x2001ad92   Data         256  usart_fc.o(.bss)
    RxBuffer3                                0x2001ae92   Data          50  usart_fc.o(.bss)
    TxBuffer4                                0x2001aec4   Data         256  usart_fc.o(.bss)
    RxBuffer4                                0x2001afc4   Data          50  usart_fc.o(.bss)
    Rc_Get_PWM                               0x2001aff6   Data          34  usart_fc.o(.bss)
    Rc_Get_SBUS                              0x2001b018   Data          34  usart_fc.o(.bss)
    SendBuff1                                0x2001b03a   Data         256  usart_fc.o(.bss)
    SendBuff3                                0x2001b13a   Data          32  usart_fc.o(.bss)
    BLE_DEBUG                                0x2001b15a   Data          32  usart_fc.o(.bss)
    module                                   0x2001b190   Data          13  rc_mine.o(.bss)
    PARAM_NRF                                0x2001b1a0   Data         216  rc_mine.o(.bss)
    Rc_Get                                   0x2001b278   Data          34  rc_mine.o(.bss)
    key_rc_reg                               0x2001b29a   Data         105  rc_mine.o(.bss)
    RC_GET                                   0x2001b304   Data          64  rc_mine.o(.bss)
    mems                                     0x2001b344   Data         300  mems.o(.bss)
    sum_temp                                 0x2001b470   Data          28  mems.o(.bss)
    sum_temp_3d                              0x2001b48c   Data          28  mems.o(.bss)
    FILT_BUF                                 0x2001b4a8   Data         154  mems.o(.bss)
    mems_tmp                                 0x2001b544   Data          28  mems.o(.bss)
    mpu_fil_tmp                              0x2001b560   Data          28  mems.o(.bss)
    mag_outer                                0x2001b57c   Data          12  mems.o(.bss)
    hml_lsq1                                 0x2001b588   Data         168  mems.o(.bss)
    lis3mdl                                  0x2001b660   Data         364  icm20602.o(.bss)
    reference_v                              0x2001b7cc   Data          12  imu.o(.bss)
    ref                                      0x2001b7d8   Data          60  imu.o(.bss)
    reference_vr                             0x2001b814   Data          12  imu.o(.bss)
    mag_sim_3d                               0x2001b820   Data          12  imu.o(.bss)
    ms5611                                   0x2001b82c   Data          56  ms5611.o(.bss)
    pid_force                                0x2001b87c   Data         324  vmc_demo.o(.bss)
    pit_out                                  0x2001b9c0   Data          16  vmc_demo.o(.bss)
    timer_sdk                                0x2001ba60   Data          40  vmc_sdk.o(.bss)
    flag_sdk                                 0x2001ba88   Data          10  vmc_sdk.o(.bss)
    med_filter_tmp                           0x2001baa0   Data        2400  fliter.o(.bss)
    med_filter_out                           0x2001c400   Data         120  fliter.o(.bss)
    med_fil_cnt                              0x2001c478   Data          30  fliter.o(.bss)
    traj                                     0x2001c498   Data        1760  my_math.o(.bss)
    nav                                      0x2001cb78   Data         160  pose_fushion.o(.bss)
    P_kf_pose                                0x2001cc18   Data         256  pose_fushion.o(.bss)
    X_kf_pose                                0x2001cd18   Data          64  pose_fushion.o(.bss)
    X_f32                                    0x2001cd58   Data          32  baro_fushion.o(.bss)
    hml_lsq                                  0x2001d138   Data         168  cycle_cal_oldx.o(.bss)
    vmc                                      0x2001d1e0   Data        2400  vmc.o(.bss)
    vmc_all                                  0x2001db40   Data        1164  vmc.o(.bss)
    h_pid                                    0x2001dfcc   Data         432  vmc.o(.bss)
    h_pid_all                                0x2001e17c   Data         108  vmc.o(.bss)
    att_pid                                  0x2001e1e8   Data         864  vmc.o(.bss)
    att_pid_all                              0x2001e548   Data         324  vmc.o(.bss)
    pos_pid                                  0x2001e68c   Data         216  vmc.o(.bss)
    pos_pid_all                              0x2001e764   Data         108  vmc.o(.bss)
    att_eso                                  0x2001e7dc   Data         576  vmc.o(.bss)
    __libspace_start                         0x2001ec28   Data          96  libspace.o(.bss)
    __temporary_stack_top$libspace           0x2001ec88   Data           0  libspace.o(.bss)



==============================================================================

Memory Map of the image

  Image Entry point : 0x08000189

  Load Region LR_IROM1 (Base: 0x08000000, Size: 0x00033c84, Max: 0x00100000, ABSOLUTE, COMPRESSED[0x00033638])

    Execution Region ER_IROM1 (Base: 0x08000000, Size: 0x00032f60, Max: 0x00100000, ABSOLUTE)

    Base Addr    Size         Type   Attr      Idx    E Section Name        Object

    0x08000000   0x00000188   Data   RO          443    RESET               startup_stm32f40_41xxx.o
    0x08000188   0x00000008   Code   RO         2148  * !!!main             c_w.l(__main.o)
    0x08000190   0x00000034   Code   RO         2589    !!!scatter          c_w.l(__scatter.o)
    0x080001c4   0x0000005a   Code   RO         2587    !!dczerorl2         c_w.l(__dczerorl2.o)
    0x0800021e   0x00000002   PAD
    0x08000220   0x0000001c   Code   RO         2591    !!handler_zi        c_w.l(__scatter_zi.o)
    0x0800023c   0x00000002   Code   RO         2456    .ARM.Collect$$libinit$$00000000  c_w.l(libinit.o)
    0x0800023e   0x00000004   Code   RO         2461    .ARM.Collect$$libinit$$00000001  c_w.l(libinit2.o)
    0x08000242   0x00000000   Code   RO         2464    .ARM.Collect$$libinit$$00000004  c_w.l(libinit2.o)
    0x08000242   0x00000000   Code   RO         2467    .ARM.Collect$$libinit$$0000000A  c_w.l(libinit2.o)
    0x08000242   0x00000000   Code   RO         2469    .ARM.Collect$$libinit$$0000000C  c_w.l(libinit2.o)
    0x08000242   0x00000000   Code   RO         2471    .ARM.Collect$$libinit$$0000000E  c_w.l(libinit2.o)
    0x08000242   0x00000000   Code   RO         2474    .ARM.Collect$$libinit$$00000011  c_w.l(libinit2.o)
    0x08000242   0x00000000   Code   RO         2476    .ARM.Collect$$libinit$$00000013  c_w.l(libinit2.o)
    0x08000242   0x00000000   Code   RO         2478    .ARM.Collect$$libinit$$00000015  c_w.l(libinit2.o)
    0x08000242   0x00000000   Code   RO         2480    .ARM.Collect$$libinit$$00000017  c_w.l(libinit2.o)
    0x08000242   0x00000000   Code   RO         2482    .ARM.Collect$$libinit$$00000019  c_w.l(libinit2.o)
    0x08000242   0x00000000   Code   RO         2484    .ARM.Collect$$libinit$$0000001B  c_w.l(libinit2.o)
    0x08000242   0x00000000   Code   RO         2486    .ARM.Collect$$libinit$$0000001D  c_w.l(libinit2.o)
    0x08000242   0x00000000   Code   RO         2488    .ARM.Collect$$libinit$$0000001F  c_w.l(libinit2.o)
    0x08000242   0x00000000   Code   RO         2490    .ARM.Collect$$libinit$$00000021  c_w.l(libinit2.o)
    0x08000242   0x00000000   Code   RO         2492    .ARM.Collect$$libinit$$00000023  c_w.l(libinit2.o)
    0x08000242   0x00000000   Code   RO         2494    .ARM.Collect$$libinit$$00000025  c_w.l(libinit2.o)
    0x08000242   0x00000000   Code   RO         2498    .ARM.Collect$$libinit$$0000002C  c_w.l(libinit2.o)
    0x08000242   0x00000000   Code   RO         2500    .ARM.Collect$$libinit$$0000002E  c_w.l(libinit2.o)
    0x08000242   0x00000000   Code   RO         2502    .ARM.Collect$$libinit$$00000030  c_w.l(libinit2.o)
    0x08000242   0x00000000   Code   RO         2504    .ARM.Collect$$libinit$$00000032  c_w.l(libinit2.o)
    0x08000242   0x00000002   Code   RO         2505    .ARM.Collect$$libinit$$00000033  c_w.l(libinit2.o)
    0x08000244   0x00000002   Code   RO         2527    .ARM.Collect$$libshutdown$$00000000  c_w.l(libshutdown.o)
    0x08000246   0x00000000   Code   RO         2540    .ARM.Collect$$libshutdown$$00000002  c_w.l(libshutdown2.o)
    0x08000246   0x00000000   Code   RO         2542    .ARM.Collect$$libshutdown$$00000004  c_w.l(libshutdown2.o)
    0x08000246   0x00000000   Code   RO         2545    .ARM.Collect$$libshutdown$$00000007  c_w.l(libshutdown2.o)
    0x08000246   0x00000000   Code   RO         2548    .ARM.Collect$$libshutdown$$0000000A  c_w.l(libshutdown2.o)
    0x08000246   0x00000000   Code   RO         2550    .ARM.Collect$$libshutdown$$0000000C  c_w.l(libshutdown2.o)
    0x08000246   0x00000000   Code   RO         2553    .ARM.Collect$$libshutdown$$0000000F  c_w.l(libshutdown2.o)
    0x08000246   0x00000002   Code   RO         2554    .ARM.Collect$$libshutdown$$00000010  c_w.l(libshutdown2.o)
    0x08000248   0x00000000   Code   RO         2346    .ARM.Collect$$rtentry$$00000000  c_w.l(__rtentry.o)
    0x08000248   0x00000000   Code   RO         2423    .ARM.Collect$$rtentry$$00000002  c_w.l(__rtentry2.o)
    0x08000248   0x00000006   Code   RO         2435    .ARM.Collect$$rtentry$$00000004  c_w.l(__rtentry4.o)
    0x0800024e   0x00000000   Code   RO         2425    .ARM.Collect$$rtentry$$00000009  c_w.l(__rtentry2.o)
    0x0800024e   0x00000004   Code   RO         2426    .ARM.Collect$$rtentry$$0000000A  c_w.l(__rtentry2.o)
    0x08000252   0x00000000   Code   RO         2428    .ARM.Collect$$rtentry$$0000000C  c_w.l(__rtentry2.o)
    0x08000252   0x00000008   Code   RO         2429    .ARM.Collect$$rtentry$$0000000D  c_w.l(__rtentry2.o)
    0x0800025a   0x00000002   Code   RO         2459    .ARM.Collect$$rtexit$$00000000  c_w.l(rtexit.o)
    0x0800025c   0x00000000   Code   RO         2509    .ARM.Collect$$rtexit$$00000002  c_w.l(rtexit2.o)
    0x0800025c   0x00000004   Code   RO         2510    .ARM.Collect$$rtexit$$00000003  c_w.l(rtexit2.o)
    0x08000260   0x00000006   Code   RO         2511    .ARM.Collect$$rtexit$$00000004  c_w.l(rtexit2.o)
    0x08000266   0x00000002   PAD
    0x08000268   0x00001e70   Code   RO            3    .text               ucos_task.o
    0x080020d8   0x00000254   Code   RO          273    .text               main.o
    0x0800232c   0x00000020   Code   RO          365    .text               stm32f4xx_it.o
    0x0800234c   0x00000210   Code   RO          417    .text               system_stm32f4xx.o
    0x0800255c   0x00000040   Code   RO          444    .text               startup_stm32f40_41xxx.o
    0x0800259c   0x00000108   Code   RO          450    .text               delay.o
    0x080026a4   0x000000e0   Code   RO          490    .text               misc.o
    0x08002784   0x00000294   Code   RO          510    .text               stm32f4xx_gpio.o
    0x08002a18   0x0000065c   Code   RO          553    .text               stm32f4xx_rcc.o
    0x08003074   0x00000454   Code   RO          595    .text               stm32f4xx_usart.o
    0x080034c8   0x00000ca2   Code   RO          615    .text               stm32f4xx_tim.o
    0x0800416a   0x00000002   PAD
    0x0800416c   0x00000694   Code   RO          635    .text               stm32f4xx_flash.o
    0x08004800   0x00000480   Code   RO          695    .text               stm32f4xx_spi.o
    0x08004c80   0x000003a8   Code   RO          715    .text               stm32f4xx_dma.o
    0x08005028   0x000000a0   Code   RO          735    .text               stm32f4xx_rng.o
    0x080050c8   0x00000464   Code   RO          775    .text               stm32f4xx_adc.o
    0x0800552c   0x00000040   Code   RO          795    .text               stm32f4xx_iwdg.o
    0x0800556c   0x00000894   Code   RO          815    .text               os_core.o
    0x08005e00   0x0000080c   Code   RO          843    .text               os_flag.o
    0x0800660c   0x000003cc   Code   RO          863    .text               os_mbox.o
    0x080069d8   0x000005e8   Code   RO          917    .text               os_q.o
    0x08006fc0   0x0000038c   Code   RO          937    .text               os_sem.o
    0x0800734c   0x000007c4   Code   RO          957    .text               os_task.o
    0x08007b10   0x000001b0   Code   RO          977    .text               os_time.o
    0x08007cc0   0x00000634   Code   RO          997    .text               os_tmr.o
    0x080082f4   0x000000c8   Code   RO         1015    .text               os_cpu_a.o
    0x080083bc   0x000001e8   Code   RO         1020    .text               os_cpu_c.o
    0x080085a4   0x00000288   Code   RO         1050    .text               spi.o
    0x0800882c   0x00000c3c   Code   RO         1070    .text               flash.o
    0x08009468   0x00000b70   Code   RO         1100    .text               led_fc.o
    0x08009fd8   0x00000740   Code   RO         1128    .text               pwm_out.o
    0x0800a718   0x0000017c   Code   RO         1159    .text               time.o
    0x0800a894   0x0000006c   Code   RO         1210    .text               rng.o
    0x0800a900   0x00000b04   Code   RO         1230    .text               bat.o
    0x0800b404   0x00000584   Code   RO         1258    .text               beep.o
    0x0800b988   0x0000002c   Code   RO         1284    .text               watch_dog.o
    0x0800b9b4   0x00000288   Code   RO         1304    .text               nrf.o
    0x0800bc3c   0x00000370   Code   RO         1357    .text               flash_w25.o
    0x0800bfac   0x00001df4   Code   RO         1385    .text               iic_vl53.o
    0x0800dda0   0x000015d0   Code   RO         1435    .text               usart_fc.o
    0x0800f370   0x00000d00   Code   RO         1463    .text               rc_mine.o
    0x08010070   0x00001384   Code   RO         1499    .text               mems.o
    0x080113f4   0x00000370   Code   RO         1531    .text               icm20602.o
    0x08011764   0x0000203c   Code   RO         1559    .text               imu.o
    0x080137a0   0x000005d0   Code   RO         1595    .text               ms5611.o
    0x08013d70   0x000064a0   Code   RO         1623    .text               vmc_demo.o
    0x0801a210   0x00000f24   Code   RO         1655    .text               vmc_sdk.o
    0x0801b134   0x000005ae   Code   RO         1710    .text               fliter.o
    0x0801b6e2   0x00000002   PAD
    0x0801b6e4   0x000017ca   Code   RO         1734    .text               my_math.o
    0x0801ceae   0x00000002   PAD
    0x0801ceb0   0x000004d0   Code   RO         1761    .text               pose_fushion.o
    0x0801d380   0x000001a0   Code   RO         1789    .text               baro_fushion.o
    0x0801d520   0x00001360   Code   RO         1820    .text               pose_kf.o
    0x0801e880   0x00000b04   Code   RO         1856    .text               baro_kf.o
    0x0801f384   0x00000100   Code   RO         1873    .text               rt_nonfinite.o
    0x0801f484   0x00000134   Code   RO         1900    .text               rtgetinf.o
    0x0801f5b8   0x000000c8   Code   RO         1912    .text               rtgetnan.o
    0x0801f680   0x00000260   Code   RO         1925    .text               sbus_oldx.lib(sbus.o)
    0x0801f8e0   0x00000a18   Code   RO         2015    .text               cycle_cal_oldx.lib(cycle_cal_oldx.o)
    0x080202f8   0x0000e9dc   Code   RO         2038    .text               F407_FC.lib(vmc.o)
    0x0802ecd4   0x00000064   Code   RO         2142    .text               c_w.l(rt_memcpy_w.o)
    0x0802ed38   0x0000004e   Code   RO         2144    .text               c_w.l(rt_memclr_w.o)
    0x0802ed86   0x00000006   Code   RO         2146    .text               c_w.l(heapauxi.o)
    0x0802ed8c   0x00000016   Code   RO         2347    .text               c_w.l(_rserrno.o)
    0x0802eda2   0x00000002   PAD
    0x0802eda4   0x00000008   Code   RO         2440    .text               c_w.l(rt_errno_addr_intlibspace.o)
    0x0802edac   0x00000008   Code   RO         2444    .text               c_w.l(libspace.o)
    0x0802edb4   0x0000004a   Code   RO         2447    .text               c_w.l(sys_stackheap_outer.o)
    0x0802edfe   0x00000012   Code   RO         2449    .text               c_w.l(exit.o)
    0x0802ee10   0x0000000c   Code   RO         2519    .text               c_w.l(sys_exit.o)
    0x0802ee1c   0x00000002   Code   RO         2530    .text               c_w.l(use_no_semi.o)
    0x0802ee1e   0x00000000   Code   RO         2532    .text               c_w.l(indicate_semi.o)
    0x0802ee1e   0x00000030   Code   RO         2381    i.__ARM_fpclassify  m_wm.l(fpclassify.o)
    0x0802ee4e   0x00000026   Code   RO         2383    i.__ARM_fpclassifyf  m_wm.l(fpclassifyf.o)
    0x0802ee74   0x00000004   PAD
    0x0802ee78   0x00000358   Code   RO         2188    i.__hardfp_acos     m_wm.l(acos.o)
    0x0802f1d0   0x00000360   Code   RO         2202    i.__hardfp_asin     m_wm.l(asin.o)
    0x0802f530   0x000002d8   Code   RO         2216    i.__hardfp_atan     m_wm.l(atan.o)
    0x0802f808   0x000001f0   Code   RO         2230    i.__hardfp_atan2    m_wm.l(atan2.o)
    0x0802f9f8   0x00000250   Code   RO         2242    i.__hardfp_atan2f   m_wm.l(atan2f.o)
    0x0802fc48   0x000000c8   Code   RO         2254    i.__hardfp_cos      m_wm.l(cos.o)
    0x0802fd10   0x00000150   Code   RO         2266    i.__hardfp_cosf     m_wm.l(cosf.o)
    0x0802fe60   0x00000014   Code   RO         2278    i.__hardfp_fabs     m_wm.l(fabs.o)
    0x0802fe74   0x00000004   PAD
    0x0802fe78   0x00000c50   Code   RO         2284    i.__hardfp_pow      m_wm.l(pow.o)
    0x08030ac8   0x000000c8   Code   RO         2298    i.__hardfp_sin      m_wm.l(sin.o)
    0x08030b90   0x00000190   Code   RO         2310    i.__hardfp_sinf     m_wm.l(sinf.o)
    0x08030d20   0x0000007a   Code   RO         2322    i.__hardfp_sqrt     m_wm.l(sqrt.o)
    0x08030d9a   0x00000006   PAD
    0x08030da0   0x00000080   Code   RO         2334    i.__hardfp_tan      m_wm.l(tan.o)
    0x08030e20   0x00000438   Code   RO         2402    i.__ieee754_rem_pio2  m_wm.l(rred.o)
    0x08031258   0x00000170   Code   RO         2364    i.__kernel_cos      m_wm.l(cos_i.o)
    0x080313c8   0x000000f8   Code   RO         2399    i.__kernel_poly     m_wm.l(poly.o)
    0x080314c0   0x00000130   Code   RO         2410    i.__kernel_sin      m_wm.l(sin_i.o)
    0x080315f0   0x00000350   Code   RO         2416    i.__kernel_tan      m_wm.l(tan_i.o)
    0x08031940   0x00000030   Code   RO         2367    i.__mathlib_dbl_divzero  m_wm.l(dunder.o)
    0x08031970   0x00000014   Code   RO         2368    i.__mathlib_dbl_infnan  m_wm.l(dunder.o)
    0x08031984   0x00000014   Code   RO         2369    i.__mathlib_dbl_infnan2  m_wm.l(dunder.o)
    0x08031998   0x00000020   Code   RO         2370    i.__mathlib_dbl_invalid  m_wm.l(dunder.o)
    0x080319b8   0x00000020   Code   RO         2371    i.__mathlib_dbl_overflow  m_wm.l(dunder.o)
    0x080319d8   0x00000020   Code   RO         2373    i.__mathlib_dbl_underflow  m_wm.l(dunder.o)
    0x080319f8   0x00000006   Code   RO         2386    i.__mathlib_flt_infnan  m_wm.l(funder.o)
    0x080319fe   0x00000006   Code   RO         2387    i.__mathlib_flt_infnan2  m_wm.l(funder.o)
    0x08031a04   0x00000010   Code   RO         2388    i.__mathlib_flt_invalid  m_wm.l(funder.o)
    0x08031a14   0x00000010   Code   RO         2391    i.__mathlib_flt_underflow  m_wm.l(funder.o)
    0x08031a24   0x00000154   Code   RO         2407    i.__mathlib_rredf2  m_wm.l(rredf.o)
    0x08031b78   0x00000010   Code   RO         2218    i.atan              m_wm.l(atan.o)
    0x08031b88   0x00000018   Code   RO         2280    i.fabs              m_wm.l(fabs.o)
    0x08031ba0   0x0000006e   Code   RO         2324    i.sqrt              m_wm.l(sqrt.o)
    0x08031c0e   0x00000018   Code   RO         2150    x$fpl$basic         fz_wm.l(basic.o)
    0x08031c26   0x00000002   PAD
    0x08031c28   0x00000062   Code   RO         2152    x$fpl$d2f           fz_wm.l(d2f.o)
    0x08031c8a   0x00000002   PAD
    0x08031c8c   0x00000150   Code   RO         2154    x$fpl$dadd          fz_wm.l(daddsub_clz.o)
    0x08031ddc   0x00000010   Code   RO         2442    x$fpl$dcheck1       fz_wm.l(dcheck1.o)
    0x08031dec   0x00000018   Code   RO         2349    x$fpl$dcmpinf       fz_wm.l(dcmpi.o)
    0x08031e04   0x000002b0   Code   RO         2161    x$fpl$ddiv          fz_wm.l(ddiv.o)
    0x080320b4   0x00000078   Code   RO         2164    x$fpl$deqf          fz_wm.l(deqf.o)
    0x0803212c   0x0000005e   Code   RO         2166    x$fpl$dfix          fz_wm.l(dfix.o)
    0x0803218a   0x00000002   PAD
    0x0803218c   0x0000005a   Code   RO         2170    x$fpl$dfixu         fz_wm.l(dfixu.o)
    0x080321e6   0x0000002e   Code   RO         2175    x$fpl$dflt          fz_wm.l(dflt_clz.o)
    0x08032214   0x00000026   Code   RO         2174    x$fpl$dfltu         fz_wm.l(dflt_clz.o)
    0x0803223a   0x00000002   PAD
    0x0803223c   0x00000078   Code   RO         2180    x$fpl$dleqf         fz_wm.l(dleqf.o)
    0x080322b4   0x00000154   Code   RO         2182    x$fpl$dmul          fz_wm.l(dmul.o)
    0x08032408   0x0000009c   Code   RO         2351    x$fpl$dnaninf       fz_wm.l(dnaninf.o)
    0x080324a4   0x0000000c   Code   RO         2353    x$fpl$dretinf       fz_wm.l(dretinf.o)
    0x080324b0   0x0000006c   Code   RO         2184    x$fpl$drleqf        fz_wm.l(drleqf.o)
    0x0803251c   0x00000016   Code   RO         2155    x$fpl$drsb          fz_wm.l(daddsub_clz.o)
    0x08032532   0x00000002   PAD
    0x08032534   0x00000198   Code   RO         2355    x$fpl$dsqrt         fz_wm.l(dsqrt_umaal.o)
    0x080326cc   0x000001d4   Code   RO         2156    x$fpl$dsub          fz_wm.l(daddsub_clz.o)
    0x080328a0   0x00000056   Code   RO         2186    x$fpl$f2d           fz_wm.l(f2d.o)
    0x080328f6   0x0000008c   Code   RO         2357    x$fpl$fnaninf       fz_wm.l(fnaninf.o)
    0x08032982   0x0000000a   Code   RO         2517    x$fpl$fpinit        fz_wm.l(fpinit.o)
    0x0803298c   0x0000000a   Code   RO         2359    x$fpl$fretinf       fz_wm.l(fretinf.o)
    0x08032996   0x00000064   Code   RO         2457    x$fpl$retnan        fz_wm.l(retnan.o)
    0x080329fa   0x0000005c   Code   RO         2361    x$fpl$scalbn        fz_wm.l(scalbn.o)
    0x08032a56   0x00000030   Code   RO         2506    x$fpl$trapveneer    fz_wm.l(trapv.o)
    0x08032a86   0x00000000   Code   RO         2363    x$fpl$usenofp       fz_wm.l(usenofp.o)
    0x08032a86   0x00000100   Data   RO          817    .constdata          os_core.o
    0x08032b86   0x00000002   PAD
    0x08032b88   0x00000018   Data   RO         1597    .constdata          ms5611.o
    0x08032ba0   0x00000020   Data   RO         1763    .constdata          pose_fushion.o
    0x08032bc0   0x0000000c   Data   RO         1821    .constdata          pose_kf.o
    0x08032bcc   0x0000000c   Data   RO         1858    .constdata          baro_kf.o
    0x08032bd8   0x00000050   Data   RO         2191    .constdata          m_wm.l(acos.o)
    0x08032c28   0x00000050   Data   RO         2205    .constdata          m_wm.l(asin.o)
    0x08032c78   0x00000098   Data   RO         2219    .constdata          m_wm.l(atan.o)
    0x08032d10   0x00000088   Data   RO         2287    .constdata          m_wm.l(pow.o)
    0x08032d98   0x00000030   Data   RO         2365    .constdata          m_wm.l(cos_i.o)
    0x08032dc8   0x00000008   Data   RO         2401    .constdata          m_wm.l(qnan.o)
    0x08032dd0   0x000000c8   Data   RO         2404    .constdata          m_wm.l(rred.o)
    0x08032e98   0x00000020   Data   RO         2408    .constdata          m_wm.l(rredf.o)
    0x08032eb8   0x00000028   Data   RO         2411    .constdata          m_wm.l(sin_i.o)
    0x08032ee0   0x00000060   Data   RO         2417    .constdata          m_wm.l(tan_i.o)
    0x08032f40   0x00000020   Data   RO         2585    Region$$Table       anon$$obj.o


    Execution Region RW_IRAM1 (Base: 0x20000000, Size: 0x0001f288, Max: 0x00020000, ABSOLUTE, COMPRESSED[0x000006d8])

    Base Addr    Size         Type   Attr      Idx    E Section Name        Object

    0x20000000   0x0000005f   Data   RW            5    .data               ucos_task.o
    0x2000005f   0x00000001   PAD
    0x20000060   0x0000000d   Data   RW          275    .data               main.o
    0x2000006d   0x00000001   Data   RW          366    .data               stm32f4xx_it.o
    0x2000006e   0x00000002   PAD
    0x20000070   0x00000014   Data   RW          418    .data               system_stm32f4xx.o
    0x20000084   0x00000004   Data   RW          451    .data               delay.o
    0x20000088   0x00000010   Data   RW          554    .data               stm32f4xx_rcc.o
    0x20000098   0x0000005c   Data   RW          818    .data               os_core.o
    0x200000f4   0x00000006   Data   RW         1021    .data               os_cpu_c.o
    0x200000fa   0x00000002   PAD
    0x200000fc   0x0000002e   Data   RW         1071    .data               flash.o
    0x2000012a   0x00000002   PAD
    0x2000012c   0x0000001f   Data   RW         1102    .data               led_fc.o
    0x2000014b   0x00000001   PAD
    0x2000014c   0x00000058   Data   RW         1130    .data               pwm_out.o
    0x200001a4   0x0000004c   Data   RW         1232    .data               bat.o
    0x200001f0   0x00000224   Data   RW         1259    .data               beep.o
    0x20000414   0x0000000a   Data   RW         1306    .data               nrf.o
    0x2000041e   0x00000002   Data   RW         1359    .data               flash_w25.o
    0x20000420   0x00000012   Data   RW         1387    .data               iic_vl53.o
    0x20000432   0x0000002e   Data   RW         1437    .data               usart_fc.o
    0x20000460   0x00000015   Data   RW         1465    .data               rc_mine.o
    0x20000475   0x00000003   PAD
    0x20000478   0x00000078   Data   RW         1501    .data               mems.o
    0x200004f0   0x00000005   Data   RW         1533    .data               icm20602.o
    0x200004f5   0x00000003   PAD
    0x200004f8   0x0000008c   Data   RW         1561    .data               imu.o
    0x20000584   0x00000010   Data   RW         1598    .data               ms5611.o
    0x20000594   0x00000062   Data   RW         1625    .data               vmc_demo.o
    0x200005f6   0x00000002   PAD
    0x200005f8   0x00000038   Data   RW         1657    .data               vmc_sdk.o
    0x20000630   0x0000000c   Data   RW         1712    .data               fliter.o
    0x2000063c   0x00000404   Data   RW         1736    .data               my_math.o
    0x20000a40   0x00000040   Data   RW         1764    .data               pose_fushion.o
    0x20000a80   0x000000b5   Data   RW         1791    .data               baro_fushion.o
    0x20000b35   0x00000003   PAD
    0x20000b38   0x00000010   Data   RW         1859    .data               baro_kf.o
    0x20000b48   0x00000024   Data   RW         1874    .data               rt_nonfinite.o
    0x20000b6c   0x0000005c   Data   RW         1926    .data               sbus_oldx.lib(sbus.o)
    0x20000bc8   0x0000015a   Data   RW         2040    .data               F407_FC.lib(vmc.o)
    0x20000d22   0x00000002   PAD
    0x20000d24   0x00017248   Zero   RW            4    .bss                ucos_task.o
    0x20017f6c   0x00000500   Zero   RW          274    .bss                main.o
    0x2001846c   0x00001288   Zero   RW          816    .bss                os_core.o
    0x200196f4   0x0000000c   Zero   RW         1101    .bss                led_fc.o
    0x20019700   0x000000b4   Zero   RW         1160    .bss                time.o
    0x200197b4   0x000000a6   Zero   RW         1231    .bss                bat.o
    0x2001985a   0x00000040   Zero   RW         1305    .bss                nrf.o
    0x2001989a   0x00001000   Zero   RW         1358    .bss                flash_w25.o
    0x2001a89a   0x000000ac   Zero   RW         1386    .bss                iic_vl53.o
    0x2001a946   0x00000002   PAD
    0x2001a948   0x00000846   Zero   RW         1436    .bss                usart_fc.o
    0x2001b18e   0x00000002   PAD
    0x2001b190   0x000001b4   Zero   RW         1464    .bss                rc_mine.o
    0x2001b344   0x0000031c   Zero   RW         1500    .bss                mems.o
    0x2001b660   0x0000016c   Zero   RW         1532    .bss                icm20602.o
    0x2001b7cc   0x00000060   Zero   RW         1560    .bss                imu.o
    0x2001b82c   0x00000050   Zero   RW         1596    .bss                ms5611.o
    0x2001b87c   0x000001e4   Zero   RW         1624    .bss                vmc_demo.o
    0x2001ba60   0x00000040   Zero   RW         1656    .bss                vmc_sdk.o
    0x2001baa0   0x000009f6   Zero   RW         1711    .bss                fliter.o
    0x2001c496   0x00000002   PAD
    0x2001c498   0x000006e0   Zero   RW         1735    .bss                my_math.o
    0x2001cb78   0x000001e0   Zero   RW         1762    .bss                pose_fushion.o
    0x2001cd58   0x00000020   Zero   RW         1790    .bss                baro_fushion.o
    0x2001cd78   0x000003c0   Zero   RW         1857    .bss                baro_kf.o
    0x2001d138   0x000000a8   Zero   RW         2016    .bss                cycle_cal_oldx.lib(cycle_cal_oldx.o)
    0x2001d1e0   0x00001a48   Zero   RW         2039    .bss                F407_FC.lib(vmc.o)
    0x2001ec28   0x00000060   Zero   RW         2445    .bss                c_w.l(libspace.o)
    0x2001ec88   0x00000200   Zero   RW          442    HEAP                startup_stm32f40_41xxx.o
    0x2001ee88   0x00000400   Zero   RW          441    STACK               startup_stm32f40_41xxx.o


==============================================================================

Image component sizes


      Code (inc. data)   RO Data    RW Data    ZI Data      Debug   Object Name

       416         46          0        181         32       2880   baro_fushion.o
      2820         88         12         16        960       3331   baro_kf.o
      2820        226          0         76        166       4197   bat.o
      1412        154          0        548          0       5256   beep.o
       264         18          0          4          0       1375   delay.o
      3132        152          0         46          0       4034   flash.o
       880         14          0          2       4096       4301   flash_w25.o
      1454         48          0         12       2550       3855   fliter.o
       880         16          0          5        364       5471   icm20602.o
      7668        254          0         18        172      19340   iic_vl53.o
      8252        434          0        140         96       8430   imu.o
      2928        228          0         31         12       3990   led_fc.o
       596         98          0         13       1280       2189   main.o
      4996        280          0        120        796       7168   mems.o
       224         20          0          0          0       1777   misc.o
      1488        100         24         16         80       5759   ms5611.o
      6090        240          0       1028       1760      11495   my_math.o
       648         18          0         10         64       3600   nrf.o
      2196        218        256         92       4744      15939   os_core.o
       200         32          0          0          0        308   os_cpu_a.o
       488          8          0          6          0      11723   os_cpu_c.o
      2060         42          0          0          0       7184   os_flag.o
       972         16          0          0          0       4286   os_mbox.o
      1512         30          0          0          0       5745   os_q.o
       908         18          0          0          0       4018   os_sem.o
      1988         70          0          0          0       7861   os_task.o
       432         30          0          0          0       1858   os_time.o
      1588         94          0          0          0       5705   os_tmr.o
      1232         68         32         64        480       2400   pose_fushion.o
      4960         52         12          0          0       3674   pose_kf.o
      1856         84          0         88          0       3657   pwm_out.o
      3328        128          0         21        436       7333   rc_mine.o
       108          0          0          0          0        989   rng.o
       256         26          0         36          0       2464   rt_nonfinite.o
       308         22          0          0          0       1914   rtgetinf.o
       200         18          0          0          0       1289   rtgetnan.o
       648         24          0          0          0       1790   spi.o
        64         26        392          0       1536        816   startup_stm32f40_41xxx.o
      1124         24          0          0          0      10646   stm32f4xx_adc.o
       936         32          0          0          0       6357   stm32f4xx_dma.o
      1684         28          0          0          0       9382   stm32f4xx_flash.o
       660         44          0          0          0       4121   stm32f4xx_gpio.o
        32          4          0          1          0     228775   stm32f4xx_it.o
        64          6          0          0          0       1325   stm32f4xx_iwdg.o
      1628         52          0         16          0      12972   stm32f4xx_rcc.o
       160          4          0          0          0       1788   stm32f4xx_rng.o
      1152         36          0          0          0       6869   stm32f4xx_spi.o
      3234         60          0          0          0      22976   stm32f4xx_tim.o
      1108         34          0          0          0       7844   stm32f4xx_usart.o
       528         46          0         20          0       1719   system_stm32f4xx.o
       380         22          0          0        180      29329   time.o
      7792        498          0         95      94792     341467   ucos_task.o
      5584        318          0         46       2118      12342   usart_fc.o
     25760       1398          0         98        484      24324   vmc_demo.o
      3876        186          0         56         64       6398   vmc_sdk.o
        44          0          0          0          0        682   watch_dog.o

    ----------------------------------------------------------------------
    128024       6232        762       2924     117268     918717   Object Totals
         0          0         32          0          0          0   (incl. Generated)
         6          0          2         19          6          0   (incl. Padding)

    ----------------------------------------------------------------------

      Code (inc. data)   RO Data    RW Data    ZI Data      Debug   Library Member Name

     59868       2666          0        346       6728     257168   vmc.o
        90          0          0          0          0          0   __dczerorl2.o
         8          0          0          0          0         68   __main.o
         0          0          0          0          0          0   __rtentry.o
        12          0          0          0          0          0   __rtentry2.o
         6          0          0          0          0          0   __rtentry4.o
        52          8          0          0          0          0   __scatter.o
        28          0          0          0          0          0   __scatter_zi.o
        22          0          0          0          0        100   _rserrno.o
        18          0          0          0          0         80   exit.o
         6          0          0          0          0        152   heapauxi.o
         0          0          0          0          0          0   indicate_semi.o
         2          0          0          0          0          0   libinit.o
         6          0          0          0          0          0   libinit2.o
         2          0          0          0          0          0   libshutdown.o
         2          0          0          0          0          0   libshutdown2.o
         8          4          0          0         96         68   libspace.o
         8          4          0          0          0         68   rt_errno_addr_intlibspace.o
        78          0          0          0          0         80   rt_memclr_w.o
       100          0          0          0          0         80   rt_memcpy_w.o
         2          0          0          0          0          0   rtexit.o
        10          0          0          0          0          0   rtexit2.o
        12          4          0          0          0         68   sys_exit.o
        74          0          0          0          0         80   sys_stackheap_outer.o
         2          0          0          0          0         68   use_no_semi.o
      2584         12          0          0        168       4813   cycle_cal_oldx.o
        24          0          0          0          0        164   basic.o
        98          4          0          0          0        140   d2f.o
       826         16          0          0          0        492   daddsub_clz.o
        16          4          0          0          0        116   dcheck1.o
        24          0          0          0          0        116   dcmpi.o
       688        140          0          0          0        256   ddiv.o
       120          4          0          0          0        140   deqf.o
        94          4          0          0          0        140   dfix.o
        90          4          0          0          0        140   dfixu.o
        84          0          0          0          0        232   dflt_clz.o
       120          4          0          0          0        140   dleqf.o
       340         12          0          0          0        152   dmul.o
       156          4          0          0          0        140   dnaninf.o
        12          0          0          0          0        116   dretinf.o
       108          0          0          0          0        128   drleqf.o
       408         56          0          0          0        168   dsqrt_umaal.o
        86          4          0          0          0        132   f2d.o
       140          4          0          0          0        132   fnaninf.o
        10          0          0          0          0        116   fpinit.o
        10          0          0          0          0        116   fretinf.o
       100          0          0          0          0        116   retnan.o
        92          0          0          0          0        116   scalbn.o
        48          0          0          0          0        116   trapv.o
         0          0          0          0          0          0   usenofp.o
       856        118         80          0          0        288   acos.o
       864         94         80          0          0        280   asin.o
       744        106        152          0          0        352   atan.o
       496         64          0          0          0        192   atan2.o
       592         90          0          0          0        184   atan2f.o
       200         20          0          0          0        164   cos.o
       368         46         48          0          0        200   cos_i.o
       336         56          0          0          0        136   cosf.o
       184         44          0          0          0        744   dunder.o
        44          0          0          0          0        248   fabs.o
        48          0          0          0          0        124   fpclassify.o
        38          0          0          0          0        116   fpclassifyf.o
        44         12          0          0          0        464   funder.o
       248          0          0          0          0        152   poly.o
      3152        296        136          0          0        352   pow.o
         0          0          8          0          0          0   qnan.o
      1080        142        200          0          0        188   rred.o
       340         24         32          0          0        160   rredf.o
       200         20          0          0          0        164   sin.o
       304         24         40          0          0        208   sin_i.o
       400         56          0          0          0        212   sinf.o
       232          0          0          0          0        296   sqrt.o
       128         20          0          0          0        144   tan.o
       848         84         96          0          0        196   tan_i.o
       608         26          0         92          0     217216   sbus.o

    ----------------------------------------------------------------------
     79078       4300        872        440       6992     489297   Library Totals
        30          0          0          2          0          0   (incl. Padding)

    ----------------------------------------------------------------------

      Code (inc. data)   RO Data    RW Data    ZI Data      Debug   Library Name

     59868       2666          0        346       6728     257168   F407_FC.lib
       548         20          0          0         96        912   c_w.l
      2584         12          0          0        168       4813   cycle_cal_oldx.lib
      3694        260          0          0          0       3624   fz_wm.l
     11746       1316        872          0          0       5564   m_wm.l
       608         26          0         92          0     217216   sbus_oldx.lib

    ----------------------------------------------------------------------
     79078       4300        872        440       6992     489297   Library Totals

    ----------------------------------------------------------------------

==============================================================================


      Code (inc. data)   RO Data    RW Data    ZI Data      Debug   

    207102      10532       1634       3364     124260    1388950   Grand Totals
    207102      10532       1634       1752     124260    1388950   ELF Image Totals (compressed)
    207102      10532       1634       1752          0          0   ROM Totals

==============================================================================

    Total RO  Size (Code + RO Data)               208736 ( 203.84kB)
    Total RW  Size (RW Data + ZI Data)            127624 ( 124.63kB)
    Total ROM Size (Code + RO Data + RW Data)     210488 ( 205.55kB)

==============================================================================

